Executing: /Applications/Atlassian/atlassian-plugin-sdk-6.2.14/apache-maven-3.2.1/bin/mvn integration-test -gs /Applications/Atlassian/atlassian-plugin-sdk-6.2.14/apache-maven-3.2.1/conf/settings.xml
[INFO] Scanning for projects...
[INFO] 
[INFO] Using the builder org.apache.maven.lifecycle.internal.builder.singlethreaded.SingleThreadedBuilder with a thread count of 1
[INFO]                                                                         
[INFO] ------------------------------------------------------------------------
[INFO] Building Mail to Blog Plugin 1.1
[INFO] ------------------------------------------------------------------------
[INFO] 
[INFO] --- maven-confluence-plugin:6.2.11:compress-resources (default-compress-resources) @ mail2blog ---
[WARNING] File encoding has not been set, using platform encoding UTF-8, i.e. build is platform dependent!
[INFO] Compiling javascript using YUI
[INFO] 0 Javascript file(s) were minified into target directory /Users/d0265672/src/Confluence-Mail-to-News-Plugin/target/classes
[INFO] 0 CSS file(s) were minified into target directory /Users/d0265672/src/Confluence-Mail-to-News-Plugin/target/classes
[INFO] Compressing XML files
[INFO] 0 XML file(s) were minified into target directory /Users/d0265672/src/Confluence-Mail-to-News-Plugin/target/classes
[INFO] 
[INFO] --- maven-resources-plugin:3.0.2:resources (default-resources) @ mail2blog ---
[WARNING] File encoding has not been set, using platform encoding UTF-8, i.e. build is platform dependent!
[WARNING] Using platform encoding (UTF-8 actually) to copy filtered resources, i.e. build is platform dependent!
[INFO] Copying 3 resources
[INFO] 
[INFO] --- maven-confluence-plugin:6.2.11:filter-plugin-descriptor (default-filter-plugin-descriptor) @ mail2blog ---
[INFO] Using 'UTF-8' encoding to copy filtered resources.
[INFO] Copying 1 resource
[INFO] 
[INFO] --- maven-compiler-plugin:3.6.1:compile (default-compile) @ mail2blog ---
[INFO] Nothing to compile - all classes are up to date
[INFO] 
[INFO] --- maven-confluence-plugin:6.2.11:generate-rest-docs (default-generate-rest-docs) @ mail2blog ---
[INFO] 
[INFO] --- maven-resources-plugin:3.0.2:testResources (default-testResources) @ mail2blog ---
[WARNING] Using platform encoding (UTF-8 actually) to copy filtered resources, i.e. build is platform dependent!
[INFO] Copying 4 resources
[INFO] 
[INFO] --- maven-confluence-plugin:6.2.11:filter-test-plugin-descriptor (default-filter-test-plugin-descriptor) @ mail2blog ---
[INFO] Using 'UTF-8' encoding to copy filtered resources.
[INFO] Copying 1 resource
[INFO] 
[INFO] --- maven-compiler-plugin:3.6.1:testCompile (default-testCompile) @ mail2blog ---
[INFO] Nothing to compile - all classes are up to date
[INFO] 
[INFO] --- maven-confluence-plugin:6.2.11:unit-test (default-unit-test) @ mail2blog ---
[INFO] Surefire report directory: /Users/d0265672/src/Confluence-Mail-to-News-Plugin/target/surefire-reports

-------------------------------------------------------
 T E S T S
-------------------------------------------------------
Running ut.de.dm.mail2blog.ConfigurationActionTest
Tests run: 5, Failures: 0, Errors: 0, Skipped: 0, Time elapsed: 1.374 sec
Running ut.de.dm.mail2blog.FileTypeBucketTest
Tests run: 4, Failures: 0, Errors: 0, Skipped: 0, Time elapsed: 0.095 sec
Running ut.de.dm.mail2blog.GlobalStateTest
Tests run: 1, Failures: 0, Errors: 0, Skipped: 0, Time elapsed: 0.392 sec
Running ut.de.dm.mail2blog.Mail2BlogJobRestTest
Tests run: 1, Failures: 0, Errors: 0, Skipped: 0, Time elapsed: 0.513 sec
Running ut.de.dm.mail2blog.Mail2BlogJobTest
Tests run: 4, Failures: 0, Errors: 0, Skipped: 0, Time elapsed: 0.669 sec
Running ut.de.dm.mail2blog.MailboxTest
POP3 Mock Store in use
POP3 Mock Store in use
IMAP Mock Store in use
IMAP Mock Store in use
POP3 Mock Store in use
POP3 Mock Store in use
Tests run: 4, Failures: 0, Errors: 0, Skipped: 0, Time elapsed: 0.276 sec
Running ut.de.dm.mail2blog.MailConfigurationManagerTest
Tests run: 2, Failures: 0, Errors: 0, Skipped: 0, Time elapsed: 0.646 sec
Running ut.de.dm.mail2blog.MessageParserTest
Tests run: 9, Failures: 0, Errors: 0, Skipped: 0, Time elapsed: 1.263 sec
Running ut.de.dm.mail2blog.MessageToBlogPostProcessorTest
Tests run: 7, Failures: 0, Errors: 0, Skipped: 0, Time elapsed: 1.607 sec
Running ut.de.dm.mail2blog.MessageTransactionTest
Tests run: 3, Failures: 0, Errors: 0, Skipped: 0, Time elapsed: 0.668 sec
Running ut.de.dm.mail2blog.SpaceKeyExtractionTest
Tests run: 3, Failures: 0, Errors: 0, Skipped: 0, Time elapsed: 0.576 sec

Results :

Tests run: 43, Failures: 0, Errors: 0, Skipped: 0

[INFO] 
[INFO] --- maven-confluence-plugin:6.2.11:copy-bundled-dependencies (default-copy-bundled-dependencies) @ mail2blog ---
[INFO] gson-2.2.2-atlassian-1.jar already exists in destination.
[INFO] jackson-annotations-2.8.0.jar already exists in destination.
[INFO] owasp-java-html-sanitizer-20160924.1.jar already exists in destination.
[INFO] jackson-core-2.8.7.jar already exists in destination.
[INFO] jackson-databind-2.8.7.jar already exists in destination.
[INFO] 
[INFO] --- maven-confluence-plugin:6.2.11:copy-test-bundled-dependencies (default-copy-test-bundled-dependencies) @ mail2blog ---
[INFO] atlassian-util-concurrent-4.0.1.jar already exists in destination.
[INFO] atlassian-secure-xml-3.2.4.jar already exists in destination.
[INFO] lucene-analyzers-common-4.4.0-atlassian-02.jar already exists in destination.
[INFO] jcip-annotations-1.0.jar already exists in destination.
[INFO] atlassian-plugins-osgi-testrunner-1.2.3.jar already exists in destination.
[INFO] fugue-deprecated-4.5.0.jar already exists in destination.
[INFO] jwebunit-core-1.4.1.jar already exists in destination.
[INFO] atlassian-extras-legacy-3.2.jar already exists in destination.
[INFO] byte-buddy-1.6.14.jar already exists in destination.
[INFO] dt-media-api-client-core-2.0.4.jar already exists in destination.
[INFO] lucene-upgrader-1.0-lucene36.jar already exists in destination.
[INFO] annotations-3.0.0.jar already exists in destination.
[INFO] commons-beanutils-1.9.3.jar already exists in destination.
[INFO] atlassian-gzipfilter-3.0.0.jar already exists in destination.
[INFO] icu4j-3.8.jar already exists in destination.
[INFO] atlassian-h2-server-integration-1.0.0.jar already exists in destination.
[INFO] func-test-2.1.1.jar already exists in destination.
[INFO] atlassian-plugins-webresource-spi-3.5.19-ac3d947.jar already exists in destination.
[INFO] powermock-api-mockito2-1.7.0.jar already exists in destination.
[INFO] dragonfly-api-1.1.jar already exists in destination.
[INFO] atlassian-bonnie-7.0.0.jar already exists in destination.
[INFO] crowd-persistence-file-2.10.3.jar already exists in destination.
[INFO] wstx-asl-3.2.9-atlassian-1.jar already exists in destination.
[INFO] sal-spring-3.1.0.jar already exists in destination.
[INFO] super-csv-2.1.0.jar already exists in destination.
[INFO] lucene-core-4.4.0-atlassian-02.jar already exists in destination.
[INFO] xml-apis-ext-1.3.04.jar already exists in destination.
[INFO] atlassian-plugins-osgi-events-4.4.7.jar already exists in destination.
[INFO] atlassian-util-concurrent-3.0.0.jar already exists in destination.
[INFO] xmlgraphics-commons-2.2.jar already exists in destination.
[INFO] oscore-2.2.7-atlassian-1.jar already exists in destination.
[INFO] lucene-sandbox-4.4.0-atlassian-02.jar already exists in destination.
[INFO] applinks-api-5.4.1.jar already exists in destination.
[INFO] jsr305-3.0.1.jar already exists in destination.
[INFO] jsoup-1.8.3.jar already exists in destination.
[INFO] confluence-bucket-6.6.0.jar already exists in destination.
[INFO] elasticsearch-2.0.1-atlassian-shaded-1.jar already exists in destination.
[INFO] fontbox-2.0.6.jar already exists in destination.
[INFO] crowd-password-encoders-2.10.3.jar already exists in destination.
[INFO] jwebunit-htmlunit-plugin-1.4.1.jar already exists in destination.
[INFO] embedded-crowd-core-2.10.3.jar already exists in destination.
[INFO] dom4j-1.6.1.jar already exists in destination.
[INFO] jaxb-impl-2.2.1.1.jar already exists in destination.
[INFO] mssql-jdbc-6.3.0.jre8-preview.jar already exists in destination.
[INFO] jstyleparser-1.16-atlassian-1.jar already exists in destination.
[INFO] spring-context-support-4.2.4.RELEASE.jar already exists in destination.
[INFO] mail-1.4.5.jar already exists in destination.
[INFO] commons-jrcs-diff-0.1.7.jar already exists in destination.
[INFO] nekohtml-0.9.5.jar already exists in destination.
[INFO] atlassian-spring-hibernate2-2.0.8.jar already exists in destination.
[INFO] atlassian-html-encoder-1.5.jar already exists in destination.
[INFO] commons-lang-2.6.jar already exists in destination.
[INFO] hibernate-jpa-2.1-api-1.0.0.Final.jar already exists in destination.
[INFO] commons-fileupload-1.3.2.jar already exists in destination.
[INFO] embedded-crowd-api-2.10.3.jar already exists in destination.
[INFO] atlassian-brave-spancollector-core-1.0.0.jar already exists in destination.
[INFO] beehive-api-0.2.1.jar already exists in destination.
[INFO] atlassian-trusted-apps-seraph-integration-4.1.0.jar already exists in destination.
[INFO] servlet-api-2.4.jar already exists in destination.
[INFO] spring-context-2.0.6.jar already exists in destination.
[INFO] commons-discovery-0.5.jar already exists in destination.
[INFO] metrics-sql-3.1.0-atlassian-4.jar already exists in destination.
[INFO] fugue-optics-4.5.0.jar already exists in destination.
[INFO] jsr311-api-1.1.1.jar already exists in destination.
[INFO] atlassian-plugins-osgi-4.4.7.jar already exists in destination.
[INFO] lucene-queries-4.4.0-atlassian-02.jar already exists in destination.
[INFO] brave-http-3.0.0.jar already exists in destination.
[INFO] joda-time-2.9.9.jar already exists in destination.
[INFO] jtds-1.3.1.jar already exists in destination.
[INFO] urlrewritefilter-4.0.4.jar already exists in destination.
[INFO] package-scanner-0.9.5.jar already exists in destination.
[INFO] powermock-core-1.7.0.jar already exists in destination.
[INFO] atlassian-extras-common-3.2.jar already exists in destination.
[INFO] h2-1.3.176.jar already exists in destination.
[INFO] hibernate-c3p0-5.2.8.Final.jar already exists in destination.
[INFO] atlassian-vcache-internal-core-1.9.4.jar already exists in destination.
[INFO] findbugs-annotations-3.0.1.jar already exists in destination.
[INFO] atlassian-plugins-spring-4.4.7.jar already exists in destination.
[INFO] fugue-retry-4.5.0.jar already exists in destination.
[INFO] atlassian-instrumentation-core-2.2.2.jar already exists in destination.
[INFO] spring-expression-4.2.4.RELEASE.jar already exists in destination.
[INFO] applinks-host-5.4.1.jar already exists in destination.
[INFO] soy-template-renderer-plugin-api-4.5.0.jar already exists in destination.
[INFO] atlassian-plugins-webresource-common-4.4.7.jar already exists in destination.
[INFO] log4j-1.2.17.jar already exists in destination.
[INFO] atlassian-spring-2.0.8.jar already exists in destination.
[INFO] commons-lang3-3.7.jar already exists in destination.
[INFO] spring-jdbc-2.0.6.jar already exists in destination.
[INFO] velocity-htmlsafe-1.5.1.jar already exists in destination.
[INFO] javamail-mock2-halfmock-0.5-beta4.jar already exists in destination.
[INFO] hibernate.adapter-0.101.jar already exists in destination.
[INFO] bcprov-jdk15on-1.54.jar already exists in destination.
[INFO] hibernate-2.1.8-atlassian-34.jar already exists in destination.
[INFO] atlassian-vcache-internal-api-1.9.4.jar already exists in destination.
[INFO] crowd-core-2.10.3.jar already exists in destination.
[INFO] spring-aop-4.2.4.RELEASE.jar already exists in destination.
[INFO] antlr-2.7.7.jar already exists in destination.
[INFO] crowd-query-language-2.10.3.jar already exists in destination.
[INFO] confluence-extractor-api-1.1.2.jar already exists in destination.
[INFO] lucene-highlighter-4.4.0-atlassian-02.jar already exists in destination.
[INFO] batik-css-1.9.jar already exists in destination.
[INFO] embedded-crowd-spi-2.10.3.jar already exists in destination.
[INFO] atlassian-cache-common-impl-2.11.4-21c8259.jar already exists in destination.
[INFO] crowd-core-tiny-2.10.3.jar already exists in destination.
[INFO] jackson-mapper-asl-1.9.13-atlassian-1.jar already exists in destination.
[INFO] sal-api-3.1.0.jar already exists in destination.
[INFO] dt-media-api-client-api-2.0.4.jar already exists in destination.
[INFO] hsqldb-2.3.0.jar already exists in destination.
[INFO] snappy-java-1.1.1.7.jar already exists in destination.
[INFO] atlassian-plugins-core-4.4.7.jar already exists in destination.
[INFO] atlassian-plugins-api-4.4.7.jar already exists in destination.
[INFO] atlassian-localhost-1.1.0.jar already exists in destination.
[INFO] confluence-rest-api-6.6.0.jar already exists in destination.
[INFO] dt-filestore-client-api-1.3.0.jar already exists in destination.
[INFO] atlassian-vcache-internal-legacy-1.9.4.jar already exists in destination.
[INFO] atlassian-bandana-3.1.jar already exists in destination.
[INFO] atlassian-json-api-0.11.jar already exists in destination.
[INFO] brave-apache-http-interceptors-3.0.0.jar already exists in destination.
[INFO] xercesImpl-2.11.0-atlassian-01.jar already exists in destination.
[INFO] lucene-misc-4.4.0-atlassian-02.jar already exists in destination.
[INFO] commons-codec-1.11.jar already exists in destination.
[INFO] jtidy-r8-20060801.jar already exists in destination.
[INFO] powermock-module-junit4-common-1.7.0.jar already exists in destination.
[INFO] lombok-1.16.12.jar already exists in destination.
[INFO] ognl-2.6.5-atlassian-3.jar already exists in destination.
[INFO] confluence-rest-serialization-6.6.0.jar already exists in destination.
[INFO] atlassian-spring-interceptor-adapter-spi-1.1.jar already exists in destination.
[INFO] commons-io-1.4.jar already exists in destination.
[INFO] crowd-persistence-2.10.3.jar already exists in destination.
[INFO] atlassian-flushable-gzipoutputstream-1.1.jar already exists in destination.
[INFO] atlassian-marshalling-jdk-1.1.0.jar already exists in destination.
[INFO] slf4j-api-1.7.24.jar already exists in destination.
[INFO] atlassian-mail-2.5.19.jar already exists in destination.
[INFO] biz.aQute.bndlib-2.4.1.jar already exists in destination.
[INFO] commons-logging-1.0.4.jar already exists in destination.
[INFO] atlassian-marshalling-api-1.0.0.jar already exists in destination.
[INFO] powermock-reflect-1.7.0.jar already exists in destination.
[INFO] crowd-integration-client-common-2.10.3.jar already exists in destination.
[INFO] brave-core-3.0.0.jar already exists in destination.
[INFO] osuser-atl.user.jar already exists in destination.
[INFO] atlassian-secure-random-3.2.4.jar already exists in destination.
[INFO] sal-trust-api-3.1.0.jar already exists in destination.
[INFO] libthrift-0.9.0.jar already exists in destination.
[INFO] atlassian-plugins-schema-4.4.7.jar already exists in destination.
[INFO] httpcore-4.4.3.jar already exists in destination.
[INFO] activeobjects-spi-1.2.3.jar already exists in destination.
[INFO] propertyset-1.3-21Nov03.jar already exists in destination.
[INFO] atlassian-cache-api-2.11.4-21c8259.jar already exists in destination.
[INFO] soy-template-renderer-api-4.5.0.jar already exists in destination.
[INFO] atlassian-plugins-webfragment-api-4.0.1.jar already exists in destination.
[INFO] cluster-monitoring-spi-1.0.2.jar already exists in destination.
[INFO] commons-httpclient-3.1-atlassian-2.jar already exists in destination.
[INFO] jakarta-regexp-1.4.jar already exists in destination.
[INFO] atlassian-extras-api-3.2.jar already exists in destination.
[INFO] commons-collections-3.2.2.jar already exists in destination.
[INFO] atlassian-image-consumer-1.0.1.jar already exists in destination.
[INFO] atlassian-xwork-10-1.20.jar already exists in destination.
[INFO] runtime-20070801.jar already exists in destination.
[INFO] gson-2.2.2-atlassian-1.jar already exists in destination.
[INFO] atlassian-marshalling-protobuf-1.0.0.jar already exists in destination.
[INFO] javax.transaction-api-1.2.jar already exists in destination.
[INFO] concurrent-1.3.4.jar already exists in destination.
[INFO] spring-hibernate2-2.0.6.jar already exists in destination.
[INFO] odmg-3.0.jar already exists in destination.
[INFO] nekohtml-1.9.22.jar already exists in destination.
[INFO] atlassian-cache-memory-2.11.4-21c8259.jar already exists in destination.
[INFO] hibernate-core-5.2.8.Final.jar already exists in destination.
[INFO] crowd-integration-api-2.10.3.jar already exists in destination.
[INFO] brave-web-servlet-filter-3.0.0.jar already exists in destination.
[INFO] dt-filestore-httpclient-1.3.0.jar already exists in destination.
[INFO] hibernate-envers-5.2.2.Final.jar already exists in destination.
[INFO] javassist-3.20.0-GA.jar already exists in destination.
[INFO] aopalliance-1.0.jar already exists in destination.
[INFO] sanselan-0.97-incubator.jar already exists in destination.
[INFO] hibernate-commons-annotations-5.0.1.Final.jar already exists in destination.
[INFO] webwork-2.1.5-atlassian-3.jar already exists in destination.
[INFO] fugue-2.7.0.jar already exists in destination.
[INFO] xmpbox-2.0.6.jar already exists in destination.
[INFO] spring-beans-3.2.10.RELEASE.jar already exists in destination.
[INFO] bcpkix-jdk15on-1.54.jar already exists in destination.
[INFO] wsdl4j-1.6.1.jar already exists in destination.
[INFO] crowd-remote-2.10.3.jar already exists in destination.
[INFO] atlassian-seraph-3.0.3.jar already exists in destination.
[INFO] jackson-databind-2.8.7.jar already exists in destination.
[INFO] confluence-6.6.0.jar already exists in destination.
[INFO] upm-api-2.15.jar already exists in destination.
[INFO] dt-filestore-client-core-1.3.0.jar already exists in destination.
[INFO] mockito-core-2.8.47.jar already exists in destination.
[INFO] atlassian-core-4.6.17.jar already exists in destination.
[INFO] avatar-plugin-api-1.3.5.jar already exists in destination.
[INFO] daisydiff-1.1-atlassian-5.jar already exists in destination.
[INFO] botocss-core-6.3.jar already exists in destination.
[INFO] spring-ldap-core-2.2.1.RELEASE.jar already exists in destination.
[INFO] spring-core-4.3.4.RELEASE.jar already exists in destination.
[INFO] cglib-2.1_3.jar already exists in destination.
[INFO] crowd-api-2.10.3.jar already exists in destination.
[INFO] crowd-integration-seraph-2.10.3.jar already exists in destination.
[INFO] serializer-2.7.2.jar already exists in destination.
[INFO] wink-common-1.1.3-incubating.jar already exists in destination.
[INFO] atlassian-trusted-apps-core-4.1.0.jar already exists in destination.
[INFO] xalan-2.7.2.jar already exists in destination.
[INFO] spring-tx-4.3.4.RELEASE.jar already exists in destination.
[INFO] xmlrpc-2.0+xmlrpc61.1+sbfix.jar already exists in destination.
[INFO] atlassian-trackback-0.10.jar already exists in destination.
[INFO] spring-webmvc-4.2.4.RELEASE.jar already exists in destination.
[INFO] atlassian-plugins-webfragment-4.0.1.jar already exists in destination.
[INFO] batik-ext-1.9.jar already exists in destination.
[INFO] atlassian-marshalling-gson-3.0.1.jar already exists in destination.
[INFO] lucene-analyzers-kuromoji-4.4.0-atlassian-02.jar already exists in destination.
[INFO] atlassian-hsqdlb-server-integration-1.1.0.jar already exists in destination.
[INFO] mchange-commons-java-0.2.10.jar already exists in destination.
[INFO] regexp-1.3.jar already exists in destination.
[INFO] jai_codec-1.1.3.jar already exists in destination.
[INFO] dragonfly-spi-1.1.jar already exists in destination.
[INFO] jai_core-1.1.3.jar already exists in destination.
[INFO] oscache-2.2.jar already exists in destination.
[INFO] dt-media-api-httpclient-2.0.4.jar already exists in destination.
[INFO] jandex-2.0.3.Final.jar already exists in destination.
[INFO] asm-1.5.3.jar already exists in destination.
[INFO] batik-constants-1.9.jar already exists in destination.
[INFO] velocity-tools-view-1.1.jar already exists in destination.
[INFO] pdfbox-2.0.6.jar already exists in destination.
[INFO] commons-digester-1.5.jar already exists in destination.
[INFO] sal-spi-3.1.0.jar already exists in destination.
[INFO] xmlrpc-supplementary-character-support-0.2.jar already exists in destination.
[INFO] activation-1.1.jar already exists in destination.
[INFO] xstream-1.1.1.jar already exists in destination.
[INFO] powermock-module-junit4-1.7.0.jar already exists in destination.
[INFO] rome-1.0.jar already exists in destination.
[INFO] commons-collections4-4.1.jar already exists in destination.
[INFO] antlr-runtime-3.5.2.jar already exists in destination.
[INFO] atlassian-cookie-tools-3.2.3.jar already exists in destination.
[INFO] xpp3_min-1.1.3.4.O.jar already exists in destination.
[INFO] atlassian-ip-3.1.jar already exists in destination.
[INFO] objenesis-2.5.jar already exists in destination.
[INFO] applinks-spi-5.4.1.jar already exists in destination.
[INFO] atlassian-annotations-0.14.jar already exists in destination.
[INFO] confluence-java-api-6.6.0.jar already exists in destination.
[INFO] classmate-1.3.0.jar already exists in destination.
[INFO] jaxen-1.0-FCS.jar already exists in destination.
[INFO] xmlParserAPIs-2.6.2.jar already exists in destination.
[INFO] stax-api-1.0-2.jar already exists in destination.
[INFO] atlassian-password-encoder-3.2.4.jar already exists in destination.
[INFO] atlassian-user-3.0.jar already exists in destination.
[INFO] guava-18.0.jar already exists in destination.
[INFO] atlassian-extras-decoder-v2-3.2.jar already exists in destination.
[INFO] fugue-4.5.0.jar already exists in destination.
[INFO] atlassian-whitelist-api-plugin-3.0.2.jar already exists in destination.
[INFO] atlassian-scheduler-caesium-1.3.5.jar already exists in destination.
[INFO] jai-core-1.1.3.jar already exists in destination.
[INFO] modz-detector-0.14.jar already exists in destination.
[INFO] analytics-api-5.2.20.jar already exists in destination.
[INFO] oro-2.0.8.jar already exists in destination.
[INFO] atlassian-tenancy-api-2.0.0.jar already exists in destination.
[INFO] geronimo-annotation_1.1_spec-1.0.jar already exists in destination.
[INFO] jul-to-slf4j-1.7.25.jar already exists in destination.
[INFO] jboss-logging-3.3.0.Final.jar already exists in destination.
[INFO] crowd-integration-client-rest-2.10.3.jar already exists in destination.
[INFO] antisamy-1.5.3-atlassian-2.jar already exists in destination.
[INFO] atlassian-secure-utils-3.2.4.jar already exists in destination.
[INFO] radeox-1.0b2-forked-22Apr2004.jar already exists in destination.
[INFO] jboss-logging-annotations-2.0.0.Final.jar already exists in destination.
[INFO] jackson-annotations-2.8.0.jar already exists in destination.
[INFO] powermock-api-support-1.7.0.jar already exists in destination.
[INFO] atlassian-plugins-webresource-3.5.19-ac3d947.jar already exists in destination.
[INFO] owasp-java-html-sanitizer-20160924.1.jar already exists in destination.
[INFO] atlassian-plugins-servlet-4.4.7.jar already exists in destination.
[INFO] dragonfly-core-1.1.jar already exists in destination.
[INFO] hamcrest-library-1.3.jar already exists in destination.
[INFO] velocity-1.6.4-atlassian-9.jar already exists in destination.
[INFO] atlassian-json-jsonorg-0.11.jar already exists in destination.
[INFO] sitemesh-2.5-atlassian-6.jar already exists in destination.
[INFO] atlassian-plugin-point-safety-0.14.jar already exists in destination.
[INFO] atlassian-velocity-1.3.jar already exists in destination.
[INFO] atlassian-jdk-utilities-0.4.jar already exists in destination.
[INFO] lucene-queryparser-4.4.0-atlassian-02.jar already exists in destination.
[INFO] confluence-upgrade-6.6.0.jar already exists in destination.
[INFO] lucene-memory-4.4.0-atlassian-02.jar already exists in destination.
[INFO] spring-security-core-3.2.5.RELEASE.jar already exists in destination.
[INFO] quartz-1.8.6.jar already exists in destination.
[INFO] postgresql-42.1.1.jar already exists in destination.
[INFO] byte-buddy-agent-1.6.14.jar already exists in destination.
[INFO] jcl-over-slf4j-1.7.25.jar already exists in destination.
[INFO] atlassian-extras-core-3.2.jar already exists in destination.
[INFO] wink-client-1.1.3-incubating.jar already exists in destination.
[INFO] aspectjweaver-1.8.10.jar already exists in destination.
[INFO] jackson-core-2.8.7.jar already exists in destination.
[INFO] hamcrest-core-1.3.jar already exists in destination.
[INFO] spring-web-2.0.6.jar already exists in destination.
[INFO] atlassian-util-vcache-1.0.0.jar already exists in destination.
[INFO] atlassian-hibernate2-extras-4.1.1.jar already exists in destination.
[INFO] xwork-1.0.3.6.jar already exists in destination.
[INFO] slf4j-nop-1.7.24.jar already exists in destination.
[INFO] httpclient-4.5.1.jar already exists in destination.
[INFO] spring-dao-2.0.6.jar already exists in destination.
[INFO] bcmail-jdk15on-1.54.jar already exists in destination.
[INFO] commons-validator-1.5.1.jar already exists in destination.
[INFO] saxpath-1.0-FCS.jar already exists in destination.
[INFO] fugue-guava-4.5.0.jar already exists in destination.
[INFO] httpclient-cache-4.5.1.jar already exists in destination.
[INFO] atlassian-scheduler-core-1.7.0.jar already exists in destination.
[INFO] atlassian-event-3.1.5.jar already exists in destination.
[INFO] atlassian-scheduler-api-1.7.0.jar already exists in destination.
[INFO] crowd-ldap-2.10.3.jar already exists in destination.
[INFO] jaxb-api-2.2.jar already exists in destination.
[INFO] commons-pool-1.6.jar already exists in destination.
[INFO] jcaptcha-all-1.0-RC6.jar already exists in destination.
[INFO] js-1.6R5.jar already exists in destination.
[INFO] atlassian-embedded-crowd-atlassian-user-2.3.3.jar already exists in destination.
[INFO] atlassian-config-1.0.1.jar already exists in destination.
[INFO] atlassian-johnson-core-3.5.0.jar already exists in destination.
[INFO] batik-util-1.9.jar already exists in destination.
[INFO] atlassian-renderer-legacy-6.2.19.jar already exists in destination.
[INFO] htmlunit-1.11.jar already exists in destination.
[INFO] atlassian-vcache-api-1.9.4.jar already exists in destination.
[INFO] atlassian-extras-decoder-api-3.2.jar already exists in destination.
[INFO] spring-quartz1-0.0.1.jar already exists in destination.
[INFO] jose4j-0.4.2.jar already exists in destination.
[INFO] atlassian-plugins-webresource-api-3.5.19-ac3d947.jar already exists in destination.
[INFO] org.apache.felix.framework-4.2.1.jar already exists in destination.
[INFO] atlassian-http-1.1.7.jar already exists in destination.
[INFO] c3p0-0.9.5.1.jar already exists in destination.
[INFO] jackson-core-asl-1.9.13-atlassian-1.jar already exists in destination.
[INFO] crowd-events-2.10.3.jar already exists in destination.
[INFO] atlassian-xwork-core-1.20.jar already exists in destination.
[INFO] atlassian-profiling-2.0.jar already exists in destination.
[INFO] batik-i18n-1.9.jar already exists in destination.
[INFO] powermock-api-mockito-common-1.7.0.jar already exists in destination.
[INFO] sourcemap-1.7.5.jar already exists in destination.
[INFO] activeobjects-dbex-1.2.3.jar already exists in destination.
[INFO] jdom-1.1.3.jar already exists in destination.
[INFO] atlassian-threadlocal-1.4.jar already exists in destination.
[INFO] 
[INFO] --- maven-confluence-plugin:6.2.11:generate-manifest (default-generate-manifest) @ mail2blog ---
[INFO] 
[INFO] --- maven-confluence-plugin:6.2.11:generate-test-manifest (default-generate-test-manifest) @ mail2blog ---
[INFO] 
[INFO] --- maven-confluence-plugin:6.2.11:validate-manifest (default-validate-manifest) @ mail2blog ---
[INFO] No manifest found or validation skip flag specified, skipping validation
[INFO] 
[INFO] --- maven-confluence-plugin:6.2.11:jar (default-jar) @ mail2blog ---
[INFO] Building jar: /Users/d0265672/src/Confluence-Mail-to-News-Plugin/target/mail2blog-1.1.jar
[INFO] 
[INFO] --- maven-confluence-plugin:6.2.11:generate-obr-artifact (default-generate-obr-artifact) @ mail2blog ---
[INFO] Skipping OBR generation... no OSGi bundle manifest instructions found in pom.xml
[INFO] 
[INFO] --- maven-confluence-plugin:6.2.11:validate-test-manifest (default-validate-test-manifest) @ mail2blog ---
[INFO] No manifest found or validation skip flag specified, skipping validation
[INFO] 
[INFO] --- maven-confluence-plugin:6.2.11:test-jar (default-test-jar) @ mail2blog ---
[INFO] found Test: it.de.dm.mail2blog.IntegrationTestRest, adding to plugin.xml...
[INFO] Building jar: /Users/d0265672/src/Confluence-Mail-to-News-Plugin/target/mail2blog-1.1-tests.jar
[INFO] 
[INFO] --- maven-confluence-plugin:6.2.11:prepare-database (default-prepare-database) @ mail2blog ---
[WARNING] 
[WARNING] ^^^^^^^^^^^^^^^^^^^^^^^^^^^^^^^^^^^^^^^^^^^^^^^^^^^^^^^^^^^^^^^^^^^^^^
[WARNING] ^^^^^^^^^^^^^^^^^^^^^^^^^^^^^^^^^^^^^^^^^^^^^^^^^^^^^^^^^^^^^^^^^^^^^^
[WARNING] ^^^^^^^^^^^^^^^^^^^^^^^^^^^^^^^^^^^^^^^^^^^^^^^^^^^^^^^^^^^^^^^^^^^^^^
[WARNING] ^^^^^^^^^^^^^^^^^^^^^^^^^^^^^^^^^^^^^^^^^^^^^^^^^^^^^^^^^^^^^^^^^^^^^^
[WARNING] 
[WARNING] >>>  WARNING: atlas-cli and fastdev are DEPRECATED in favour of QuickReload  <<<
[WARNING] 
[WARNING] >>>  WARNING: Support for atlas-cli and fastdev will be completely removed in the next AMPS version.  <<<
[WARNING] 
[WARNING] ^^^^^^^^^^^^^^^^^^^^^^^^^^^^^^^^^^^^^^^^^^^^^^^^^^^^^^^^^^^^^^^^^^^^^^
[WARNING] ^^^^^^^^^^^^^^^^^^^^^^^^^^^^^^^^^^^^^^^^^^^^^^^^^^^^^^^^^^^^^^^^^^^^^^
[WARNING] ^^^^^^^^^^^^^^^^^^^^^^^^^^^^^^^^^^^^^^^^^^^^^^^^^^^^^^^^^^^^^^^^^^^^^^
[WARNING] ^^^^^^^^^^^^^^^^^^^^^^^^^^^^^^^^^^^^^^^^^^^^^^^^^^^^^^^^^^^^^^^^^^^^^^
[WARNING] 
[INFO] 
[INFO] --- maven-confluence-plugin:6.2.11:integration-test (default-integration-test) @ mail2blog ---
[WARNING] 
[WARNING] ^^^^^^^^^^^^^^^^^^^^^^^^^^^^^^^^^^^^^^^^^^^^^^^^^^^^^^^^^^^^^^^^^^^^^^
[WARNING] ^^^^^^^^^^^^^^^^^^^^^^^^^^^^^^^^^^^^^^^^^^^^^^^^^^^^^^^^^^^^^^^^^^^^^^
[WARNING] ^^^^^^^^^^^^^^^^^^^^^^^^^^^^^^^^^^^^^^^^^^^^^^^^^^^^^^^^^^^^^^^^^^^^^^
[WARNING] ^^^^^^^^^^^^^^^^^^^^^^^^^^^^^^^^^^^^^^^^^^^^^^^^^^^^^^^^^^^^^^^^^^^^^^
[WARNING] 
[WARNING] >>>  WARNING: atlas-cli and fastdev are DEPRECATED in favour of QuickReload  <<<
[WARNING] 
[WARNING] >>>  WARNING: Support for atlas-cli and fastdev will be completely removed in the next AMPS version.  <<<
[WARNING] 
[WARNING] ^^^^^^^^^^^^^^^^^^^^^^^^^^^^^^^^^^^^^^^^^^^^^^^^^^^^^^^^^^^^^^^^^^^^^^
[WARNING] ^^^^^^^^^^^^^^^^^^^^^^^^^^^^^^^^^^^^^^^^^^^^^^^^^^^^^^^^^^^^^^^^^^^^^^
[WARNING] ^^^^^^^^^^^^^^^^^^^^^^^^^^^^^^^^^^^^^^^^^^^^^^^^^^^^^^^^^^^^^^^^^^^^^^
[WARNING] ^^^^^^^^^^^^^^^^^^^^^^^^^^^^^^^^^^^^^^^^^^^^^^^^^^^^^^^^^^^^^^^^^^^^^^
[WARNING] 
[INFO] Configured Artifact: com.atlassian.confluence.plugins:confluence-plugin-test-resources:6.6.0:zip
[INFO] com.atlassian.confluence.plugins:confluence-plugin-test-resources:6.6.0:zip already exists in /Users/d0265672/src/Confluence-Mail-to-News-Plugin/target/confluence
[INFO] Configured Artifact: com.atlassian.confluence:confluence-webapp:6.6.0:war
[INFO] com.atlassian.confluence:confluence-webapp:6.6.0:war already exists in /Users/d0265672/src/Confluence-Mail-to-News-Plugin/target/confluence
[INFO] Configured Artifact: org.apache.felix:org.apache.felix.webconsole:1.2.8:jar
[INFO] Copying org.apache.felix.webconsole-1.2.8.jar to /Users/d0265672/src/Confluence-Mail-to-News-Plugin/target/confluence/webapp/WEB-INF/atlassian-bundled-plugins/org.apache.felix.webconsole-1.2.8.jar
[INFO] Configured Artifact: org.apache.felix:org.osgi.compendium:1.2.0:jar
[INFO] Copying org.osgi.compendium-1.2.0.jar to /Users/d0265672/src/Confluence-Mail-to-News-Plugin/target/confluence/webapp/WEB-INF/atlassian-bundled-plugins/org.osgi.compendium-1.2.0.jar
[INFO] Configured Artifact: com.atlassian.labs.httpservice:httpservice-bridge:0.6.2:jar
[INFO] Copying httpservice-bridge-0.6.2.jar to /Users/d0265672/src/Confluence-Mail-to-News-Plugin/target/confluence/webapp/WEB-INF/atlassian-bundled-plugins/httpservice-bridge-0.6.2.jar
[INFO] Configured Artifact: com.atlassian.labs:fastdev-plugin:2.6:jar
[INFO] Copying fastdev-plugin-2.6.jar to /Users/d0265672/src/Confluence-Mail-to-News-Plugin/target/confluence/webapp/WEB-INF/atlassian-bundled-plugins/fastdev-plugin-2.6.jar
[INFO] Configured Artifact: com.atlassian.devrel:developer-toolbox-plugin:2.0.17:jar
[INFO] Copying developer-toolbox-plugin-2.0.17.jar to /Users/d0265672/src/Confluence-Mail-to-News-Plugin/target/confluence/webapp/WEB-INF/atlassian-bundled-plugins/developer-toolbox-plugin-2.0.17.jar
[INFO] Configured Artifact: com.atlassian.labs:rest-api-browser:3.1.3:jar
[INFO] Copying rest-api-browser-3.1.3.jar to /Users/d0265672/src/Confluence-Mail-to-News-Plugin/target/confluence/webapp/WEB-INF/atlassian-bundled-plugins/rest-api-browser-3.1.3.jar
[INFO] Configured Artifact: com.atlassian.plugins:plugin-data-editor:1.2:jar
[INFO] Copying plugin-data-editor-1.2.jar to /Users/d0265672/src/Confluence-Mail-to-News-Plugin/target/confluence/webapp/WEB-INF/atlassian-bundled-plugins/plugin-data-editor-1.2.jar
[INFO] Configured Artifact: com.atlassian.labs.plugins:quickreload:1.24.1:jar
[INFO] Copying quickreload-1.24.1.jar to /Users/d0265672/src/Confluence-Mail-to-News-Plugin/target/confluence/webapp/WEB-INF/atlassian-bundled-plugins/quickreload-1.24.1.jar
[INFO] Configured Artifact: org.apache.servicemix.bundles:org.apache.servicemix.bundles.junit:4.10_1:jar
[INFO] Copying org.apache.servicemix.bundles.junit-4.10_1.jar to /Users/d0265672/src/Confluence-Mail-to-News-Plugin/target/confluence/webapp/WEB-INF/atlassian-bundled-plugins/org.apache.servicemix.bundles.junit-4.10_1.jar
[INFO] Configured Artifact: com.atlassian.plugins:atlassian-plugins-osgi-testrunner-bundle:1.2.3:jar
[INFO] Copying atlassian-plugins-osgi-testrunner-bundle-1.2.3.jar to /Users/d0265672/src/Confluence-Mail-to-News-Plugin/target/confluence/webapp/WEB-INF/atlassian-bundled-plugins/atlassian-plugins-osgi-testrunner-bundle-1.2.3.jar
[INFO] Reusing unpacked container 'tomcat8x' from /Users/d0265672/src/Confluence-Mail-to-News-Plugin/target/container/tomcat8x
[INFO] Starting confluence on the tomcat8x container on ports 1990 (http), 50330 (rmi) and 8009 (ajp)
[INFO] using codehaus cargo v1.4.7
[INFO] [2.ContainerStartMojo] Resolved container artifact org.codehaus.cargo:cargo-core-container-tomcat:jar:1.4.7 for container tomcat8x
[INFO] [talledLocalContainer] Tomcat 8.x starting...
[INFO] [stalledLocalDeployer] Deploying [/Users/d0265672/src/Confluence-Mail-to-News-Plugin/target/confluence/confluence.war] to [/Users/d0265672/src/Confluence-Mail-to-News-Plugin/target/container/tomcat8x/cargo-confluence-home/webapps]...
[INFO] [talledLocalContainer] Java HotSpot(TM) 64-Bit Server VM warning: ignoring option MaxPermSize=256m; support was removed in 8.0
[INFO] [talledLocalContainer] Java HotSpot(TM) 64-Bit Server VM warning: ignoring option PermSize=48m; support was removed in 8.0
[INFO] [talledLocalContainer] Dec 21, 2017 1:02:27 PM org.apache.catalina.startup.ClassLoaderFactory validateFile
[WARNING] [talledLocalContainer] WARNING: Problem with directory [/Users/d0265672/src/Confluence-Mail-to-News-Plugin/target/container/tomcat8x/cargo-confluence-home/common/classes], exists: [false], isDirectory: [false], canRead: [false]
[INFO] [talledLocalContainer] Dec 21, 2017 1:02:27 PM org.apache.catalina.startup.ClassLoaderFactory validateFile
[WARNING] [talledLocalContainer] WARNING: Problem with directory [/Users/d0265672/src/Confluence-Mail-to-News-Plugin/target/container/tomcat8x/cargo-confluence-home/common/lib], exists: [false], isDirectory: [false], canRead: [false]
[INFO] [talledLocalContainer] Dec 21, 2017 1:02:27 PM org.apache.catalina.startup.ClassLoaderFactory validateFile
[WARNING] [talledLocalContainer] WARNING: Problem with directory [/Users/d0265672/src/Confluence-Mail-to-News-Plugin/target/container/tomcat8x/cargo-confluence-home/shared/classes], exists: [false], isDirectory: [false], canRead: [false]
[INFO] [talledLocalContainer] Dec 21, 2017 1:02:27 PM org.apache.catalina.startup.ClassLoaderFactory validateFile
[WARNING] [talledLocalContainer] WARNING: Problem with directory [/Users/d0265672/src/Confluence-Mail-to-News-Plugin/target/container/tomcat8x/cargo-confluence-home/shared/lib], exists: [false], isDirectory: [false], canRead: [false]
[INFO] [talledLocalContainer] Dec 21, 2017 1:02:28 PM org.apache.catalina.startup.SetAllPropertiesRule begin
[WARNING] [talledLocalContainer] WARNING: [SetAllPropertiesRule]{Server/Service/Connector} Setting property 'emptySessionPath' to 'true' did not find a matching property.
[INFO] [talledLocalContainer] Dec 21, 2017 1:02:28 PM org.apache.tomcat.util.digester.SetPropertiesRule begin
[WARNING] [talledLocalContainer] WARNING: [SetPropertiesRule]{Server/Service/Engine/Host/Valve} Setting property 'resolveHosts' to 'false' did not find a matching property.
[INFO] [talledLocalContainer] Dec 21, 2017 1:02:28 PM org.apache.catalina.startup.VersionLoggerListener log
[INFO] [talledLocalContainer] INFO: Server version:        Apache Tomcat/8.0.36
[INFO] [talledLocalContainer] Dec 21, 2017 1:02:28 PM org.apache.catalina.startup.VersionLoggerListener log
[INFO] [talledLocalContainer] INFO: Server built:          Jun 9 2016 13:55:50 UTC
[INFO] [talledLocalContainer] Dec 21, 2017 1:02:28 PM org.apache.catalina.startup.VersionLoggerListener log
[INFO] [talledLocalContainer] INFO: Server number:         8.0.36.0
[INFO] [talledLocalContainer] Dec 21, 2017 1:02:28 PM org.apache.catalina.startup.VersionLoggerListener log
[INFO] [talledLocalContainer] INFO: OS Name:               Mac OS X
[INFO] [talledLocalContainer] Dec 21, 2017 1:02:28 PM org.apache.catalina.startup.VersionLoggerListener log
[INFO] [talledLocalContainer] INFO: OS Version:            10.12.6
[INFO] [talledLocalContainer] Dec 21, 2017 1:02:28 PM org.apache.catalina.startup.VersionLoggerListener log
[INFO] [talledLocalContainer] INFO: Architecture:          x86_64
[INFO] [talledLocalContainer] Dec 21, 2017 1:02:28 PM org.apache.catalina.startup.VersionLoggerListener log
[INFO] [talledLocalContainer] INFO: Java Home:             /Library/Java/JavaVirtualMachines/jdk1.8.0_112.jdk/Contents/Home/jre
[INFO] [talledLocalContainer] Dec 21, 2017 1:02:28 PM org.apache.catalina.startup.VersionLoggerListener log
[INFO] [talledLocalContainer] INFO: JVM Version:           1.8.0_112-b16
[INFO] [talledLocalContainer] Dec 21, 2017 1:02:28 PM org.apache.catalina.startup.VersionLoggerListener log
[INFO] [talledLocalContainer] INFO: JVM Vendor:            Oracle Corporation
[INFO] [talledLocalContainer] Dec 21, 2017 1:02:28 PM org.apache.catalina.startup.VersionLoggerListener log
[INFO] [talledLocalContainer] INFO: CATALINA_BASE:         /Users/d0265672/src/Confluence-Mail-to-News-Plugin/target/container/tomcat8x/cargo-confluence-home
[INFO] [talledLocalContainer] Dec 21, 2017 1:02:28 PM org.apache.catalina.startup.VersionLoggerListener log
[INFO] [talledLocalContainer] INFO: CATALINA_HOME:         /Users/d0265672/src/Confluence-Mail-to-News-Plugin/target/container/tomcat8x/apache-tomcat-8.0.36
[INFO] [talledLocalContainer] Dec 21, 2017 1:02:28 PM org.apache.catalina.startup.VersionLoggerListener log
[INFO] [talledLocalContainer] INFO: Command line argument: -Xmx512m
[INFO] [talledLocalContainer] Dec 21, 2017 1:02:28 PM org.apache.catalina.startup.VersionLoggerListener log
[INFO] [talledLocalContainer] INFO: Command line argument: -XX:MaxPermSize=256m
[INFO] [talledLocalContainer] Dec 21, 2017 1:02:28 PM org.apache.catalina.startup.VersionLoggerListener log
[INFO] [talledLocalContainer] INFO: Command line argument: -Xms128m
[INFO] [talledLocalContainer] Dec 21, 2017 1:02:28 PM org.apache.catalina.startup.VersionLoggerListener log
[INFO] [talledLocalContainer] INFO: Command line argument: -XX:PermSize=48m
[INFO] [talledLocalContainer] Dec 21, 2017 1:02:28 PM org.apache.catalina.startup.VersionLoggerListener log
[INFO] [talledLocalContainer] INFO: Command line argument: -Dbaseurl=http://KAMPI00000104:1990/confluence
[INFO] [talledLocalContainer] Dec 21, 2017 1:02:28 PM org.apache.catalina.startup.VersionLoggerListener log
[INFO] [talledLocalContainer] INFO: Command line argument: -Dplugin.root.directories=/Users/d0265672/src/Confluence-Mail-to-News-Plugin
[INFO] [talledLocalContainer] Dec 21, 2017 1:02:28 PM org.apache.catalina.startup.VersionLoggerListener log
[INFO] [talledLocalContainer] INFO: Command line argument: -Dcargo.servlet.uriencoding=UTF-8
[INFO] [talledLocalContainer] Dec 21, 2017 1:02:28 PM org.apache.catalina.startup.VersionLoggerListener log
[INFO] [talledLocalContainer] INFO: Command line argument: -Dconfluence.home=/Users/d0265672/src/Confluence-Mail-to-News-Plugin/target/confluence/home
[INFO] [talledLocalContainer] Dec 21, 2017 1:02:28 PM org.apache.catalina.startup.VersionLoggerListener log
[INFO] [talledLocalContainer] INFO: Command line argument: -Dplugin.resource.directories=/Users/d0265672/src/Confluence-Mail-to-News-Plugin/src/main/resources,/Users/d0265672/src/Confluence-Mail-to-News-Plugin/src/test/resources
[INFO] [talledLocalContainer] Dec 21, 2017 1:02:28 PM org.apache.catalina.startup.VersionLoggerListener log
[INFO] [talledLocalContainer] INFO: Command line argument: -Datlassian.dev.mode=true
[INFO] [talledLocalContainer] Dec 21, 2017 1:02:28 PM org.apache.catalina.startup.VersionLoggerListener log
[INFO] [talledLocalContainer] INFO: Command line argument: -Djava.awt.headless=true
[INFO] [talledLocalContainer] Dec 21, 2017 1:02:28 PM org.apache.catalina.startup.VersionLoggerListener log
[INFO] [talledLocalContainer] INFO: Command line argument: -Datlassian.sdk.version=6.2.11
[INFO] [talledLocalContainer] Dec 21, 2017 1:02:28 PM org.apache.catalina.startup.VersionLoggerListener log
[INFO] [talledLocalContainer] INFO: Command line argument: -Dcatalina.home=/Users/d0265672/src/Confluence-Mail-to-News-Plugin/target/container/tomcat8x/apache-tomcat-8.0.36
[INFO] [talledLocalContainer] Dec 21, 2017 1:02:28 PM org.apache.catalina.startup.VersionLoggerListener log
[INFO] [talledLocalContainer] INFO: Command line argument: -Dcatalina.base=/Users/d0265672/src/Confluence-Mail-to-News-Plugin/target/container/tomcat8x/cargo-confluence-home
[INFO] [talledLocalContainer] Dec 21, 2017 1:02:28 PM org.apache.catalina.startup.VersionLoggerListener log
[INFO] [talledLocalContainer] INFO: Command line argument: -Djava.io.tmpdir=/Users/d0265672/src/Confluence-Mail-to-News-Plugin/target/container/tomcat8x/cargo-confluence-home/temp
[INFO] [talledLocalContainer] Dec 21, 2017 1:02:28 PM org.apache.catalina.startup.VersionLoggerListener log
[INFO] [talledLocalContainer] INFO: Command line argument: -Djava.util.logging.manager=org.apache.juli.ClassLoaderLogManager
[INFO] [talledLocalContainer] Dec 21, 2017 1:02:28 PM org.apache.catalina.startup.VersionLoggerListener log
[INFO] [talledLocalContainer] INFO: Command line argument: -Djava.util.logging.config.file=/Users/d0265672/src/Confluence-Mail-to-News-Plugin/target/container/tomcat8x/cargo-confluence-home/conf/logging.properties
[INFO] [talledLocalContainer] Dec 21, 2017 1:02:28 PM org.apache.catalina.core.AprLifecycleListener lifecycleEvent
[INFO] [talledLocalContainer] INFO: The APR based Apache Tomcat Native library which allows optimal performance in production environments was not found on the java.library.path: /Users/d0265672/Library/Java/Extensions:/Library/Java/Extensions:/Network/Library/Java/Extensions:/System/Library/Java/Extensions:/usr/lib/java:.
[INFO] [talledLocalContainer] Dec 21, 2017 1:02:28 PM org.apache.coyote.AbstractProtocol init
[INFO] [talledLocalContainer] INFO: Initializing ProtocolHandler ["http-nio-1990"]
[INFO] [talledLocalContainer] Dec 21, 2017 1:02:28 PM org.apache.tomcat.util.net.NioSelectorPool getSharedSelector
[INFO] [talledLocalContainer] INFO: Using a shared selector for servlet write/read
[INFO] [talledLocalContainer] Dec 21, 2017 1:02:28 PM org.apache.coyote.AbstractProtocol init
[INFO] [talledLocalContainer] INFO: Initializing ProtocolHandler ["ajp-nio-8009"]
[INFO] [talledLocalContainer] Dec 21, 2017 1:02:28 PM org.apache.tomcat.util.net.NioSelectorPool getSharedSelector
[INFO] [talledLocalContainer] INFO: Using a shared selector for servlet write/read
[INFO] [talledLocalContainer] Dec 21, 2017 1:02:28 PM org.apache.catalina.startup.Catalina load
[INFO] [talledLocalContainer] INFO: Initialization processed in 500 ms
[INFO] [talledLocalContainer] Dec 21, 2017 1:02:28 PM org.apache.catalina.core.StandardService startInternal
[INFO] [talledLocalContainer] INFO: Starting service Catalina
[INFO] [talledLocalContainer] Dec 21, 2017 1:02:28 PM org.apache.catalina.core.StandardEngine startInternal
[INFO] [talledLocalContainer] INFO: Starting Servlet Engine: Apache Tomcat/8.0.36
[INFO] [talledLocalContainer] Dec 21, 2017 1:02:28 PM org.apache.catalina.startup.HostConfig deployWAR
[INFO] [talledLocalContainer] INFO: Deploying web application archive /Users/d0265672/src/Confluence-Mail-to-News-Plugin/target/container/tomcat8x/cargo-confluence-home/webapps/cargocpc.war
[INFO] [talledLocalContainer] Dec 21, 2017 1:02:28 PM org.apache.catalina.startup.HostConfig deployWAR
[INFO] [talledLocalContainer] INFO: Deployment of web application archive /Users/d0265672/src/Confluence-Mail-to-News-Plugin/target/container/tomcat8x/cargo-confluence-home/webapps/cargocpc.war has finished in 221 ms
[INFO] [talledLocalContainer] Dec 21, 2017 1:02:28 PM org.apache.catalina.startup.HostConfig deployWAR
[INFO] [talledLocalContainer] INFO: Deploying web application archive /Users/d0265672/src/Confluence-Mail-to-News-Plugin/target/container/tomcat8x/cargo-confluence-home/webapps/confluence.war
[INFO] [talledLocalContainer] Dec 21, 2017 1:02:33 PM org.apache.jasper.servlet.TldScanner scanJars
[INFO] [talledLocalContainer] INFO: At least one JAR was scanned for TLDs yet contained no TLDs. Enable debug logging for this logger for a complete list of JARs that were scanned but no TLDs were found in them. Skipping unneeded JARs during scanning can improve startup time and JSP compilation time.
[WARNING] [talledLocalContainer] log4j:WARN No such property [bufferedIO] in com.atlassian.confluence.logging.ConfluenceHomeLogAppender.
[INFO] [talledLocalContainer] 2017-12-21 13:02:34,674 INFO [localhost-startStop-1] [com.atlassian.confluence.lifecycle] contextInitialized Starting Confluence 6.6.0 [build 7502 based on commit hash 177212298c6461c885dbbafed4e632d4bbbd984f] - synchrony version 2.1.0-release-confluence_6.5-1a01ab2d
[INFO] [talledLocalContainer] 2017-12-21 13:02:37,867 INFO [localhost-startStop-1] [atlassian.confluence.cluster.DefaultClusterConfigurationHelper] lambda$populateExistingClusterSetupConfig$1 Populating setup configuration if running with Cluster mode...
[INFO] [talledLocalContainer] 2017-12-21 13:02:38,148 INFO [localhost-startStop-1] [core.persistence.hibernate.ConfluenceHibernateConfig] getHibernateProperties STARTED H2 database server at URL jdbc:h2:tcp://localhost:9092//Users/d0265672/src/Confluence-Mail-to-News-Plugin/target/confluence/home/database/h2db;MVCC=TRUE
[INFO] [talledLocalContainer] 2017-12-21 13:02:38,176 INFO [localhost-startStop-1] [springframework.web.context.ContextLoader] initWebApplicationContext Root WebApplicationContext: initialization started
[INFO] [talledLocalContainer] 2017-12-21 13:02:41,635 INFO [localhost-startStop-1] [com.atlassian.confluence.lifecycle] <init> Loading EhCache cache manager
[INFO] [talledLocalContainer] 2017-12-21 13:02:41,903 INFO [localhost-startStop-1] [confluence.cache.ehcache.EhCacheConfigManager] reconfigureCaches Reconfiguring caches from settings overrides
[INFO] [talledLocalContainer] 2017-12-21 13:02:43,178 INFO [localhost-startStop-1] [persistence.dao.filesystem.DefaultAttachmentDataFileSystemFactory] getInstance Loading attachment data mode LOCAL_ONLY
[INFO] [talledLocalContainer] 2017-12-21 13:02:47,426 INFO [localhost-startStop-1] [atlassian.confluence.plugin.BundledPluginLoaderFactory] getObject Bundled plugins are loaded from 'file:/Users/d0265672/src/Confluence-Mail-to-News-Plugin/target/container/tomcat8x/cargo-confluence-home/webapps/confluence/WEB-INF/atlassian-bundled-plugins/'
[INFO] [talledLocalContainer] 2017-12-21 13:02:56,889 INFO [localhost-startStop-1] [springframework.web.context.ContextLoader] initWebApplicationContext Root WebApplicationContext: initialization completed in 18713 ms
[INFO] [talledLocalContainer] 2017-12-21 13:02:57,423 INFO [localhost-startStop-1] [atlassian.confluence.plugin.PluginFrameworkContextListener] contextInitialized Initialising plugin system
[INFO] [talledLocalContainer] 2017-12-21 13:02:57,424 INFO [localhost-startStop-1] [atlassian.plugin.manager.DefaultPluginManager] earlyStartup Plugin system earlyStartup begun
[INFO] [talledLocalContainer] 2017-12-21 13:03:05,251 WARN [localhost-startStop-1] [confluence.schedule.quartz.DeprecateQuartz] warn <trigger> module com.atlassian.confluence.extra.officeconnector:cleanupTrigger: Quartz scheduler bean and related <job> and <trigger> plugin modules are deprecated. Use atlassian-scheduler schedulerService bean or <job-config> plugin module instead.
[INFO] [talledLocalContainer] 2017-12-21 13:03:06,847 WARN [localhost-startStop-1] [confluence.schedule.quartz.DeprecateQuartz] warn <job> module com.atlassian.confluence.plugins.confluence-daily-summary-email:summaryEmail: Quartz scheduler bean and related <job> and <trigger> plugin modules are deprecated. Use atlassian-scheduler schedulerService bean or <job-config> plugin module instead.
[INFO] [talledLocalContainer] 2017-12-21 13:03:06,848 WARN [localhost-startStop-1] [confluence.schedule.quartz.DeprecateQuartz] warn <trigger> module com.atlassian.confluence.plugins.confluence-daily-summary-email:summaryEmailHourlyTrigger: Quartz scheduler bean and related <job> and <trigger> plugin modules are deprecated. Use atlassian-scheduler schedulerService bean or <job-config> plugin module instead.
[INFO] [talledLocalContainer] 2017-12-21 13:03:07,130 WARN [localhost-startStop-1] [confluence.schedule.quartz.DeprecateQuartz] warn <job> module com.atlassian.confluence.plugins.confluence-jira-metadata:jira-metadata-cache-config: Quartz scheduler bean and related <job> and <trigger> plugin modules are deprecated. Use atlassian-scheduler schedulerService bean or <job-config> plugin module instead.
[INFO] [talledLocalContainer] 2017-12-21 13:03:07,130 WARN [localhost-startStop-1] [confluence.schedule.quartz.DeprecateQuartz] warn <trigger> module com.atlassian.confluence.plugins.confluence-jira-metadata:jira-metadata-cache-config-trigger: Quartz scheduler bean and related <job> and <trigger> plugin modules are deprecated. Use atlassian-scheduler schedulerService bean or <job-config> plugin module instead.
[INFO] [talledLocalContainer] 2017-12-21 13:03:07,324 WARN [localhost-startStop-1] [confluence.schedule.quartz.DeprecateQuartz] warn <trigger> module com.atlassian.confluence.plugins.confluence-mail-archiving:mailArchivePollJobTrigger: Quartz scheduler bean and related <job> and <trigger> plugin modules are deprecated. Use atlassian-scheduler schedulerService bean or <job-config> plugin module instead.
[INFO] [talledLocalContainer] 2017-12-21 13:03:07,422 WARN [localhost-startStop-1] [confluence.schedule.quartz.DeprecateQuartz] warn <job> module com.atlassian.confluence.plugins.confluence-onboarding:onboardingSpaceCheckJob: Quartz scheduler bean and related <job> and <trigger> plugin modules are deprecated. Use atlassian-scheduler schedulerService bean or <job-config> plugin module instead.
[INFO] [talledLocalContainer] 2017-12-21 13:03:07,423 WARN [localhost-startStop-1] [confluence.schedule.quartz.DeprecateQuartz] warn <trigger> module com.atlassian.confluence.plugins.confluence-onboarding:onboardingSpaceCheckTrigger: Quartz scheduler bean and related <job> and <trigger> plugin modules are deprecated. Use atlassian-scheduler schedulerService bean or <job-config> plugin module instead.
[INFO] [talledLocalContainer] 2017-12-21 13:03:07,423 WARN [localhost-startStop-1] [confluence.schedule.quartz.DeprecateQuartz] warn <job> module com.atlassian.confluence.plugins.confluence-onboarding:onboardingNumberOfUsersCheckJob: Quartz scheduler bean and related <job> and <trigger> plugin modules are deprecated. Use atlassian-scheduler schedulerService bean or <job-config> plugin module instead.
[INFO] [talledLocalContainer] 2017-12-21 13:03:07,423 WARN [localhost-startStop-1] [confluence.schedule.quartz.DeprecateQuartz] warn <trigger> module com.atlassian.confluence.plugins.confluence-onboarding:onboardingNumberOfUsersCheckTrigger: Quartz scheduler bean and related <job> and <trigger> plugin modules are deprecated. Use atlassian-scheduler schedulerService bean or <job-config> plugin module instead.
[INFO] [talledLocalContainer] 2017-12-21 13:03:10,331 WARN [localhost-startStop-1] [confluence.schedule.quartz.DeprecateQuartz] warn <job> module com.atlassian.confluence.plugins.recently-viewed-plugin:purgeHistoryJob: Quartz scheduler bean and related <job> and <trigger> plugin modules are deprecated. Use atlassian-scheduler schedulerService bean or <job-config> plugin module instead.
[INFO] [talledLocalContainer] 2017-12-21 13:03:10,331 WARN [localhost-startStop-1] [confluence.schedule.quartz.DeprecateQuartz] warn <trigger> module com.atlassian.confluence.plugins.recently-viewed-plugin:purgeHistoryJobTrigger: Quartz scheduler bean and related <job> and <trigger> plugin modules are deprecated. Use atlassian-scheduler schedulerService bean or <job-config> plugin module instead.
[INFO] [talledLocalContainer] 2017-12-21 13:03:13,666 WARN [ThreadPoolAsyncTaskExecutor::Thread 7] [spring.scanner.util.ProductFilterUtil] detectProduct Couldn't detect product, will use ProductFilter.ALL
[INFO] [talledLocalContainer] 2017-12-21 13:03:13,808 WARN [ThreadPoolAsyncTaskExecutor::Thread 7] [spring.scanner.util.ProductFilterUtil] detectProduct Couldn't detect product, will use ProductFilter.ALL
[INFO] [talledLocalContainer] 2017-12-21 13:03:13,812 WARN [ThreadPoolAsyncTaskExecutor::Thread 6] [atlassian.confluence.plugins.analytics-jobs-plugin] logInDevMode Spring context started for bundle: com.atlassian.confluence.plugins.analytics-jobs-plugin id(36) v(6.6.0) reference:file:/Users/d0265672/src/Confluence-Mail-to-News-Plugin/target/container/tomcat8x/cargo-confluence-home/webapps/confluence/WEB-INF/atlassian-bundled-plugins/analytics-jobs-plugin-6.6.0.jar
[INFO] [talledLocalContainer] 2017-12-21 13:03:14,715 WARN [ThreadPoolAsyncTaskExecutor::Thread 12] [atlassian.confluence.plugins.confluence-page-banner] logInDevMode Spring context started for bundle: com.atlassian.confluence.plugins.confluence-page-banner id(82) v(2.2.5) reference:file:/Users/d0265672/src/Confluence-Mail-to-News-Plugin/target/container/tomcat8x/cargo-confluence-home/webapps/confluence/WEB-INF/atlassian-bundled-plugins/confluence-page-banner-2.2.5.jar
[INFO] [talledLocalContainer] 2017-12-21 13:03:14,746 WARN [ThreadPoolAsyncTaskExecutor::Thread 13] [atlassian.confluence.plugins.confluence-rest-navigation] logInDevMode Spring context started for bundle: com.atlassian.confluence.plugins.confluence-rest-navigation id(93) v(6.6.0) reference:file:/Users/d0265672/src/Confluence-Mail-to-News-Plugin/target/container/tomcat8x/cargo-confluence-home/webapps/confluence/WEB-INF/atlassian-bundled-plugins/confluence-rest-navigation-6.6.0.jar
[INFO] [talledLocalContainer] 2017-12-21 13:03:14,752 WARN [ThreadPoolAsyncTaskExecutor::Thread 10] [atlassian.confluence.plugins.confluence-periodic-analytics-events] logInDevMode Spring context started for bundle: com.atlassian.confluence.plugins.confluence-periodic-analytics-events id(87) v(1.0.2) reference:file:/Users/d0265672/src/Confluence-Mail-to-News-Plugin/target/container/tomcat8x/cargo-confluence-home/webapps/confluence/WEB-INF/atlassian-bundled-plugins/confluence-periodic-analytics-events-1.0.2.jar
[INFO] [talledLocalContainer] 2017-12-21 13:03:14,861 WARN [ThreadPoolAsyncTaskExecutor::Thread 3] [atlassian.confluence.plugins.confluence-request-access-plugin] logInDevMode Spring context started for bundle: com.atlassian.confluence.plugins.confluence-request-access-plugin id(91) v(3.2.3) reference:file:/Users/d0265672/src/Confluence-Mail-to-News-Plugin/target/container/tomcat8x/cargo-confluence-home/webapps/confluence/WEB-INF/atlassian-bundled-plugins/confluence-request-access-plugin-3.2.3.jar
[INFO] [talledLocalContainer] 2017-12-21 13:03:14,869 WARN [ThreadPoolAsyncTaskExecutor::Thread 7] [beans.factory.support.DefaultListableBeanFactory] registerBeanDefinition Overriding user-defined bean definition for bean 'contentEntityManager' with a framework-generated bean definition: replacing [Generic bean: class [com.atlassian.plugin.osgi.bridge.external.HostComponentFactoryBean]; scope=; abstract=false; lazyInit=true; autowireMode=0; dependencyCheck=0; autowireCandidate=true; primary=false; factoryBeanName=null; factoryMethodName=null; initMethodName=null; destroyMethodName=null; defined in URL [bundle://75.0:0/META-INF/spring/atlassian-plugins-host-components.xml]] with [Root bean: class [org.eclipse.gemini.blueprint.service.importer.support.OsgiServiceProxyFactoryBean]; scope=; abstract=false; lazyInit=false; autowireMode=3; dependencyCheck=0; autowireCandidate=true; primary=false; factoryBeanName=null; factoryMethodName=null; initMethodName=null; destroyMethodName=null]
[INFO] [talledLocalContainer] 2017-12-21 13:03:14,869 WARN [ThreadPoolAsyncTaskExecutor::Thread 7] [beans.factory.support.DefaultListableBeanFactory] registerBeanDefinition Overriding user-defined bean definition for bean 'likeManager' with a framework-generated bean definition: replacing [Generic bean: class [com.atlassian.plugin.osgi.bridge.external.HostComponentFactoryBean]; scope=; abstract=false; lazyInit=true; autowireMode=0; dependencyCheck=0; autowireCandidate=true; primary=false; factoryBeanName=null; factoryMethodName=null; initMethodName=null; destroyMethodName=null; defined in URL [bundle://75.0:0/META-INF/spring/atlassian-plugins-host-components.xml]] with [Root bean: class [org.eclipse.gemini.blueprint.service.importer.support.OsgiServiceProxyFactoryBean]; scope=; abstract=false; lazyInit=false; autowireMode=3; dependencyCheck=0; autowireCandidate=true; primary=false; factoryBeanName=null; factoryMethodName=null; initMethodName=null; destroyMethodName=null]
[INFO] [talledLocalContainer] 2017-12-21 13:03:14,870 WARN [ThreadPoolAsyncTaskExecutor::Thread 7] [beans.factory.support.DefaultListableBeanFactory] registerBeanDefinition Overriding user-defined bean definition for bean 'commentManager' with a framework-generated bean definition: replacing [Generic bean: class [com.atlassian.plugin.osgi.bridge.external.HostComponentFactoryBean]; scope=; abstract=false; lazyInit=true; autowireMode=0; dependencyCheck=0; autowireCandidate=true; primary=false; factoryBeanName=null; factoryMethodName=null; initMethodName=null; destroyMethodName=null; defined in URL [bundle://75.0:0/META-INF/spring/atlassian-plugins-host-components.xml]] with [Root bean: class [org.eclipse.gemini.blueprint.service.importer.support.OsgiServiceProxyFactoryBean]; scope=; abstract=false; lazyInit=false; autowireMode=3; dependencyCheck=0; autowireCandidate=true; primary=false; factoryBeanName=null; factoryMethodName=null; initMethodName=null; destroyMethodName=null]
[INFO] [talledLocalContainer] 2017-12-21 13:03:14,870 WARN [ThreadPoolAsyncTaskExecutor::Thread 7] [beans.factory.support.DefaultListableBeanFactory] registerBeanDefinition Overriding user-defined bean definition for bean 'permissionManager' with a framework-generated bean definition: replacing [Generic bean: class [com.atlassian.plugin.osgi.bridge.external.HostComponentFactoryBean]; scope=; abstract=false; lazyInit=true; autowireMode=0; dependencyCheck=0; autowireCandidate=true; primary=false; factoryBeanName=null; factoryMethodName=null; initMethodName=null; destroyMethodName=null; defined in URL [bundle://75.0:0/META-INF/spring/atlassian-plugins-host-components.xml]] with [Root bean: class [org.eclipse.gemini.blueprint.service.importer.support.OsgiServiceProxyFactoryBean]; scope=; abstract=false; lazyInit=false; autowireMode=3; dependencyCheck=0; autowireCandidate=true; primary=false; factoryBeanName=null; factoryMethodName=null; initMethodName=null; destroyMethodName=null]
[INFO] [talledLocalContainer] 2017-12-21 13:03:14,870 WARN [ThreadPoolAsyncTaskExecutor::Thread 7] [beans.factory.support.DefaultListableBeanFactory] registerBeanDefinition Overriding user-defined bean definition for bean 'spaceLogoManager' with a framework-generated bean definition: replacing [Generic bean: class [com.atlassian.plugin.osgi.bridge.external.HostComponentFactoryBean]; scope=; abstract=false; lazyInit=true; autowireMode=0; dependencyCheck=0; autowireCandidate=true; primary=false; factoryBeanName=null; factoryMethodName=null; initMethodName=null; destroyMethodName=null; defined in URL [bundle://75.0:0/META-INF/spring/atlassian-plugins-host-components.xml]] with [Root bean: class [org.eclipse.gemini.blueprint.service.importer.support.OsgiServiceProxyFactoryBean]; scope=; abstract=false; lazyInit=false; autowireMode=3; dependencyCheck=0; autowireCandidate=true; primary=false; factoryBeanName=null; factoryMethodName=null; initMethodName=null; destroyMethodName=null]
[INFO] [talledLocalContainer] 2017-12-21 13:03:14,872 WARN [ThreadPoolAsyncTaskExecutor::Thread 7] [beans.factory.support.DefaultListableBeanFactory] registerBeanDefinition Overriding user-defined bean definition for bean 'spaceManager' with a framework-generated bean definition: replacing [Generic bean: class [com.atlassian.plugin.osgi.bridge.external.HostComponentFactoryBean]; scope=; abstract=false; lazyInit=true; autowireMode=0; dependencyCheck=0; autowireCandidate=true; primary=false; factoryBeanName=null; factoryMethodName=null; initMethodName=null; destroyMethodName=null; defined in URL [bundle://75.0:0/META-INF/spring/atlassian-plugins-host-components.xml]] with [Root bean: class [org.eclipse.gemini.blueprint.service.importer.support.OsgiServiceProxyFactoryBean]; scope=; abstract=false; lazyInit=false; autowireMode=3; dependencyCheck=0; autowireCandidate=true; primary=false; factoryBeanName=null; factoryMethodName=null; initMethodName=null; destroyMethodName=null]
[INFO] [talledLocalContainer] 2017-12-21 13:03:14,872 WARN [ThreadPoolAsyncTaskExecutor::Thread 7] [beans.factory.support.DefaultListableBeanFactory] registerBeanDefinition Overriding user-defined bean definition for bean 'userAccessor' with a framework-generated bean definition: replacing [Generic bean: class [com.atlassian.plugin.osgi.bridge.external.HostComponentFactoryBean]; scope=; abstract=false; lazyInit=true; autowireMode=0; dependencyCheck=0; autowireCandidate=true; primary=false; factoryBeanName=null; factoryMethodName=null; initMethodName=null; destroyMethodName=null; defined in URL [bundle://75.0:0/META-INF/spring/atlassian-plugins-host-components.xml]] with [Root bean: class [org.eclipse.gemini.blueprint.service.importer.support.OsgiServiceProxyFactoryBean]; scope=; abstract=false; lazyInit=false; autowireMode=3; dependencyCheck=0; autowireCandidate=true; primary=false; factoryBeanName=null; factoryMethodName=null; initMethodName=null; destroyMethodName=null]
[INFO] [talledLocalContainer] 2017-12-21 13:03:15,529 WARN [ThreadPoolAsyncTaskExecutor::Thread 10] [spring.scanner.util.AnnotationIndexReader] readIndexFile Read annotation index file: META-INF/plugin-components/component-all
[INFO] [talledLocalContainer] 2017-12-21 13:03:15,530 WARN [ThreadPoolAsyncTaskExecutor::Thread 10] [spring.scanner.util.AnnotationIndexReader] readIndexFile Printing out found annotated beans: 
[INFO] [talledLocalContainer] 2017-12-21 13:03:15,530 WARN [ThreadPoolAsyncTaskExecutor::Thread 10] [spring.scanner.util.AnnotationIndexReader] readIndexFile []
[INFO] [talledLocalContainer] 2017-12-21 13:03:15,552 WARN [ThreadPoolAsyncTaskExecutor::Thread 2] [spring.scanner.extension.DevModeBeanInitialisationLoggerBeanPostProcessor] postProcessBeforeInstantiation BeforeInstantiation [beanName=routeServiceImpl, objectType=com.atlassian.prettyurls.internal.route.RouteServiceImpl, level=1]
[INFO] [talledLocalContainer] 2017-12-21 13:03:15,553 WARN [ThreadPoolAsyncTaskExecutor::Thread 2] [spring.scanner.extension.DevModeBeanInitialisationLoggerBeanPostProcessor] postProcessAfterInitialization AfterInitialisation [beanName=pluginAccessor, objectType=com.sun.proxy.$Proxy674, level=1]
[INFO] [talledLocalContainer] 2017-12-21 13:03:15,553 WARN [ThreadPoolAsyncTaskExecutor::Thread 2] [spring.scanner.extension.DevModeBeanInitialisationLoggerBeanPostProcessor] postProcessAfterInitialization AfterInitialisation [beanName=pluginEventManager, objectType=com.sun.proxy.$Proxy676, level=0]
[INFO] [talledLocalContainer] 2017-12-21 13:03:15,558 WARN [ThreadPoolAsyncTaskExecutor::Thread 2] [spring.scanner.extension.DevModeBeanInitialisationLoggerBeanPostProcessor] postProcessAfterInitialization AfterInitialisation [beanName=routeServiceImpl_osgiService, objectType=org.eclipse.gemini.blueprint.service.exporter.support.internal.support.ServiceRegistrationWrapper, level=-1]
[INFO] [talledLocalContainer] 2017-12-21 13:03:15,558 WARN [ThreadPoolAsyncTaskExecutor::Thread 2] [spring.scanner.extension.DevModeBeanInitialisationLoggerBeanPostProcessor] postProcessAfterInitialization AfterInitialisation [beanName=routeServiceImpl, objectType=com.atlassian.prettyurls.internal.route.RouteServiceImpl, level=-2]
[INFO] [talledLocalContainer] 2017-12-21 13:03:15,558 WARN [ThreadPoolAsyncTaskExecutor::Thread 2] [spring.scanner.extension.DevModeBeanInitialisationLoggerBeanPostProcessor] postProcessBeforeInstantiation BeforeInstantiation [beanName=urlRouterImpl, objectType=com.atlassian.prettyurls.internal.route.UrlRouterImpl, level=-2]
[INFO] [talledLocalContainer] 2017-12-21 13:03:15,564 WARN [ThreadPoolAsyncTaskExecutor::Thread 2] [spring.scanner.extension.DevModeBeanInitialisationLoggerBeanPostProcessor] postProcessAfterInitialization AfterInitialisation [beanName=urlRouterImpl, objectType=com.atlassian.prettyurls.internal.route.UrlRouterImpl, level=-2]
[INFO] [talledLocalContainer] 2017-12-21 13:03:15,564 WARN [ThreadPoolAsyncTaskExecutor::Thread 2] [spring.scanner.extension.DevModeBeanInitialisationLoggerBeanPostProcessor] postProcessBeforeInstantiation BeforeInstantiation [beanName=siteMeshModuleDescriptorFactory, objectType=com.atlassian.prettyurls.module.SiteMeshModuleDescriptorFactory, level=-2]
[INFO] [talledLocalContainer] 2017-12-21 13:03:15,564 WARN [ThreadPoolAsyncTaskExecutor::Thread 2] [spring.scanner.extension.DevModeBeanInitialisationLoggerBeanPostProcessor] postProcessBeforeInstantiation BeforeInstantiation [beanName=springHostContainer, objectType=com.atlassian.plugin.osgi.bridge.external.SpringHostContainer, level=-1]
[INFO] [talledLocalContainer] 2017-12-21 13:03:15,565 WARN [ThreadPoolAsyncTaskExecutor::Thread 2] [spring.scanner.extension.DevModeBeanInitialisationLoggerBeanPostProcessor] postProcessAfterInitialization AfterInitialisation [beanName=springHostContainer, objectType=com.atlassian.plugin.osgi.bridge.external.SpringHostContainer, level=-1]
[INFO] [talledLocalContainer] 2017-12-21 13:03:15,644 WARN [ThreadPoolAsyncTaskExecutor::Thread 2] [spring.scanner.extension.DevModeBeanInitialisationLoggerBeanPostProcessor] postProcessAfterInitialization AfterInitialisation [beanName=siteMeshModuleDescriptorFactory_osgiService, objectType=org.eclipse.gemini.blueprint.service.exporter.support.internal.support.ServiceRegistrationWrapper, level=-2]
[INFO] [talledLocalContainer] 2017-12-21 13:03:15,645 WARN [ThreadPoolAsyncTaskExecutor::Thread 2] [spring.scanner.extension.DevModeBeanInitialisationLoggerBeanPostProcessor] postProcessAfterInitialization AfterInitialisation [beanName=siteMeshModuleDescriptorFactory, objectType=com.atlassian.prettyurls.module.SiteMeshModuleDescriptorFactory, level=-3]
[INFO] [talledLocalContainer] 2017-12-21 13:03:15,645 WARN [ThreadPoolAsyncTaskExecutor::Thread 2] [spring.scanner.extension.DevModeBeanInitialisationLoggerBeanPostProcessor] postProcessBeforeInstantiation BeforeInstantiation [beanName=urlRouteModuleDescriptorFactory, objectType=com.atlassian.prettyurls.module.UrlRouteModuleDescriptorFactory, level=-3]
[INFO] [talledLocalContainer] 2017-12-21 13:03:15,650 WARN [ThreadPoolAsyncTaskExecutor::Thread 2] [spring.scanner.extension.DevModeBeanInitialisationLoggerBeanPostProcessor] postProcessBeforeInstantiation BeforeInstantiation [beanName=com.atlassian.prettyurls.module.UrlRouteModuleDescriptor, objectType=com.atlassian.prettyurls.module.UrlRouteModuleDescriptor, level=-2]
[INFO] [talledLocalContainer] 2017-12-21 13:03:15,651 WARN [ThreadPoolAsyncTaskExecutor::Thread 2] [spring.scanner.extension.DevModeBeanInitialisationLoggerBeanPostProcessor] postProcessAfterInitialization AfterInitialisation [beanName=moduleFactory, objectType=com.sun.proxy.$Proxy677, level=-2]
[INFO] [talledLocalContainer] 2017-12-21 13:03:15,655 WARN [ThreadPoolAsyncTaskExecutor::Thread 2] [spring.scanner.extension.DevModeBeanInitialisationLoggerBeanPostProcessor] postProcessAfterInitialization AfterInitialisation [beanName=com.atlassian.prettyurls.module.UrlRouteModuleDescriptor, objectType=com.atlassian.prettyurls.module.UrlRouteModuleDescriptor, level=-3]
[INFO] [talledLocalContainer] 2017-12-21 13:03:15,656 WARN [ThreadPoolAsyncTaskExecutor::Thread 2] [spring.scanner.extension.DevModeBeanInitialisationLoggerBeanPostProcessor] postProcessBeforeInstantiation BeforeInstantiation [beanName=com.atlassian.prettyurls.module.UrlRouteModuleDescriptor, objectType=com.atlassian.prettyurls.module.UrlRouteModuleDescriptor, level=-3]
[INFO] [talledLocalContainer] 2017-12-21 13:03:15,656 WARN [ThreadPoolAsyncTaskExecutor::Thread 2] [spring.scanner.extension.DevModeBeanInitialisationLoggerBeanPostProcessor] postProcessAfterInitialization AfterInitialisation [beanName=com.atlassian.prettyurls.module.UrlRouteModuleDescriptor, objectType=com.atlassian.prettyurls.module.UrlRouteModuleDescriptor, level=-3]
[INFO] [talledLocalContainer] 2017-12-21 13:03:15,659 WARN [ThreadPoolAsyncTaskExecutor::Thread 2] [spring.scanner.extension.DevModeBeanInitialisationLoggerBeanPostProcessor] postProcessAfterInitialization AfterInitialisation [beanName=urlRouteModuleDescriptorFactory_osgiService, objectType=org.eclipse.gemini.blueprint.service.exporter.support.internal.support.ServiceRegistrationWrapper, level=-4]
[INFO] [talledLocalContainer] 2017-12-21 13:03:15,660 WARN [ThreadPoolAsyncTaskExecutor::Thread 2] [spring.scanner.extension.DevModeBeanInitialisationLoggerBeanPostProcessor] postProcessAfterInitialization AfterInitialisation [beanName=urlRouteModuleDescriptorFactory, objectType=com.atlassian.prettyurls.module.UrlRouteModuleDescriptorFactory, level=-5]
[INFO] [talledLocalContainer] 2017-12-21 13:03:15,660 WARN [ThreadPoolAsyncTaskExecutor::Thread 2] [spring.scanner.extension.DevModeBeanInitialisationLoggerBeanPostProcessor] postProcessBeforeInstantiation BeforeInstantiation [beanName=org.springframework.context.event.internalEventListenerProcessor, objectType=org.springframework.context.event.EventListenerMethodProcessor, level=-5]
[INFO] [talledLocalContainer] 2017-12-21 13:03:15,660 WARN [ThreadPoolAsyncTaskExecutor::Thread 2] [spring.scanner.extension.DevModeBeanInitialisationLoggerBeanPostProcessor] postProcessAfterInitialization AfterInitialisation [beanName=org.springframework.context.event.internalEventListenerProcessor, objectType=org.springframework.context.event.EventListenerMethodProcessor, level=-5]
[INFO] [talledLocalContainer] 2017-12-21 13:03:15,660 WARN [ThreadPoolAsyncTaskExecutor::Thread 2] [spring.scanner.extension.DevModeBeanInitialisationLoggerBeanPostProcessor] postProcessBeforeInstantiation BeforeInstantiation [beanName=org.springframework.context.event.internalEventListenerFactory, objectType=org.springframework.context.event.DefaultEventListenerFactory, level=-5]
[INFO] [talledLocalContainer] 2017-12-21 13:03:15,660 WARN [ThreadPoolAsyncTaskExecutor::Thread 2] [spring.scanner.extension.DevModeBeanInitialisationLoggerBeanPostProcessor] postProcessAfterInitialization AfterInitialisation [beanName=org.springframework.context.event.internalEventListenerFactory, objectType=org.springframework.context.event.DefaultEventListenerFactory, level=-5]
[INFO] [talledLocalContainer] 2017-12-21 13:03:15,716 WARN [ThreadPoolAsyncTaskExecutor::Thread 8] [atlassian.confluence.rpc.confluence-json-rpc-plugin] logInDevMode Spring context started for bundle: com.atlassian.confluence.rpc.confluence-json-rpc-plugin id(135) v(2.0.0) reference:file:/Users/d0265672/src/Confluence-Mail-to-News-Plugin/target/container/tomcat8x/cargo-confluence-home/webapps/confluence/WEB-INF/atlassian-bundled-plugins/confluence-json-rpc-plugin-2.0.0.jar
[INFO] [talledLocalContainer] 2017-12-21 13:03:15,801 WARN [ThreadPoolAsyncTaskExecutor::Thread 10] [atlassian.confluence.plugins.confluence-license-banner] logInDevMode Spring context started for bundle: com.atlassian.confluence.plugins.confluence-license-banner id(66) v(2.0.2) reference:file:/Users/d0265672/src/Confluence-Mail-to-News-Plugin/target/container/tomcat8x/cargo-confluence-home/webapps/confluence/WEB-INF/atlassian-bundled-plugins/confluence-license-banner-2.0.2.jar
[INFO] [talledLocalContainer] 2017-12-21 13:03:15,908 WARN [ThreadPoolAsyncTaskExecutor::Thread 2] [confluence.plugins.confluence-collaborative-editor-plugin.spring] afterPropertiesSet 
[INFO] [talledLocalContainer] Spring context started for bundle : com.atlassian.confluence.plugins.confluence-collaborative-editor-plugin id(41) v(2.0.17) reference:file:/Users/d0265672/src/Confluence-Mail-to-News-Plugin/target/container/tomcat8x/cargo-confluence-home/webapps/confluence/WEB-INF/atlassian-bundled-plugins/confluence-collaborative-editor-plugin-2.0.17.jar
[INFO] [talledLocalContainer] 
[INFO] [talledLocalContainer] If you want to debug the Spring wiring of your code then set a DEBUG level log level as follows.  [ This is a dev.mode only message. ]
[INFO] [talledLocalContainer] 	log4j.logger.com.atlassian.confluence.plugins.confluence-collaborative-editor-plugin.spring  = DEBUG, console, filelog
[INFO] [talledLocalContainer] 
[INFO] [talledLocalContainer] 2017-12-21 13:03:15,914 WARN [ThreadPoolAsyncTaskExecutor::Thread 12] [atlassian.confluence.plugins.confluence-page-hierarchy-plugin] logInDevMode Spring context started for bundle: com.atlassian.confluence.plugins.confluence-page-hierarchy-plugin id(83) v(2.1.17) reference:file:/Users/d0265672/src/Confluence-Mail-to-News-Plugin/target/container/tomcat8x/cargo-confluence-home/webapps/confluence/WEB-INF/atlassian-bundled-plugins/confluence-page-hierarchy-plugin-2.1.17.jar
[INFO] [talledLocalContainer] 2017-12-21 13:03:16,206 WARN [ThreadPoolAsyncTaskExecutor::Thread 9] [atlassian.gadgets.publisher.spring] afterPropertiesSet 
[INFO] [talledLocalContainer] Spring context started for bundle : com.atlassian.gadgets.publisher id(145) v(4.2.22) reference:file:/Users/d0265672/src/Confluence-Mail-to-News-Plugin/target/container/tomcat8x/cargo-confluence-home/webapps/confluence/WEB-INF/atlassian-bundled-plugins/atlassian-gadgets-publisher-plugin-4.2.22.jar
[INFO] [talledLocalContainer] 
[INFO] [talledLocalContainer] If you want to debug the Spring wiring of your code then set a DEBUG level log level as follows.  [ This is a dev.mode only message. ]
[INFO] [talledLocalContainer] 	log4j.logger.com.atlassian.gadgets.publisher.spring  = DEBUG, console, filelog
[INFO] [talledLocalContainer] 
[INFO] [talledLocalContainer] 2017-12-21 13:03:16,217 WARN [ThreadPoolAsyncTaskExecutor::Thread 13] [image.effects.ImageEffectsPlugin.spring] afterPropertiesSet 
[INFO] [talledLocalContainer] Spring context started for bundle : com.atlassian.confluence.image.effects.ImageEffectsPlugin id(34) v(1.5.4) reference:file:/Users/d0265672/src/Confluence-Mail-to-News-Plugin/target/container/tomcat8x/cargo-confluence-home/webapps/confluence/WEB-INF/atlassian-bundled-plugins/ImageEffectsPlugin-1.5.4.jar
[INFO] [talledLocalContainer] 
[INFO] [talledLocalContainer] If you want to debug the Spring wiring of your code then set a DEBUG level log level as follows.  [ This is a dev.mode only message. ]
[INFO] [talledLocalContainer] 	log4j.logger.com.atlassian.confluence.image.effects.ImageEffectsPlugin.spring  = DEBUG, console, filelog
[INFO] [talledLocalContainer] 
[INFO] [talledLocalContainer] 2017-12-21 13:03:16,462 WARN [ThreadPoolAsyncTaskExecutor::Thread 7] [atlassian.confluence.plugins.confluence-basic-macros] logInDevMode Spring context started for bundle: com.atlassian.confluence.plugins.confluence-basic-macros id(219) v(3.0.2) reference:file:/Users/d0265672/src/Confluence-Mail-to-News-Plugin/target/container/tomcat8x/cargo-confluence-home/webapps/confluence/WEB-INF/atlassian-bundled-plugins/confluence-basic-macros-3.0.2.jar
[INFO] [talledLocalContainer] 2017-12-21 13:03:16,476 WARN [ThreadPoolAsyncTaskExecutor::Thread 18] [extra.chart.plugin.spring] afterPropertiesSet 
[INFO] [talledLocalContainer] Spring context started for bundle : com.atlassian.confluence.extra.chart.plugin id(209) v(2.1.3) reference:file:/Users/d0265672/src/Confluence-Mail-to-News-Plugin/target/container/tomcat8x/cargo-confluence-home/webapps/confluence/WEB-INF/atlassian-bundled-plugins/chart-plugin-2.1.3.jar
[INFO] [talledLocalContainer] 
[INFO] [talledLocalContainer] If you want to debug the Spring wiring of your code then set a DEBUG level log level as follows.  [ This is a dev.mode only message. ]
[INFO] [talledLocalContainer] 	log4j.logger.com.atlassian.confluence.extra.chart.plugin.spring  = DEBUG, console, filelog
[INFO] [talledLocalContainer] 
[INFO] [talledLocalContainer] 2017-12-21 13:03:16,497 WARN [ThreadPoolAsyncTaskExecutor::Thread 15] [com.atlassian.querylang.confluence-cql-plugin] logInDevMode Spring context started for bundle: com.atlassian.querylang.confluence-cql-plugin id(190) v(4.0.1) reference:file:/Users/d0265672/src/Confluence-Mail-to-News-Plugin/target/container/tomcat8x/cargo-confluence-home/webapps/confluence/WEB-INF/atlassian-bundled-plugins/confluence-cql-plugin-4.0.1.jar
[INFO] [talledLocalContainer] 2017-12-21 13:03:16,600 WARN [ThreadPoolAsyncTaskExecutor::Thread 12] [confluence.extra.webdav.plugin] logInDevMode Spring context started for bundle: com.atlassian.confluence.extra.webdav.plugin id(217) v(5.0.0) reference:file:/Users/d0265672/src/Confluence-Mail-to-News-Plugin/target/container/tomcat8x/cargo-confluence-home/webapps/confluence/WEB-INF/atlassian-bundled-plugins/webdav-plugin-5.0.0.jar
[INFO] [talledLocalContainer] 2017-12-21 13:03:16,809 WARN [ThreadPoolAsyncTaskExecutor::Thread 8] [atlassian.webhooks.atlassian-webhooks-plugin.spring] afterPropertiesSet 
[INFO] [talledLocalContainer] Spring context started for bundle : com.atlassian.webhooks.atlassian-webhooks-plugin id(203) v(3.2.0) reference:file:/Users/d0265672/src/Confluence-Mail-to-News-Plugin/target/container/tomcat8x/cargo-confluence-home/webapps/confluence/WEB-INF/atlassian-bundled-plugins/atlassian-webhooks-plugin-3.2.0.jar
[INFO] [talledLocalContainer] 
[INFO] [talledLocalContainer] If you want to debug the Spring wiring of your code then set a DEBUG level log level as follows.  [ This is a dev.mode only message. ]
[INFO] [talledLocalContainer] 	log4j.logger.com.atlassian.webhooks.atlassian-webhooks-plugin.spring  = DEBUG, console, filelog
[INFO] [talledLocalContainer] 
[INFO] [talledLocalContainer] 2017-12-21 13:03:17,036 WARN [ThreadPoolAsyncTaskExecutor::Thread 4] [atlassian.confluence.plugins.share-page] logInDevMode Spring context started for bundle: com.atlassian.confluence.plugins.share-page id(122) v(6.1.2) reference:file:/Users/d0265672/src/Confluence-Mail-to-News-Plugin/target/container/tomcat8x/cargo-confluence-home/webapps/confluence/WEB-INF/atlassian-bundled-plugins/share-page-6.1.2.jar
[INFO] [talledLocalContainer] 2017-12-21 13:03:17,051 WARN [ThreadPoolAsyncTaskExecutor::Thread 15] [com.atlassian.whisper.atlassian-whisper-plugin] logInDevMode Spring context started for bundle: com.atlassian.whisper.atlassian-whisper-plugin id(204) v(1.1.3) reference:file:/Users/d0265672/src/Confluence-Mail-to-News-Plugin/target/container/tomcat8x/cargo-confluence-home/webapps/confluence/WEB-INF/atlassian-bundled-plugins/atlassian-whisper-plugin-1.1.3.jar
[INFO] [talledLocalContainer] 2017-12-21 13:03:17,381 WARN [ThreadPoolAsyncTaskExecutor::Thread 5] [atlassian.confluence.plugins.confluence-rest-resources] logInDevMode Spring context started for bundle: com.atlassian.confluence.plugins.confluence-rest-resources id(94) v(6.6.0) reference:file:/Users/d0265672/src/Confluence-Mail-to-News-Plugin/target/container/tomcat8x/cargo-confluence-home/webapps/confluence/WEB-INF/atlassian-bundled-plugins/confluence-rest-resources-6.6.0.jar
[INFO] [talledLocalContainer] 2017-12-21 13:03:17,548 WARN [ThreadPoolAsyncTaskExecutor::Thread 12] [atlassian.gadgets.opensocial.spring] afterPropertiesSet 
[INFO] [talledLocalContainer] Spring context started for bundle : com.atlassian.gadgets.opensocial id(144) v(4.2.22) reference:file:/Users/d0265672/src/Confluence-Mail-to-News-Plugin/target/container/tomcat8x/cargo-confluence-home/webapps/confluence/WEB-INF/atlassian-bundled-plugins/atlassian-gadgets-opensocial-plugin-4.2.22.jar
[INFO] [talledLocalContainer] 
[INFO] [talledLocalContainer] If you want to debug the Spring wiring of your code then set a DEBUG level log level as follows.  [ This is a dev.mode only message. ]
[INFO] [talledLocalContainer] 	log4j.logger.com.atlassian.gadgets.opensocial.spring  = DEBUG, console, filelog
[INFO] [talledLocalContainer] 
[INFO] [talledLocalContainer] 2017-12-21 13:03:17,741 WARN [ThreadPoolAsyncTaskExecutor::Thread 4] [atlassian.troubleshooting.plugin-confluence.spring] afterPropertiesSet 
[INFO] [talledLocalContainer] Spring context started for bundle : com.atlassian.troubleshooting.plugin-confluence id(201) v(1.8.1) reference:file:/Users/d0265672/src/Confluence-Mail-to-News-Plugin/target/container/tomcat8x/cargo-confluence-home/webapps/confluence/WEB-INF/atlassian-bundled-plugins/plugin-confluence-1.8.1.jar
[INFO] [talledLocalContainer] 
[INFO] [talledLocalContainer] If you want to debug the Spring wiring of your code then set a DEBUG level log level as follows.  [ This is a dev.mode only message. ]
[INFO] [talledLocalContainer] 	log4j.logger.com.atlassian.troubleshooting.plugin-confluence.spring  = DEBUG, console, filelog
[INFO] [talledLocalContainer] 
[INFO] [talledLocalContainer] 2017-12-21 13:03:17,748 WARN [ThreadPoolAsyncTaskExecutor::Thread 2] [atlassian.confluence.plugins.confluence-document-conversion-library] logInDevMode Spring context started for bundle: com.atlassian.confluence.plugins.confluence-document-conversion-library id(49) v(3.0.14) reference:file:/Users/d0265672/src/Confluence-Mail-to-News-Plugin/target/container/tomcat8x/cargo-confluence-home/webapps/confluence/WEB-INF/atlassian-bundled-plugins/confluence-document-conversion-library-3.0.14.jar
[INFO] [talledLocalContainer] 2017-12-21 13:03:17,794 WARN [ThreadPoolAsyncTaskExecutor::Thread 8] [atlassian.confluence.plugins.confluence-jira-metadata] logInDevMode Spring context started for bundle: com.atlassian.confluence.plugins.confluence-jira-metadata id(63) v(2.0.4) reference:file:/Users/d0265672/src/Confluence-Mail-to-News-Plugin/target/container/tomcat8x/cargo-confluence-home/webapps/confluence/WEB-INF/atlassian-bundled-plugins/confluence-jira-metadata-2.0.4.jar
[INFO] [talledLocalContainer] 2017-12-21 13:03:18,103 WARN [ThreadPoolAsyncTaskExecutor::Thread 8] [atlassian.confluence.plugins.confluence-files] logInDevMode Spring context started for bundle: com.atlassian.confluence.plugins.confluence-files id(56) v(2.0.1) reference:file:/Users/d0265672/src/Confluence-Mail-to-News-Plugin/target/container/tomcat8x/cargo-confluence-home/webapps/confluence/WEB-INF/atlassian-bundled-plugins/confluence-files-2.0.1.jar
[INFO] [talledLocalContainer] 2017-12-21 13:03:18,126 WARN [ThreadPoolAsyncTaskExecutor::Thread 2] [atlassian.confluence.plugins.confluence-mobile-plugin] logInDevMode Spring context started for bundle: com.atlassian.confluence.plugins.confluence-mobile-plugin id(75) v(2.0.4) reference:file:/Users/d0265672/src/Confluence-Mail-to-News-Plugin/target/confluence/home/plugins-osgi-cache/transformed-plugins/confluence-mobile-plugin-2.0.4_1512958200000.jar
[INFO] [talledLocalContainer] 2017-12-21 13:03:18,287 WARN [ThreadPoolAsyncTaskExecutor::Thread 10] [atlassian.confluence.plugins.confluence-inline-tasks] logInDevMode Spring context started for bundle: com.atlassian.confluence.plugins.confluence-inline-tasks id(61) v(7.3.1) reference:file:/Users/d0265672/src/Confluence-Mail-to-News-Plugin/target/container/tomcat8x/cargo-confluence-home/webapps/confluence/WEB-INF/atlassian-bundled-plugins/confluence-inline-tasks-7.3.1.jar
[INFO] [talledLocalContainer] 2017-12-21 13:03:18,522 WARN [ThreadPoolAsyncTaskExecutor::Thread 4] [gadgets.oauth.serviceprovider.spring] afterPropertiesSet 
[INFO] [talledLocalContainer] Spring context started for bundle : com.atlassian.gadgets.oauth.serviceprovider id(143) v(4.2.22) reference:file:/Users/d0265672/src/Confluence-Mail-to-News-Plugin/target/container/tomcat8x/cargo-confluence-home/webapps/confluence/WEB-INF/atlassian-bundled-plugins/atlassian-gadgets-oauth-service-provider-plugin-4.2.22.jar
[INFO] [talledLocalContainer] 
[INFO] [talledLocalContainer] If you want to debug the Spring wiring of your code then set a DEBUG level log level as follows.  [ This is a dev.mode only message. ]
[INFO] [talledLocalContainer] 	log4j.logger.com.atlassian.gadgets.oauth.serviceprovider.spring  = DEBUG, console, filelog
[INFO] [talledLocalContainer] 
[INFO] [talledLocalContainer] 2017-12-21 13:03:18,523 WARN [ThreadPoolAsyncTaskExecutor::Thread 7] [atlassian.gadgets.embedded.spring] afterPropertiesSet 
[INFO] [talledLocalContainer] Spring context started for bundle : com.atlassian.gadgets.embedded id(142) v(4.2.22) reference:file:/Users/d0265672/src/Confluence-Mail-to-News-Plugin/target/container/tomcat8x/cargo-confluence-home/webapps/confluence/WEB-INF/atlassian-bundled-plugins/atlassian-gadgets-embedded-plugin-4.2.22.jar
[INFO] [talledLocalContainer] 
[INFO] [talledLocalContainer] If you want to debug the Spring wiring of your code then set a DEBUG level log level as follows.  [ This is a dev.mode only message. ]
[INFO] [talledLocalContainer] 	log4j.logger.com.atlassian.gadgets.embedded.spring  = DEBUG, console, filelog
[INFO] [talledLocalContainer] 
[INFO] [talledLocalContainer] 2017-12-21 13:03:18,538 WARN [ThreadPoolAsyncTaskExecutor::Thread 10] [atlassian.gadgets.directory.spring] afterPropertiesSet 
[INFO] [talledLocalContainer] Spring context started for bundle : com.atlassian.gadgets.directory id(141) v(4.2.22) reference:file:/Users/d0265672/src/Confluence-Mail-to-News-Plugin/target/container/tomcat8x/cargo-confluence-home/webapps/confluence/WEB-INF/atlassian-bundled-plugins/atlassian-gadgets-directory-plugin-4.2.22.jar
[INFO] [talledLocalContainer] 
[INFO] [talledLocalContainer] If you want to debug the Spring wiring of your code then set a DEBUG level log level as follows.  [ This is a dev.mode only message. ]
[INFO] [talledLocalContainer] 	log4j.logger.com.atlassian.gadgets.directory.spring  = DEBUG, console, filelog
[INFO] [talledLocalContainer] 
[INFO] [talledLocalContainer] 2017-12-21 13:03:24,497 WARN [localhost-startStop-1] [atlassian.plugin.manager.PluginEnabler] isFinished Plugin 'com.atlassian.plugins.confluence-project-creation' did not enable within 5 seconds.The plugin should not take this long to enable. Will only attempt to load plugin for another '25' seconds.
[INFO] [talledLocalContainer] 2017-12-21 13:03:26,535 WARN [localhost-startStop-1] [confluence.plugin.dev.DeprecatedPluginModuleListener] findAndLogDeprecations Type com.atlassian.templaterenderer.velocity.one.six.VelocityTemplateRendererFactory inherited by class com.atlassian.templaterenderer.velocity.one.six.internal.VelocityTemplateRendererFactoryServiceFactory of module 'com.atlassian.templaterenderer.atlassian-template-renderer-velocity1.6-plugin:velocity-1.6-template-renderer-factory' is deprecated
[INFO] [talledLocalContainer] 2017-12-21 13:03:26,700 WARN [localhost-startStop-1] [confluence.plugin.dev.DeprecatedPluginModuleListener] findAndLogDeprecations Class com.atlassian.applinks.api.auth.types.TrustedAppsAuthenticationProvider of module 'com.atlassian.applinks.applinks-plugin:confluence-inbound-trusted' is deprecated
[INFO] [talledLocalContainer] 2017-12-21 13:03:26,785 WARN [localhost-startStop-1] [confluence.plugin.dev.DeprecatedPluginModuleListener] findAndLogDeprecations Class com.atlassian.applinks.api.auth.types.TrustedAppsAuthenticationProvider of module 'com.atlassian.applinks.applinks-trustedapps-plugin:confluence-inbound-trusted' is deprecated
[INFO] [talledLocalContainer] 2017-12-21 13:03:27,479 WARN [localhost-startStop-1] [confluence.plugin.dev.DeprecatedPluginModuleListener] findAndLogDeprecations Class com.atlassian.confluence.notifications.content.impl.NotificationUserServiceImpl of module 'com.atlassian.confluence.plugins.confluence-content-notifications-plugin:notificationUserService' is deprecated
[INFO] [talledLocalContainer] 2017-12-21 13:03:28,507 WARN [localhost-startStop-1] [confluence.plugin.dev.DeprecatedPluginModuleListener] findAndLogDeprecations Type com.atlassian.quartz.jobs.AbstractJob inherited by class com.atlassian.confluence.plugins.metadata.jira.aggregate.JiraAggregateCacheConfigurationJob of module 'com.atlassian.confluence.plugins.confluence-jira-metadata:jira-metadata-cache-config' is deprecated
[INFO] [talledLocalContainer] 2017-12-21 13:03:28,692 WARN [localhost-startStop-1] [descriptor.web.conditions.HasAttachmentCondition] <init> Using deprecated default constructor for HasAttachmentCondition
[INFO] [talledLocalContainer] 2017-12-21 13:03:28,781 WARN [localhost-startStop-1] [confluence.plugin.dev.DeprecatedPluginModuleListener] findAndLogDeprecations Type com.atlassian.sal.api.scheduling.PluginScheduler inherited by class com.atlassian.sal.core.scheduling.DefaultPluginScheduler of module 'com.atlassian.confluence.plugins.confluence-sal-plugin:pluginScheduler' is deprecated
[INFO] [talledLocalContainer] 2017-12-21 13:03:28,782 WARN [localhost-startStop-1] [confluence.plugin.dev.DeprecatedPluginModuleListener] findAndLogDeprecations Type com.atlassian.sal.core.trusted.CertificateFactory inherited by class com.atlassian.sal.trustedapps.TrustedAppsPluginCertificateFactory of module 'com.atlassian.confluence.plugins.confluence-sal-plugin:certificateFactory' is deprecated
[INFO] [talledLocalContainer] 2017-12-21 13:03:29,164 WARN [localhost-startStop-1] [confluence.plugin.dev.DeprecatedPluginModuleListener] findAndLogDeprecations Type com.atlassian.plugin.webresource.transformer.WebResourceTransformer inherited by class com.atlassian.upm.template.UnderscoreTemplateWebResourceTransformer of module 'com.atlassian.upm.atlassian-universal-plugin-manager-plugin:javascriptTemplateWebResourceTransformer' is deprecated
[INFO] [talledLocalContainer] 2017-12-21 13:03:29,165 WARN [localhost-startStop-1] [confluence.plugin.dev.DeprecatedPluginModuleListener] findAndLogDeprecations Type com.atlassian.plugin.webresource.transformer.WebResourceTransformer inherited by class com.atlassian.upm.notification.NotificationWebResourceTransformer of module 'com.atlassian.upm.atlassian-universal-plugin-manager-plugin:notificationWebResourceTransformer' is deprecated
[INFO] [talledLocalContainer] 2017-12-21 13:03:29,403 WARN [localhost-startStop-1] [confluence.plugin.dev.DeprecatedPluginModuleListener] findAndLogDeprecations Class com.atlassian.confluence.extra.dynamictasklist2.DynamicTaskListMacro of module 'confluence.extra.dynamictasklist2:v2-dynamictasklist2' is deprecated
[INFO] [talledLocalContainer] 2017-12-21 13:03:29,633 WARN [localhost-startStop-1] [confluence.plugin.dev.DeprecatedPluginModuleListener] findAndLogDeprecations Class com.atlassian.confluence.mail.notification.listeners.PageEventToAsyncPageEventTransformerListener of module 'confluence.listeners.core:pageNotificationsListener' is deprecated
[INFO] [talledLocalContainer] 2017-12-21 13:03:29,858 WARN [localhost-startStop-1] [confluence.plugin.dev.DeprecatedPluginModuleListener] findAndLogDeprecations Class com.atlassian.confluence.userstatus.listeners.UserStatusLabelListener of module 'confluence.listeners.core:userStatusLabelListener' is deprecated
[INFO] [talledLocalContainer] 2017-12-21 13:03:30,304 WARN [localhost-startStop-1] [confluence.plugin.dev.DeprecatedPluginModuleListener] findAndLogDeprecations Type com.atlassian.confluence.search.v2.lucene.LuceneResultFilterMapper inherited by class com.atlassian.confluence.search.v2.lucene.mapper.SubsetResultFilterMapper of module 'confluence.search.mappers.lucene:subset' is deprecated
[INFO] [talledLocalContainer] 2017-12-21 13:03:30,311 WARN [localhost-startStop-1] [confluence.plugin.dev.DeprecatedPluginModuleListener] findAndLogDeprecations Class com.atlassian.confluence.search.v2.lucene.mapper.LastModifierSearchFilterMapper of module 'confluence.search.mappers.lucene:lastModifierSearchFilter' is deprecated
[INFO] [talledLocalContainer] 2017-12-21 13:03:30,470 WARN [localhost-startStop-1] [confluence.plugin.dev.DeprecatedPluginModuleListener] findAndLogDeprecations Type com.atlassian.plugin.webresource.transformer.WebResourceTransformer inherited by class com.atlassian.confluence.plugin.webresource.aui.VelocityI18nTransformer of module 'confluence.web.resources:vmI18n' is deprecated
[INFO] [talledLocalContainer] 2017-12-21 13:03:30,472 WARN [localhost-startStop-1] [confluence.plugin.dev.DeprecatedPluginModuleListener] findAndLogDeprecations Type com.atlassian.plugin.webresource.transformer.WebResourceTransformer inherited by class com.atlassian.confluence.plugin.webresource.CssSubstitutionTransformer of module 'confluence.web.resources:cssSubstitution' is deprecated
[INFO] [talledLocalContainer] 2017-12-21 13:03:30,510 WARN [localhost-startStop-1] [confluence.plugin.dev.DeprecatedPluginModuleListener] findAndLogDeprecations Type org.springframework.security.authentication.encoding.PasswordEncoder inherited by class com.atlassian.crowd.password.encoder.LdapMd5PasswordEncoder of module 'crowd.system.passwordencoders:md5' is deprecated
[INFO] [talledLocalContainer] 2017-12-21 13:03:30,526 WARN [localhost-startStop-1] [confluence.plugin.dev.DeprecatedPluginModuleListener] findAndLogDeprecations Type org.springframework.security.authentication.encoding.PasswordEncoder inherited by class com.atlassian.crowd.password.encoder.LdapSshaPasswordEncoder of module 'crowd.system.passwordencoders:ssha' is deprecated
[INFO] [talledLocalContainer] 2017-12-21 13:03:30,530 WARN [localhost-startStop-1] [confluence.plugin.dev.DeprecatedPluginModuleListener] findAndLogDeprecations Type org.springframework.security.authentication.encoding.PasswordEncoder inherited by class com.atlassian.crowd.password.encoder.LdapShaPasswordEncoder of module 'crowd.system.passwordencoders:sha' is deprecated
[INFO] [talledLocalContainer] 2017-12-21 13:03:30,537 WARN [localhost-startStop-1] [confluence.plugin.dev.DeprecatedPluginModuleListener] findAndLogDeprecations Type org.springframework.security.authentication.encoding.PasswordEncoder inherited by class com.atlassian.crowd.password.encoder.PlaintextPasswordEncoder of module 'crowd.system.passwordencoders:plaintext' is deprecated
[INFO] [talledLocalContainer] 2017-12-21 13:03:30,594 INFO [localhost-startStop-1] [atlassian.plugin.manager.DefaultPluginManager] logTime Plugin system earlyStartup ended
[INFO] [talledLocalContainer] 2017-12-21 13:03:30,595 INFO [localhost-startStop-1] [atlassian.confluence.tenant.VolatileSingleTenantRegistry] addTenant system tenant added
[INFO] [talledLocalContainer] 2017-12-21 13:03:30,660 INFO [localhost-startStop-1] [atlassian.plugin.manager.DefaultPluginManager] lateStartup Plugin system lateStartup begun
[INFO] [talledLocalContainer] 2017-12-21 13:03:31,546 INFO [AtlassianEvent::CustomizableThreadFactory-4] [core.persistence.schema.StartupSchemaChecker] handleWarnings Database schema consistency checks out OK
[INFO] [talledLocalContainer] 2017-12-21 13:03:31,743 WARN [ThreadPoolAsyncTaskExecutor::Thread 10] [client.eventfilter.whitelist.AnalyticsWhitelistModuleDescriptor] readPluginWhitelist No whitelist resource file found at [mediaviewer/lib/analytics-whitelist.json] in plugin [com.atlassian.confluence.plugins.confluence-previews] (bundle entry not found)
[INFO] [talledLocalContainer] 2017-12-21 13:03:31,743 WARN [ThreadPoolAsyncTaskExecutor::Thread 10] [client.eventfilter.whitelist.AnalyticsWhitelistModuleDescriptor] readPluginWhitelist No whitelist resource file found at [mediaviewer/lib/analytics-whitelist.json] in plugin [com.atlassian.confluence.plugins.confluence-previews] (null InputStream)
[INFO] [talledLocalContainer] 2017-12-21 13:03:31,793 WARN [ThreadPoolAsyncTaskExecutor::Thread 15] [confluence.officeconnector.OfficeConnector.spring] afterPropertiesSet 
[INFO] [talledLocalContainer] Spring context started for bundle : com.atlassian.confluence.officeconnector.OfficeConnector id(228) v(5.1.3) reference:file:/Users/d0265672/src/Confluence-Mail-to-News-Plugin/target/container/tomcat8x/cargo-confluence-home/webapps/confluence/WEB-INF/atlassian-bundled-plugins/OfficeConnector-5.1.3.jar
[INFO] [talledLocalContainer] 
[INFO] [talledLocalContainer] If you want to debug the Spring wiring of your code then set a DEBUG level log level as follows.  [ This is a dev.mode only message. ]
[INFO] [talledLocalContainer] 	log4j.logger.com.atlassian.confluence.officeconnector.OfficeConnector.spring  = DEBUG, console, filelog
[INFO] [talledLocalContainer] 
[INFO] [talledLocalContainer] 2017-12-21 13:03:31,896 WARN [ThreadPoolAsyncTaskExecutor::Thread 15] [atlassian.confluence.plugins.confluence-baseurl-plugin] logInDevMode Spring context started for bundle: com.atlassian.confluence.plugins.confluence-baseurl-plugin id(231) v(1.1.4) reference:file:/Users/d0265672/src/Confluence-Mail-to-News-Plugin/target/container/tomcat8x/cargo-confluence-home/webapps/confluence/WEB-INF/atlassian-bundled-plugins/confluence-baseurl-plugin-1.1.4.jar
[INFO] [talledLocalContainer] 2017-12-21 13:03:31,897 WARN [ThreadPoolAsyncTaskExecutor::Thread 4] [confluence.plugins.atlassian-playbook-blueprints.spring] afterPropertiesSet 
[INFO] [talledLocalContainer] Spring context started for bundle : com.atlassian.confluence.plugins.atlassian-playbook-blueprints id(229) v(1.1.0) reference:file:/Users/d0265672/src/Confluence-Mail-to-News-Plugin/target/container/tomcat8x/cargo-confluence-home/webapps/confluence/WEB-INF/atlassian-bundled-plugins/atlassian-playbook-blueprints-1.1.0.jar
[INFO] [talledLocalContainer] 
[INFO] [talledLocalContainer] If you want to debug the Spring wiring of your code then set a DEBUG level log level as follows.  [ This is a dev.mode only message. ]
[INFO] [talledLocalContainer] 	log4j.logger.com.atlassian.confluence.plugins.atlassian-playbook-blueprints.spring  = DEBUG, console, filelog
[INFO] [talledLocalContainer] 
[INFO] [talledLocalContainer] 2017-12-21 13:03:32,170 WARN [ThreadPoolAsyncTaskExecutor::Thread 4] [confluence.plugins.confluence-macro-usage-admin-plugin.spring] afterPropertiesSet 
[INFO] [talledLocalContainer] Spring context started for bundle : com.atlassian.confluence.plugins.confluence-macro-usage-admin-plugin id(239) v(1.0.9) reference:file:/Users/d0265672/src/Confluence-Mail-to-News-Plugin/target/container/tomcat8x/cargo-confluence-home/webapps/confluence/WEB-INF/atlassian-bundled-plugins/confluence-macro-usage-admin-plugin-1.0.9.jar
[INFO] [talledLocalContainer] 
[INFO] [talledLocalContainer] If you want to debug the Spring wiring of your code then set a DEBUG level log level as follows.  [ This is a dev.mode only message. ]
[INFO] [talledLocalContainer] 	log4j.logger.com.atlassian.confluence.plugins.confluence-macro-usage-admin-plugin.spring  = DEBUG, console, filelog
[INFO] [talledLocalContainer] 
[INFO] [talledLocalContainer] 2017-12-21 13:03:32,199 WARN [ThreadPoolAsyncTaskExecutor::Thread 2] [atlassian.confluence.plugins.confluence-scheduler-spi] logInDevMode Spring context started for bundle: com.atlassian.confluence.plugins.confluence-scheduler-spi id(243) v(6.6.0) reference:file:/Users/d0265672/src/Confluence-Mail-to-News-Plugin/target/container/tomcat8x/cargo-confluence-home/webapps/confluence/WEB-INF/atlassian-bundled-plugins/confluence-scheduler-spi-6.6.0.jar
[INFO] [talledLocalContainer] 2017-12-21 13:03:32,357 WARN [localhost-startStop-1] [spring.scanner.extension.DevModeBeanInitialisationLoggerBeanPostProcessor] postProcessBeforeInstantiation BeforeInstantiation [beanName=com.atlassian.prettyurls.module.UrlRouteModuleDescriptor, objectType=com.atlassian.prettyurls.module.UrlRouteModuleDescriptor, level=-5]
[INFO] [talledLocalContainer] 2017-12-21 13:03:32,366 WARN [localhost-startStop-1] [spring.scanner.extension.DevModeBeanInitialisationLoggerBeanPostProcessor] postProcessAfterInitialization AfterInitialisation [beanName=com.atlassian.prettyurls.module.UrlRouteModuleDescriptor, objectType=com.atlassian.prettyurls.module.UrlRouteModuleDescriptor, level=-5]
[INFO] [talledLocalContainer] 2017-12-21 13:03:32,367 WARN [localhost-startStop-1] [spring.scanner.extension.DevModeBeanInitialisationLoggerBeanPostProcessor] postProcessBeforeInstantiation BeforeInstantiation [beanName=com.atlassian.prettyurls.module.SiteMeshModuleDescriptor, objectType=com.atlassian.prettyurls.module.SiteMeshModuleDescriptor, level=-5]
[INFO] [talledLocalContainer] 2017-12-21 13:03:32,372 WARN [localhost-startStop-1] [spring.scanner.extension.DevModeBeanInitialisationLoggerBeanPostProcessor] postProcessAfterInitialization AfterInitialisation [beanName=com.atlassian.prettyurls.module.SiteMeshModuleDescriptor, objectType=com.atlassian.prettyurls.module.SiteMeshModuleDescriptor, level=-5]
[INFO] [talledLocalContainer] 2017-12-21 13:03:32,373 WARN [ThreadPoolAsyncTaskExecutor::Thread 10] [atlassian.confluence.plugins.synchrony-interop] logInDevMode Spring context started for bundle: com.atlassian.confluence.plugins.synchrony-interop id(245) v(6.6.0) reference:file:/Users/d0265672/src/Confluence-Mail-to-News-Plugin/target/container/tomcat8x/cargo-confluence-home/webapps/confluence/WEB-INF/atlassian-bundled-plugins/synchrony-interop-6.6.0.jar
[INFO] [talledLocalContainer] 2017-12-21 13:03:32,451 INFO [ThreadPoolAsyncTaskExecutor::Thread 10] [plugins.synchrony.bootstrap.DefaultSynchronyProxyMonitor] <init> synchrony-proxy healthcheck url: http://127.0.0.1:1990/synchrony-proxy/healthcheck
[INFO] [talledLocalContainer] 2017-12-21 13:03:32,573 WARN [ThreadPoolAsyncTaskExecutor::Thread 2] [spring.scanner.util.ProductFilterUtil] detectProduct Couldn't detect product, will use ProductFilter.ALL
[INFO] [talledLocalContainer] 2017-12-21 13:03:32,617 WARN [ThreadPoolAsyncTaskExecutor::Thread 16] [labs.plugins.quickreload.spring] afterPropertiesSet 
[INFO] [talledLocalContainer] Spring context started for bundle : com.atlassian.labs.plugins.quickreload id(251) v(1.24.1) reference:file:/Users/d0265672/src/Confluence-Mail-to-News-Plugin/target/container/tomcat8x/cargo-confluence-home/webapps/confluence/WEB-INF/atlassian-bundled-plugins/quickreload-1.24.1.jar
[INFO] [talledLocalContainer] 
[INFO] [talledLocalContainer] If you want to debug the Spring wiring of your code then set a DEBUG level log level as follows.  [ This is a dev.mode only message. ]
[INFO] [talledLocalContainer] 	log4j.logger.com.atlassian.labs.plugins.quickreload.spring  = DEBUG, console, filelog
[INFO] [talledLocalContainer] 
[INFO] [talledLocalContainer] ___________            ________     ______            _________
[INFO] [talledLocalContainer] ___  /___(_)__   _________  __ \_______  /___________ ______  /
[INFO] [talledLocalContainer] __  / __  /__ | / /  _ \_  /_/ /  _ \_  /_  __ \  __ `/  __  / 
[INFO] [talledLocalContainer] _  /___  / __ |/ //  __/  _, _//  __/  / / /_/ / /_/ // /_/ /  
[INFO] [talledLocalContainer] /_____/_/  _____/ \___//_/ |_| \___//_/  \____/\__,_/ \__,_/   
[INFO] [talledLocalContainer]                                                                
[INFO] [talledLocalContainer] __________             ______ ______    ______________         
[INFO] [talledLocalContainer] ___  ____/____________ ___  /____  /__________  /__  /         
[INFO] [talledLocalContainer] __  __/  __  __ \  __ `/_  __ \_  /_  _ \  __  /__  /          
[INFO] [talledLocalContainer] _  /___  _  / / / /_/ /_  /_/ /  / /  __/ /_/ /  /_/           
[INFO] [talledLocalContainer] /_____/  /_/ /_/\__,_/ /_.___//_/  \___/\__,_/  (_)            
[INFO] [talledLocalContainer] java.lang.UnsatisfiedLinkError: Native Library /Users/d0265672/src/Confluence-Mail-to-News-Plugin/target/container/tomcat8x/cargo-confluence-home/temp/jpathwatch-nativelib-v-0-95-libjpathwatch-native-64.dylib already loaded in another classloader
[INFO] [talledLocalContainer] 	at java.lang.ClassLoader.loadLibrary0(ClassLoader.java:1907)
[INFO] [talledLocalContainer] 	at java.lang.ClassLoader.loadLibrary(ClassLoader.java:1824)
[INFO] [talledLocalContainer] 	at java.lang.Runtime.load0(Runtime.java:809)
[INFO] [talledLocalContainer] 	at java.lang.System.load(System.java:1086)
[INFO] [talledLocalContainer] 	at name.pachler.nio.file.impl.NativeLibLoader.extractAndLoadLibrary(NativeLibLoader.java:407)
[INFO] [talledLocalContainer] 	at name.pachler.nio.file.impl.NativeLibLoader.loadLibrary(NativeLibLoader.java:257)
[INFO] [talledLocalContainer] 	at name.pachler.nio.file.impl.Unix.<clinit>(Unix.java:86)
[INFO] [talledLocalContainer] 	at name.pachler.nio.file.impl.BSDPathWatchService.open(BSDPathWatchService.java:241)
[INFO] [talledLocalContainer] 	at name.pachler.nio.file.impl.BSDPathWatchService.<init>(BSDPathWatchService.java:80)
[INFO] [talledLocalContainer] 	at name.pachler.nio.file.ext.Bootstrapper.newWatchService(Bootstrapper.java:86)
[INFO] [talledLocalContainer] 	at name.pachler.nio.file.FileSystems$1.newWatchService(FileSystems.java:40)
[INFO] [talledLocalContainer] 	at com.atlassian.watch.nio.file.api.FileSystems$FileSystem.jWatchService(FileSystems.java:42)
[INFO] [talledLocalContainer] 	at com.atlassian.watch.nio.file.api.FileSystems$FileSystem.newWatchService(FileSystems.java:31)
[INFO] [talledLocalContainer] 	at com.atlassian.labs.plugins.quickreload.DirectoryWatcher.<init>(DirectoryWatcher.java:62)
[INFO] [talledLocalContainer] 	at sun.reflect.NativeConstructorAccessorImpl.newInstance0(Native Method)
[INFO] [talledLocalContainer] 	at sun.reflect.NativeConstructorAccessorImpl.newInstance(NativeConstructorAccessorImpl.java:62)
[INFO] [talledLocalContainer] 	at sun.reflect.DelegatingConstructorAccessorImpl.newInstance(DelegatingConstructorAccessorImpl.java:45)
[INFO] [talledLocalContainer] 	at java.lang.reflect.Constructor.newInstance(Constructor.java:423)
[INFO] [talledLocalContainer] 	at org.springframework.beans.BeanUtils.instantiateClass(BeanUtils.java:147)
[INFO] [talledLocalContainer] 	at org.springframework.beans.factory.support.SimpleInstantiationStrategy.instantiate(SimpleInstantiationStrategy.java:122)
[INFO] [talledLocalContainer] 	at org.springframework.beans.factory.support.ConstructorResolver.autowireConstructor(ConstructorResolver.java:267)
[INFO] [talledLocalContainer] 	at org.springframework.beans.factory.support.AbstractAutowireCapableBeanFactory.autowireConstructor(AbstractAutowireCapableBeanFactory.java:1143)
[INFO] [talledLocalContainer] 	at org.springframework.beans.factory.support.AbstractAutowireCapableBeanFactory.createBeanInstance(AbstractAutowireCapableBeanFactory.java:1046)
[INFO] [talledLocalContainer] 	at org.springframework.beans.factory.support.AbstractAutowireCapableBeanFactory.doCreateBean(AbstractAutowireCapableBeanFactory.java:510)
[INFO] [talledLocalContainer] 	at org.springframework.beans.factory.support.AbstractAutowireCapableBeanFactory.createBean(AbstractAutowireCapableBeanFactory.java:482)
[INFO] [talledLocalContainer] 	at org.springframework.beans.factory.support.AbstractBeanFactory$1.getObject(AbstractBeanFactory.java:306)
[INFO] [talledLocalContainer] 	at org.springframework.beans.factory.support.DefaultSingletonBeanRegistry.getSingleton(DefaultSingletonBeanRegistry.java:230)
[INFO] [talledLocalContainer] 	at org.springframework.beans.factory.support.AbstractBeanFactory.doGetBean(AbstractBeanFactory.java:302)
[INFO] [talledLocalContainer] 	at org.springframework.beans.factory.support.AbstractBeanFactory.getBean(AbstractBeanFactory.java:197)
[INFO] [talledLocalContainer] 	at org.springframework.beans.factory.support.DefaultListableBeanFactory.findAutowireCandidates(DefaultListableBeanFactory.java:1192)
[INFO] [talledLocalContainer] 	at org.springframework.beans.factory.support.DefaultListableBeanFactory.doResolveDependency(DefaultListableBeanFactory.java:1116)
[INFO] [talledLocalContainer] 	at org.springframework.beans.factory.support.DefaultListableBeanFactory.resolveDependency(DefaultListableBeanFactory.java:1014)
[INFO] [talledLocalContainer] 	at org.springframework.beans.factory.support.ConstructorResolver.resolveAutowiredArgument(ConstructorResolver.java:813)
[INFO] [talledLocalContainer] 	at org.springframework.beans.factory.support.ConstructorResolver.createArgumentArray(ConstructorResolver.java:741)
[INFO] [talledLocalContainer] 	at org.springframework.beans.factory.support.ConstructorResolver.autowireConstructor(ConstructorResolver.java:185)
[INFO] [talledLocalContainer] 	at org.springframework.beans.factory.support.AbstractAutowireCapableBeanFactory.autowireConstructor(AbstractAutowireCapableBeanFactory.java:1143)
[INFO] [talledLocalContainer] 	at org.springframework.beans.factory.support.AbstractAutowireCapableBeanFactory.createBeanInstance(AbstractAutowireCapableBeanFactory.java:1046)
[INFO] [talledLocalContainer] 	at org.springframework.beans.factory.support.AbstractAutowireCapableBeanFactory.doCreateBean(AbstractAutowireCapableBeanFactory.java:510)
[INFO] [talledLocalContainer] 	at org.springframework.beans.factory.support.AbstractAutowireCapableBeanFactory.createBean(AbstractAutowireCapableBeanFactory.java:482)
[INFO] [talledLocalContainer] 	at org.springframework.beans.factory.support.AbstractBeanFactory$1.getObject(AbstractBeanFactory.java:306)
[INFO] [talledLocalContainer] 	at org.springframework.beans.factory.support.DefaultSingletonBeanRegistry.getSingleton(DefaultSingletonBeanRegistry.java:230)
[INFO] [talledLocalContainer] 	at org.springframework.beans.factory.support.AbstractBeanFactory.doGetBean(AbstractBeanFactory.java:302)
[INFO] [talledLocalContainer] 	at org.springframework.beans.factory.support.AbstractBeanFactory.getBean(AbstractBeanFactory.java:197)
[INFO] [talledLocalContainer] 	at org.springframework.beans.factory.support.DefaultListableBeanFactory.preInstantiateSingletons(DefaultListableBeanFactory.java:772)
[INFO] [talledLocalContainer] 	at org.springframework.context.support.AbstractApplicationContext.finishBeanFactoryInitialization(AbstractApplicationContext.java:839)
[INFO] [talledLocalContainer] 	at org.eclipse.gemini.blueprint.context.support.AbstractDelegatedExecutionApplicationContext.access$1600(AbstractDelegatedExecutionApplicationContext.java:60)
[INFO] [talledLocalContainer] 	at org.eclipse.gemini.blueprint.context.support.AbstractDelegatedExecutionApplicationContext$4.run(AbstractDelegatedExecutionApplicationContext.java:325)
[INFO] [talledLocalContainer] 	at org.eclipse.gemini.blueprint.util.internal.PrivilegedUtils.executeWithCustomTCCL(PrivilegedUtils.java:85)
[INFO] [talledLocalContainer] 	at org.eclipse.gemini.blueprint.context.support.AbstractDelegatedExecutionApplicationContext.completeRefresh(AbstractDelegatedExecutionApplicationContext.java:290)
[INFO] [talledLocalContainer] 	at org.eclipse.gemini.blueprint.extender.internal.dependencies.startup.DependencyWaiterApplicationContextExecutor$CompleteRefreshTask.run(DependencyWaiterApplicationContextExecutor.java:137)
[INFO] [talledLocalContainer] 	at java.util.concurrent.ThreadPoolExecutor.runWorker(ThreadPoolExecutor.java:1142)
[INFO] [talledLocalContainer] 	at java.util.concurrent.ThreadPoolExecutor$Worker.run(ThreadPoolExecutor.java:617)
[INFO] [talledLocalContainer] 	at java.lang.Thread.run(Thread.java:745)
[INFO] [talledLocalContainer]                                                                2017-12-21 13:03:32,845 WARN [ThreadPoolAsyncTaskExecutor::Thread 15] [plugins.authentication.atlassian-authentication-plugin.spring] afterPropertiesSet 
[INFO] [talledLocalContainer] Spring context started for bundle : com.atlassian.plugins.authentication.atlassian-authentication-plugin id(255) v(2.0.8) reference:file:/Users/d0265672/src/Confluence-Mail-to-News-Plugin/target/container/tomcat8x/cargo-confluence-home/webapps/confluence/WEB-INF/atlassian-bundled-plugins/atlassian-authentication-plugin-2.0.8.jar
[INFO] [talledLocalContainer] 
[INFO] [talledLocalContainer] If you want to debug the Spring wiring of your code then set a DEBUG level log level as follows.  [ This is a dev.mode only message. ]
[INFO] [talledLocalContainer] 	log4j.logger.com.atlassian.plugins.authentication.atlassian-authentication-plugin.spring  = DEBUG, console, filelog
[INFO] [talledLocalContainer] 
[INFO] [talledLocalContainer] 2017-12-21 13:03:33,017 INFO [ThreadPoolAsyncTaskExecutor::Thread 16] [plugins.quickreload.config.AutoRefresher] startupMessage 
[INFO] [talledLocalContainer] 
[INFO] [talledLocalContainer]  Quick Reload - [34mStealing back time from Maven since 2013.[39m
[INFO] [talledLocalContainer] 
[INFO] [talledLocalContainer] 	Tracking the following directories for changes : 
[INFO] [talledLocalContainer] 
[INFO] [talledLocalContainer] 		[33m/Users/d0265672/src/Confluence-Mail-to-News-Plugin/target[39m
[INFO] [talledLocalContainer] 		[33m/Users/d0265672[39m
[INFO] [talledLocalContainer] [33m
[INFO] [talledLocalContainer] 	The system property 'plugin.resource.directories' is as follows : 
[INFO] [talledLocalContainer] 
[INFO] [talledLocalContainer] 		[33m/Users/d0265672/src/Confluence-Mail-to-News-Plugin/src/test/resources[39m
[INFO] [talledLocalContainer] 		[33m/Users/d0265672/src/Confluence-Mail-to-News-Plugin/src/main/resources[39m
[INFO] [talledLocalContainer] [39m
[INFO] [talledLocalContainer] 	The Control Panel page is available at : 
[INFO] [talledLocalContainer] 
[INFO] [talledLocalContainer] 		[33m/plugins/servlet/qr[39m
[INFO] [talledLocalContainer] 
[INFO] [talledLocalContainer] 	The REST API is available at : 
[INFO] [talledLocalContainer] 
[INFO] [talledLocalContainer] 		[33m/rest/qr/1.0/api[39m
[INFO] [talledLocalContainer] 
[INFO] [talledLocalContainer] 	Web Resource batching and caching is currently [32menabled[39m
[INFO] [talledLocalContainer] 
[INFO] [talledLocalContainer] 2017-12-21 13:03:34,102 WARN [localhost-startStop-1] [confluence.schedule.quartz.DeprecateQuartz] warn com.benryan.quartz.CacheCleanup: Quartz scheduler bean and related <job> and <trigger> plugin modules are deprecated. Use atlassian-scheduler schedulerService bean or <job-config> plugin module instead.
[INFO] [talledLocalContainer] 2017-12-21 13:03:34,267 WARN [localhost-startStop-1] [confluence.plugin.dev.DeprecatedPluginModuleListener] findAndLogDeprecations Class com.atlassian.confluence.plugins.dailysummary.analytics.SummaryEmailTrackingServlet of module 'com.atlassian.confluence.plugins.confluence-daily-summary-email:summaryEmailTrackingServlet' is deprecated
[INFO] [talledLocalContainer] 2017-12-21 13:03:34,708 INFO [localhost-startStop-1] [atlassian.plugin.manager.DefaultPluginManager] logTime Plugin system lateStartup ended
[INFO] [talledLocalContainer] 2017-12-21 13:03:34,746 INFO [lifecycle:thread-1] [sal.core.upgrade.DefaultPluginUpgradeManager] upgradeInternal Running plugin upgrade tasks...
[INFO] [talledLocalContainer] 2017-12-21 13:03:34,780 INFO [lifecycle:thread-25] [plugins.synchrony.bootstrap.DefaultSynchronyProcessManager] startup Starting Synchrony and enabling Collaborative Editing
[INFO] [talledLocalContainer] 2017-12-21 13:03:34,780 WARN [lifecycle:thread-2] [confluence.schedule.quartz.DeprecateQuartz] warn com.atlassian.confluence.image.effects.CacheCleanup: Quartz scheduler bean and related <job> and <trigger> plugin modules are deprecated. Use atlassian-scheduler schedulerService bean or <job-config> plugin module instead.
[INFO] [talledLocalContainer] 2017-12-21 13:03:34,781 WARN [lifecycle:thread-8] [expose.jmx.schedule.JmxInstrumentSchedulerImpl] onStart atlassian-instrumentation-jmx expose scheduler started.
[INFO] [talledLocalContainer] 2017-12-21 13:03:34,868 INFO [synchrony-interop-executor:thread-1] [plugins.synchrony.bootstrap.DefaultSynchronyProcessManager] isSynchronyProxyEnabled proxy port present: false
[INFO] [talledLocalContainer] 2017-12-21 13:03:34,869 INFO [synchrony-interop-executor:thread-1] [plugins.synchrony.bootstrap.DefaultSynchronyProcessManager] isSynchronyProxyEnabled app config synchrony.proxy.enabled: true
[INFO] [talledLocalContainer] 2017-12-21 13:03:35,119 INFO [synchrony-interop-executor:thread-1] [plugins.synchrony.bootstrap.DefaultSynchronyProcessManager] debugPrintEnvironment Synchrony working dir: /Users/d0265672/src/Confluence-Mail-to-News-Plugin/target/confluence/home
[INFO] [talledLocalContainer] 2017-12-21 13:03:35,123 INFO [synchrony-interop-executor:thread-1] [plugins.synchrony.bootstrap.DefaultSynchronyProcessManager] debugPrintEnvironment /Library/Java/JavaVirtualMachines/jdk1.8.0_112.jdk/Contents/Home/jre/bin/java -classpath /Users/d0265672/src/Confluence-Mail-to-News-Plugin/target/container/tomcat8x/cargo-confluence-home/temp/2.1.0-release-confluence_6.5-1a01ab2d.jar:/Users/d0265672/src/Confluence-Mail-to-News-Plugin/target/container/tomcat8x/cargo-confluence-home/webapps/confluence/WEB-INF/lib/h2-1.3.176.jar -Xss2048k -Xmx1g synchrony.core sql
[INFO] [talledLocalContainer] 2017-12-21 13:03:35,312 INFO [ListenableFutureAdapter-thread-1] [plugins.synchrony.bootstrap.DefaultSynchronyProcessManager] isSynchronyProxyEnabled proxy port present: false
[INFO] [talledLocalContainer] 2017-12-21 13:03:35,313 INFO [ListenableFutureAdapter-thread-1] [plugins.synchrony.bootstrap.DefaultSynchronyProcessManager] isSynchronyProxyEnabled app config synchrony.proxy.enabled: true
[INFO] [talledLocalContainer] 2017-12-21 13:03:35,318 INFO [ListenableFutureAdapter-thread-1] [plugins.synchrony.bootstrap.DefaultSynchronyProcessManager] updateSynchronyConfiguration Synchrony External Base URL: http://KAMPI00000104:1990/synchrony-proxy,http://KAMPI00000104:1990/confluence/synchrony-proxy
[INFO] [talledLocalContainer] 2017-12-21 13:03:35,318 INFO [ListenableFutureAdapter-thread-1] [plugins.synchrony.bootstrap.DefaultSynchronyProcessManager] updateSynchronyConfiguration Synchrony External Service URL: http://KAMPI00000104:1990/synchrony-proxy/v1
[INFO] [talledLocalContainer] 2017-12-21 13:03:35,318 INFO [ListenableFutureAdapter-thread-1] [plugins.synchrony.bootstrap.DefaultSynchronyProcessManager] updateSynchronyConfiguration Synchrony Internal Service URL: http://127.0.0.1:8091/synchrony/v1
[INFO] [talledLocalContainer] 2017-12-21 13:03:38,231 DEBUG [252:StdErrHandler [/Library/Java/JavaVirtualMachines/jdk1.8.0_112.jdk/Contents/Home/jre/bin/java]] [plugins.synchrony.bootstrap.LoggingOutputHandler] processLine WARNING: boolean? already refers to: #'clojure.core/boolean? in namespace: medley.core, being replaced by: #'medley.core/boolean?
[INFO] [talledLocalContainer] 2017-12-21 13:03:38,352 DEBUG [252:StdErrHandler [/Library/Java/JavaVirtualMachines/jdk1.8.0_112.jdk/Contents/Home/jre/bin/java]] [plugins.synchrony.bootstrap.LoggingOutputHandler] processLine WARNING: Inst already refers to: #'clojure.core/Inst in namespace: schema.core, being replaced by: #'schema.core/Inst
[INFO] [talledLocalContainer] 2017-12-21 13:03:42,491 DEBUG [253:StdOutHandler [/Library/Java/JavaVirtualMachines/jdk1.8.0_112.jdk/Contents/Home/jre/bin/java]] [plugins.synchrony.bootstrap.LoggingOutputHandler] processLine Running QueryDSL sytem...
[INFO] [talledLocalContainer] 2017-12-21 13:03:42,569 DEBUG [253:StdOutHandler [/Library/Java/JavaVirtualMachines/jdk1.8.0_112.jdk/Contents/Home/jre/bin/java]] [plugins.synchrony.bootstrap.LoggingOutputHandler] processLine {"synchrony":{"message":"synchrony.querydsl.jdbc [info] connection pool test-connection-on-checkin: true idle-connection-test-period: 100 max-idle-time-excess-connections: 100 max-idle-time: 3600","ns":"synchrony.querydsl.jdbc","level":"info"}}
[INFO] [talledLocalContainer] 2017-12-21 13:03:42,581 DEBUG [253:StdOutHandler [/Library/Java/JavaVirtualMachines/jdk1.8.0_112.jdk/Contents/Home/jre/bin/java]] [plugins.synchrony.bootstrap.LoggingOutputHandler] processLine MLog clients using slf4j logging.
[INFO] [talledLocalContainer] 2017-12-21 13:03:42,605 DEBUG [253:StdOutHandler [/Library/Java/JavaVirtualMachines/jdk1.8.0_112.jdk/Contents/Home/jre/bin/java]] [plugins.synchrony.bootstrap.LoggingOutputHandler] processLine Initializing c3p0-0.9.5.1 [built 16-June-2015 00:06:36 -0700; debug? true; trace: 10]
[INFO] [talledLocalContainer] 2017-12-21 13:03:42,643 DEBUG [253:StdOutHandler [/Library/Java/JavaVirtualMachines/jdk1.8.0_112.jdk/Contents/Home/jre/bin/java]] [plugins.synchrony.bootstrap.LoggingOutputHandler] processLine {"synchrony":{"message":"synchrony.event-bus [info] cluster membership transition","transition":{"type":"join","member":{"member-id":"local","host":null,"local?":true}},"ns":"synchrony.event-bus","level":"info"}}
[INFO] [talledLocalContainer] 2017-12-21 13:03:45,399 WARN [ListenableFutureAdapter-thread-1] [plugins.synchrony.bootstrap.DefaultSynchronyProxyMonitor] pollHealthcheck Could not ping the synchrony-proxy [http://127.0.0.1:1990/synchrony-proxy/healthcheck]: {}
[INFO] [talledLocalContainer] java.net.SocketTimeoutException: Read timed out
[INFO] [talledLocalContainer] 	at java.net.SocketInputStream.socketRead0(Native Method)
[INFO] [talledLocalContainer] 	at java.net.SocketInputStream.socketRead(SocketInputStream.java:116)
[INFO] [talledLocalContainer] 	at java.net.SocketInputStream.read(SocketInputStream.java:170)
[INFO] [talledLocalContainer] 	at java.net.SocketInputStream.read(SocketInputStream.java:141)
[INFO] [talledLocalContainer] 	at org.apache.http.impl.io.SessionInputBufferImpl.streamRead(SessionInputBufferImpl.java:137)
[INFO] [talledLocalContainer] 	at org.apache.http.impl.io.SessionInputBufferImpl.fillBuffer(SessionInputBufferImpl.java:153)
[INFO] [talledLocalContainer] 	at org.apache.http.impl.io.SessionInputBufferImpl.readLine(SessionInputBufferImpl.java:282)
[INFO] [talledLocalContainer] 	at org.apache.http.impl.conn.DefaultHttpResponseParser.parseHead(DefaultHttpResponseParser.java:138)
[INFO] [talledLocalContainer] 	at org.apache.http.impl.conn.DefaultHttpResponseParser.parseHead(DefaultHttpResponseParser.java:56)
[INFO] [talledLocalContainer] 	at org.apache.http.impl.io.AbstractMessageParser.parse(AbstractMessageParser.java:259)
[INFO] [talledLocalContainer] 	at org.apache.http.impl.DefaultBHttpClientConnection.receiveResponseHeader(DefaultBHttpClientConnection.java:163)
[INFO] [talledLocalContainer] 	at org.apache.http.impl.conn.CPoolProxy.receiveResponseHeader(CPoolProxy.java:165)
[INFO] [talledLocalContainer] 	at org.apache.http.protocol.HttpRequestExecutor.doReceiveResponse(HttpRequestExecutor.java:273)
[INFO] [talledLocalContainer] 	at org.apache.http.protocol.HttpRequestExecutor.execute(HttpRequestExecutor.java:125)
[INFO] [talledLocalContainer] 	at org.apache.http.impl.execchain.MainClientExec.execute(MainClientExec.java:272)
[INFO] [talledLocalContainer] 	at org.apache.http.impl.execchain.ProtocolExec.execute(ProtocolExec.java:185)
[INFO] [talledLocalContainer] 	at org.apache.http.impl.client.InternalHttpClient.doExecute(InternalHttpClient.java:185)
[INFO] [talledLocalContainer] 	at org.apache.http.impl.client.CloseableHttpClient.execute(CloseableHttpClient.java:83)
[INFO] [talledLocalContainer] 	at org.apache.http.impl.client.CloseableHttpClient.execute(CloseableHttpClient.java:108)
[INFO] [talledLocalContainer] 	at com.atlassian.confluence.plugins.synchrony.bootstrap.DefaultSynchronyProxyMonitor.pollHealthcheck(DefaultSynchronyProxyMonitor.java:76)
[INFO] [talledLocalContainer] 	at com.atlassian.confluence.plugins.synchrony.bootstrap.DefaultSynchronyProxyMonitor.startHealthcheck(DefaultSynchronyProxyMonitor.java:50)
[INFO] [talledLocalContainer] 	at com.atlassian.confluence.plugins.synchrony.bootstrap.DefaultSynchronyProcessManager.updateSynchronyConfiguration(DefaultSynchronyProcessManager.java:393)
[INFO] [talledLocalContainer] 	at com.atlassian.confluence.plugins.synchrony.bootstrap.DefaultSynchronyProcessManager.lambda$startup$5(DefaultSynchronyProcessManager.java:531)
[INFO] [talledLocalContainer] 	at com.atlassian.util.concurrent.Promises$Of$1.apply(Promises.java:263)
[INFO] [talledLocalContainer] 	at com.atlassian.util.concurrent.Promises$2.onSuccess(Promises.java:185)
[INFO] [talledLocalContainer] 	at com.google.common.util.concurrent.Futures$6.run(Futures.java:1319)
[INFO] [talledLocalContainer] 	at com.google.common.util.concurrent.MoreExecutors$DirectExecutor.execute(MoreExecutors.java:457)
[INFO] [talledLocalContainer] 	at com.google.common.util.concurrent.ExecutionList.executeListener(ExecutionList.java:156)
[INFO] [talledLocalContainer] 	at com.google.common.util.concurrent.ExecutionList.execute(ExecutionList.java:145)
[INFO] [talledLocalContainer] 	at com.google.common.util.concurrent.JdkFutureAdapters$ListenableFutureAdapter$1.run(JdkFutureAdapters.java:177)
[INFO] [talledLocalContainer] 	at java.util.concurrent.ThreadPoolExecutor.runWorker(ThreadPoolExecutor.java:1142)
[INFO] [talledLocalContainer] 	at java.util.concurrent.ThreadPoolExecutor$Worker.run(ThreadPoolExecutor.java:617)
[INFO] [talledLocalContainer] 	at java.lang.Thread.run(Thread.java:745)
[INFO] [talledLocalContainer] 2017-12-21 13:03:45,401 WARN [ListenableFutureAdapter-thread-1] [plugins.synchrony.bootstrap.DefaultSynchronyProxyMonitor] startHealthcheck The synchrony-proxy has not been started yet. Another healthcheck will happen in 30 seconds.
[INFO] [talledLocalContainer] 2017-12-21 13:03:45,467 DEBUG [253:StdOutHandler [/Library/Java/JavaVirtualMachines/jdk1.8.0_112.jdk/Contents/Home/jre/bin/java]] [plugins.synchrony.bootstrap.LoggingOutputHandler] processLine {"synchrony":{"request":{"remote-addr":"127.0.0.1","uri":"/synchrony/heartbeat","request-method":"get","query-string":null},"response":{"status":200},"ns":"synchrony.middleware.logging","level":"info","message":"synchrony.middleware.logging [info] null"}}
[INFO] [talledLocalContainer] 2017-12-21 13:03:45,511 DEBUG [253:StdOutHandler [/Library/Java/JavaVirtualMachines/jdk1.8.0_112.jdk/Contents/Home/jre/bin/java]] [plugins.synchrony.bootstrap.LoggingOutputHandler] processLine {"synchrony":{"request":{"remote-addr":"127.0.0.1","uri":"/synchrony/jwt-key","request-method":"get","query-string":null},"response":{"status":200},"ns":"synchrony.middleware.logging","level":"info","message":"synchrony.middleware.logging [info] null"}}
[INFO] [talledLocalContainer] 2017-12-21 13:03:45,521 WARN [ListenableFutureAdapter-thread-1] [plugins.synchrony.config.DefaultSynchronyConfigurationManager] enableSharedDrafts [Collab editing plugin] Enabling Shared Drafts
[INFO] [talledLocalContainer] 2017-12-21 13:03:45,527 INFO [localhost-startStop-1] [atlassian.confluence.plugin.ConfluencePluginManager] lambda$lateStartup$0 Enabled 37 plugins in lateStartup
[INFO] [talledLocalContainer] 2017-12-21 13:03:46,971 INFO [localhost-startStop-1] [confluence.upgrade.impl.DefaultUpgradeGate] waitForBooleanValue Waiting to find if plugin dependent upgrades are required. Maximum wait time will be 90 seconds.
[INFO] [talledLocalContainer] 2017-12-21 13:03:46,973 INFO [localhost-startStop-1] [confluence.upgrade.impl.DefaultUpgradeGate] waitForBooleanValue plugin dependent upgrades are required : false.
[INFO] [talledLocalContainer] 2017-12-21 13:03:47,199 WARN [UpmScheduler:thread-1] [atlassian.upm.pac.PacClientImpl] getUpdates Update check request may take longer because of the number of add-ons
[INFO] [talledLocalContainer] 2017-12-21 13:03:47,475 WARN [Caesium-1-4] [impl.schedule.caesium.JobRunnerWrapper] runJob Scheduled job LaasPerformanceLoggingJob#LaasPerformanceLoggingJob completed unsuccessfully with response JobRunnerResponse[runOutcome=ABORTED,message='LaaS performance logging is turned off']
[INFO] [talledLocalContainer] 2017-12-21 13:03:47,866 WARN [localhost-startStop-1] [confluence.schedule.quartz.DeprecateQuartz] warn com.atlassian.confluence.plugins.dailysummary.scheduling.SummaryEmailJob: Quartz scheduler bean and related <job> and <trigger> plugin modules are deprecated. Use atlassian-scheduler schedulerService bean or <job-config> plugin module instead.
[INFO] [talledLocalContainer] 2017-12-21 13:03:47,887 WARN [localhost-startStop-1] [confluence.schedule.quartz.DeprecateQuartz] warn com.atlassian.confluence.plugins.recentlyviewed.job.PurgeHistoryJob: Quartz scheduler bean and related <job> and <trigger> plugin modules are deprecated. Use atlassian-scheduler schedulerService bean or <job-config> plugin module instead.
[INFO] [talledLocalContainer] 2017-12-21 13:03:47,935 WARN [localhost-startStop-1] [confluence.schedule.quartz.DeprecateQuartz] warn com.atlassian.confluence.plugins.metadata.jira.aggregate.JiraAggregateCacheConfigurationJob: Quartz scheduler bean and related <job> and <trigger> plugin modules are deprecated. Use atlassian-scheduler schedulerService bean or <job-config> plugin module instead.
[INFO] [talledLocalContainer] 2017-12-21 13:03:55,629 INFO [localhost-startStop-1] [confluence.admin.actions.SystemInfoOnStartup] startup 
[INFO] [talledLocalContainer] --------------------------
[INFO] [talledLocalContainer] Build Information
[INFO] [talledLocalContainer] --------------------------
[INFO] [talledLocalContainer] installationDate = Mon Nov 27 03:13:03 CET 2017
[INFO] [talledLocalContainer] supportEntitlementNumber = null
[INFO] [talledLocalContainer] buildNumber = 7502
[INFO] [talledLocalContainer] serverId = B8YY-C2UN-RY4R-ZZWX
[INFO] [talledLocalContainer] version = 6.6.0
[INFO] [talledLocalContainer] home = /Users/d0265672/src/Confluence-Mail-to-News-Plugin/target/confluence/home
[INFO] [talledLocalContainer] upTime = 1 minute, 13 seconds
[INFO] [talledLocalContainer] baseUrl = http://KAMPI00000104:1990/confluence
[INFO] [talledLocalContainer] devMode = true
[INFO] [talledLocalContainer] --------------------------
[INFO] [talledLocalContainer] Server Information
[INFO] [talledLocalContainer] --------------------------
[INFO] [talledLocalContainer] Application Server: Apache Tomcat/8.0.36
[INFO] [talledLocalContainer] Servlet Version: 3.1
[INFO] [talledLocalContainer] --------------------------
[INFO] [talledLocalContainer] Database Information
[INFO] [talledLocalContainer] --------------------------
[INFO] [talledLocalContainer] Database Dialect: org.hibernate.dialect.H2Dialect
[INFO] [talledLocalContainer] Database URL: jdbc:h2:tcp://localhost:9092//Users/d0265672/src/Confluence-Mail-to-News-Plugin/target/confluence/home/database/h2db
[INFO] [talledLocalContainer] Database Driver Name: org.h2.Driver
[INFO] [talledLocalContainer] Database Driver Version: 1.3.176 (2014-04-05)
[INFO] [talledLocalContainer] Database Name: H2
[INFO] [talledLocalContainer] Database Version: 1.3.176 (2014-04-05)
[INFO] [talledLocalContainer] Database Latency (ms): 1
[INFO] [talledLocalContainer] --------------------------
[INFO] [talledLocalContainer] System Information
[INFO] [talledLocalContainer] --------------------------
[INFO] [talledLocalContainer] date = Thursday, 21 December 2017
[INFO] [talledLocalContainer] jvmInputArguments = -Xmx512m -XX:MaxPermSize=256m -Xms128m -XX:PermSize=48m -Dbaseurl=http://KAMPI00000104:1990/confluence -Dplugin.root.directories=/Users/d0265672/src/Confluence-Mail-to-News-Plugin -Dcargo.servlet.uriencoding=UTF-8 -Dconfluence.home=/Users/d0265672/src/Confluence-Mail-to-News-Plugin/target/confluence/home -Dplugin.resource.directories=/Users/d0265672/src/Confluence-Mail-to-News-Plugin/src/main/resources,/Users/d0265672/src/Confluence-Mail-to-News-Plugin/src/test/resources -Datlassian.dev.mode=true -Djava.awt.headless=true -Datlassian.sdk.version=6.2.11 -Dcatalina.home=/Users/d0265672/src/Confluence-Mail-to-News-Plugin/target/container/tomcat8x/apache-tomcat-8.0.36 -Dcatalina.base=/Users/d0265672/src/Confluence-Mail-to-News-Plugin/target/container/tomcat8x/cargo-confluence-home -Djava.io.tmpdir=/Users/d0265672/src/Confluence-Mail-to-News-Plugin/target/container/tomcat8x/cargo-confluence-home/temp -Djava.util.logging.manager=org.apache.juli.ClassLoaderLogManager -Djava.util.logging.config.file=/Users/d0265672/src/Confluence-Mail-to-News-Plugin/target/container/tomcat8x/cargo-confluence-home/conf/logging.properties 
[INFO] [talledLocalContainer] systemLanguage = en
[INFO] [talledLocalContainer] jvmVendor = Oracle Corporation
[INFO] [talledLocalContainer] workingDirectory = /Users/d0265672/src/Confluence-Mail-to-News-Plugin/target/container/tomcat8x/cargo-confluence-home
[INFO] [talledLocalContainer] javaVersion = 1.8.0_112
[INFO] [talledLocalContainer] javaVendor = Oracle Corporation
[INFO] [talledLocalContainer] userName = d0265672
[INFO] [talledLocalContainer] operatingSystem = Mac OS X 10.12.6
[INFO] [talledLocalContainer] tempDirectory = /Users/d0265672/src/Confluence-Mail-to-News-Plugin/target/container/tomcat8x/cargo-confluence-home/temp
[INFO] [talledLocalContainer] jvmImplementationVersion = 25.112-b16
[INFO] [talledLocalContainer] appServer = Apache Tomcat
[INFO] [talledLocalContainer] javaVm = Java HotSpot(TM) 64-Bit Server VM
[INFO] [talledLocalContainer] jvmVersion = 1.8
[INFO] [talledLocalContainer] favouriteCharacter = Damien Darhk
[INFO] [talledLocalContainer] favouriteColour = Lapis Lazuli
[INFO] [talledLocalContainer] javaRuntime = Java(TM) SE Runtime Environment
[INFO] [talledLocalContainer] time = 13:03:55
[INFO] [talledLocalContainer] systemTimezone = Europe/Berlin
[INFO] [talledLocalContainer] operatingSystemArchitecture = x86_64
[INFO] [talledLocalContainer] fileSystemEncoding = UTF-8
[INFO] [talledLocalContainer] --------------------------
[INFO] [talledLocalContainer] Global Settings
[INFO] [talledLocalContainer] --------------------------
[INFO] [talledLocalContainer] allowCamelCase = false
[INFO] [talledLocalContainer] backupAttachmentsDaily = true
[INFO] [talledLocalContainer] enableOpenSearch = true
[INFO] [talledLocalContainer] showContactAdministratorsForm = true
[INFO] [talledLocalContainer] draftSaveInterval = 30000
[INFO] [talledLocalContainer] webSudoTimeout = 10
[INFO] [talledLocalContainer] webdavEnabled = false
[INFO] [talledLocalContainer] webSudoEnabled = true
[INFO] [talledLocalContainer] dailyBackupFilePrefix = backup-
[INFO] [talledLocalContainer] sharedMode = false
[INFO] [talledLocalContainer] indexingLanguage = english
[INFO] [talledLocalContainer] emailAddressVisibility = email.address.public
[INFO] [talledLocalContainer] attachmentDataStore = file.system.based.attachments.storage
[INFO] [talledLocalContainer] maxAttachmentsInUI = 5
[INFO] [talledLocalContainer] gzippingResponse = true
[INFO] [talledLocalContainer] disableLogo = false
[INFO] [talledLocalContainer] defaultSpaceHomepageTitle = Home
[INFO] [talledLocalContainer] allowRemoteApiAnonymous = false
[INFO] [talledLocalContainer] supportRequestEmail = confluence-autosupportrequests@atlassian.com
[INFO] [talledLocalContainer] defaultEncoding = UTF-8
[INFO] [talledLocalContainer] addWildcardsToUserAndGroupSearches = true
[INFO] [talledLocalContainer] defaultTimezoneId = null
[INFO] [talledLocalContainer] attachmentSecurityLevel = SMART
[INFO] [talledLocalContainer] showSystemInfoIn500Page = false
[INFO] [talledLocalContainer] timeZone = time.zone.Europe.Berlin
[INFO] [talledLocalContainer] saveable = true
[INFO] [talledLocalContainer] enableDidYouMean = false
[INFO] [talledLocalContainer] globalDefaultLocale = en_GB
[INFO] [talledLocalContainer] rssTimeout = 60
[INFO] [talledLocalContainer] useWysiwygByDefault = true
[INFO] [talledLocalContainer] allowThreadedComments = true
[INFO] [talledLocalContainer] ignoredAdminTasks = null
[INFO] [talledLocalContainer] enableWysiwyg = true
[INFO] [talledLocalContainer] maxThumbDimensions = 300x300
[INFO] [talledLocalContainer] antiXssMode = true
[INFO] [talledLocalContainer] maxThumbHeight = 300
[INFO] [talledLocalContainer] displayLinkIcons = false
[INFO] [talledLocalContainer] webdavUsername = null
[INFO] [talledLocalContainer] numberOfBreadcrumbAncestors = 1
[INFO] [talledLocalContainer] auditLogRetentionUnit = Years
[INFO] [talledLocalContainer] denyPublicSignup = true
[INFO] [talledLocalContainer] siteTitle = Confluence
[INFO] [talledLocalContainer] siteHomePage = null
[INFO] [talledLocalContainer] allowTrackbacks = false
[INFO] [talledLocalContainer] xsrfAddComments = true
[INFO] [talledLocalContainer] maxThumbWidth = 300
[INFO] [talledLocalContainer] backupDaily = true
[INFO] [talledLocalContainer] auditLogRetentionNumber = 3
[INFO] [talledLocalContainer] nofollowExternalLinks = true
[INFO] [talledLocalContainer] senMissingInLicenseMessageOff = true
[INFO] [talledLocalContainer] almostSupportPeriodEndMessageOff = false
[INFO] [talledLocalContainer] defaultUsersGroup = confluence-users
[INFO] [talledLocalContainer] backupPath = /Users/mtran/projects/stash/CONFSERVER/confluence/confluence-build/confluence-test-runner/confluence-multi-test/target/confluence-home/backups
[INFO] [talledLocalContainer] baseUrlAdminMessageOff = false
[INFO] [talledLocalContainer] externalUserManagement = false
[INFO] [talledLocalContainer] maxSimultaneousQuickNavRequests = 40
[INFO] [talledLocalContainer] webdavServerUrl = null
[INFO] [talledLocalContainer] maxRssItems = 200
[INFO] [talledLocalContainer] webdavPassword = null
[INFO] [talledLocalContainer] enableJavascriptTop = true
[INFO] [talledLocalContainer] viewSpaceGoesToSpaceSummary = false
[INFO] [talledLocalContainer] emailAdminMessageOff = false
[INFO] [talledLocalContainer] loginManagerSettings = com.atlassian.confluence.setup.settings.beans.LoginManagerSettings@717e10e9
[INFO] [talledLocalContainer] dailyBackupDateFormatPattern = yyyy_MM_dd
[INFO] [talledLocalContainer] attachmentMaxSize = 104857600
[INFO] [talledLocalContainer] customContactMessage = null
[INFO] [talledLocalContainer] baseUrl = http://KAMPI00000104:1990/confluence
[INFO] [talledLocalContainer] enableSpaceStyles = false
[INFO] [talledLocalContainer] enableQuickNav = true
[INFO] [talledLocalContainer] allowRemoteApi = true
[INFO] [talledLocalContainer] pageTimeout = 120
[INFO] [talledLocalContainer] --------------------------
[INFO] [talledLocalContainer] Usage Info
[INFO] [talledLocalContainer] --------------------------
[INFO] [talledLocalContainer] currentContent = 38
[INFO] [talledLocalContainer] personalSpaces = 0
[INFO] [talledLocalContainer] allContent = 38
[INFO] [talledLocalContainer] totalSpaces = 1
[INFO] [talledLocalContainer] localUsers = 1
[INFO] [talledLocalContainer] globalSpaces = 1
[INFO] [talledLocalContainer] usageInfoDTO = com.atlassian.confluence.status.service.systeminfo.UsageInfoDTO@36ace8c1
[INFO] [talledLocalContainer] indexSize = -1
[INFO] [talledLocalContainer] localGroups = 2
[INFO] [talledLocalContainer] --------------------------
[INFO] [talledLocalContainer] JVM Stats
[INFO] [talledLocalContainer] --------------------------
[INFO] [talledLocalContainer] usedMemory = 366834976
[INFO] [talledLocalContainer] usedMemoryInMegabytes = 349
[INFO] [talledLocalContainer] availableHeap = 165841632
[INFO] [talledLocalContainer] freeMemoryInMegabytes = 158
[INFO] [talledLocalContainer] allocatedHeap = 532676608
[INFO] [talledLocalContainer] freeAllocatedHeap = 165841632
[INFO] [talledLocalContainer] totalMemory = 532676608
[INFO] [talledLocalContainer] totalMemoryInMegabytes = 508
[INFO] [talledLocalContainer] availablePermGen = 0
[INFO] [talledLocalContainer] maxPermGen = -1
[INFO] [talledLocalContainer] maxHeap = 532676608
[INFO] [talledLocalContainer] usedHeap = 366834976
[INFO] [talledLocalContainer] freeMemory = 165841632
[INFO] [talledLocalContainer] usedPermGen = -1
[INFO] [talledLocalContainer] --------------------------
[INFO] [talledLocalContainer] Cluster Information
[INFO] [talledLocalContainer] --------------------------
[INFO] [talledLocalContainer] Not clustered.
[INFO] [talledLocalContainer] --------------------------
[INFO] [talledLocalContainer] Enabled Plugins
[INFO] [talledLocalContainer] --------------------------
[INFO] [talledLocalContainer] ActiveObjects Plugin - OSGi Bundle (com.atlassian.activeobjects.activeobjects-plugin, Version: 1.2.3, Installed: bundled)
[INFO] [talledLocalContainer] Admin Sections (confluence.sections.admin, Version: 1.0, Installed: bundled)
[INFO] [talledLocalContainer] Admin Tasks (confluence.sections.admin.tasks, Version: 1.0, Installed: bundled)
[INFO] [talledLocalContainer] Administration Menu Items (confluence.sections.admin.header, Version: 1.0, Installed: bundled)
[INFO] [talledLocalContainer] Advanced Macros (confluence.macros.advanced, Version: 3.10.3, Installed: bundled)
[INFO] [talledLocalContainer] Analytics Client Plugin (com.atlassian.analytics.analytics-client, Version: 5.2.20, Installed: bundled)
[INFO] [talledLocalContainer] Analytics Jobs Framework (com.atlassian.confluence.plugins.analytics-jobs-plugin, Version: 6.6.0, Installed: bundled)
[INFO] [talledLocalContainer] Analytics Whitelist Plugin (com.atlassian.analytics.analytics-whitelist, Version: 3.62, Installed: bundled)
[INFO] [talledLocalContainer] Apache Felix Web Management Console (org.apache.felix.webconsole-1.2.8, Version: 1.2.8, Installed: bundled)
[INFO] [talledLocalContainer] Apache ServiceMix :: Bundles :: junit (org.apache.servicemix.bundles.junit-4.10.0.1, Version: 4.10.0.1, Installed: bundled)
[INFO] [talledLocalContainer] Apache ServiceMix :: Bundles :: spring-jdbc (org.apache.servicemix.bundles.spring-jdbc-4.2.5.RELEASE_1, Version: 4.2.5.RELEASE_1, Installed: bundled)
[INFO] [talledLocalContainer] Apache ServiceMix :: Bundles :: spring-tx (org.apache.servicemix.bundles.spring-tx-4.2.5.RELEASE_1, Version: 4.2.5.RELEASE_1, Installed: bundled)
[INFO] [talledLocalContainer] Applinks - Plugin - Basic Authentication (com.atlassian.applinks.applinks-basicauth-plugin, Version: 5.4.1, Installed: bundled)
[INFO] [talledLocalContainer] Applinks - Plugin - CORS (com.atlassian.applinks.applinks-cors-plugin, Version: 5.4.1, Installed: bundled)
[INFO] [talledLocalContainer] Applinks - Plugin - Core (com.atlassian.applinks.applinks-plugin, Version: 5.4.1, Installed: bundled)
[INFO] [talledLocalContainer] Applinks - Plugin - OAuth (com.atlassian.applinks.applinks-oauth-plugin, Version: 5.4.1, Installed: bundled)
[INFO] [talledLocalContainer] Applinks - Plugin - Trusted Apps (com.atlassian.applinks.applinks-trustedapps-plugin, Version: 5.4.1, Installed: bundled)
[INFO] [talledLocalContainer] Atlassian Bot Session Killer (com.atlassian.labs.atlassian-bot-killer, Version: 1.7.2.1, Installed: bundled)
[INFO] [talledLocalContainer] Atlassian Cluster Monitoring Plugin (com.atlassian.cluster.monitoring.cluster-monitoring-plugin, Version: 1.0.2, Installed: bundled)
[INFO] [talledLocalContainer] Atlassian Developer Toolbox (com.atlassian.devrel.developer-toolbox-plugin, Version: 2.0.17, Installed: bundled)
[INFO] [talledLocalContainer] Atlassian Editor Plugin (com.atlassian.plugins.editor, Version: 6.6.0, Installed: bundled)
[INFO] [talledLocalContainer] Atlassian Embedded Crowd - Administration Plugin (com.atlassian.crowd.embedded.admin, Version: 2.3.3, Installed: bundled)
[INFO] [talledLocalContainer] Atlassian Gadgets API (com.atlassian.gadgets.atlassian-gadgets-api-4.2.22, Version: 4.2.22, Installed: bundled)
[INFO] [talledLocalContainer] Atlassian Gadgets OAuth Service Provider Plugin (com.atlassian.gadgets.oauth.serviceprovider, Version: 4.2.22, Installed: bundled)
[INFO] [talledLocalContainer] Atlassian Gadgets SPI (com.atlassian.gadgets.atlassian-gadgets-spi-4.2.22, Version: 4.2.22, Installed: bundled)
[INFO] [talledLocalContainer] Atlassian HTTP Client, Apache HTTP components impl (com.atlassian.httpclient.atlassian-httpclient-plugin, Version: 0.23.0, Installed: bundled)
[INFO] [talledLocalContainer] Atlassian HealthCheck Common Module (com.atlassian.healthcheck.atlassian-healthcheck, Version: 5.0.0, Installed: bundled)
[INFO] [talledLocalContainer] Atlassian Hipchat Integration Plugin (com.atlassian.plugins.base-hipchat-integration-plugin, Version: 7.11.2, Installed: bundled)
[INFO] [talledLocalContainer] Atlassian Hipchat Integration Plugin Core (com.atlassian.plugins.base-hipchat-integration-plugin-api, Version: 7.11.2, Installed: bundled)
[INFO] [talledLocalContainer] Atlassian Instrumentation JMX plugin (com.atlassian.instrumentation.atlassian-instrumentation-expose-jmx, Version: 2.2.2, Installed: bundled)
[INFO] [talledLocalContainer] Atlassian JWT Plugin (com.atlassian.jwt.jwt-plugin, Version: 1.4.1, Installed: bundled)
[INFO] [talledLocalContainer] Atlassian Keyboard Shortcuts - module support (com.atlassian.plugins.shortcuts.atlassian-shortcuts-plugin, Version: 1.3.2, Installed: bundled)
[INFO] [talledLocalContainer] Atlassian LESS Transformer Plugin (com.atlassian.plugins.less-transformer-plugin, Version: 3.2.1, Installed: bundled)
[INFO] [talledLocalContainer] Atlassian Navigation Links Plugin (com.atlassian.plugins.atlassian-nav-links-plugin, Version: 4.3.0, Installed: bundled)
[INFO] [talledLocalContainer] Atlassian Net Promoter Score (com.atlassian.plugins.atlassian-nps-plugin, Version: 3.1.27, Installed: bundled)
[INFO] [talledLocalContainer] Atlassian Notifications (com.atlassian.whisper.atlassian-whisper-plugin, Version: 1.1.3, Installed: bundled)
[INFO] [talledLocalContainer] Atlassian Notifications SPI Plugin (com.atlassian.plugin.notifications.notifications-module, Version: 3.3.3, Installed: bundled)
[INFO] [talledLocalContainer] Atlassian OAuth API (com.atlassian.oauth.atlassian-oauth-api-2.0.4, Version: 2.0.4, Installed: bundled)
[INFO] [talledLocalContainer] Atlassian OAuth Admin Plugin (com.atlassian.oauth.admin, Version: 2.0.4, Installed: bundled)
[INFO] [talledLocalContainer] Atlassian OAuth Consumer Plugin (com.atlassian.oauth.consumer, Version: 2.0.4, Installed: bundled)
[INFO] [talledLocalContainer] Atlassian OAuth Consumer SAL SPI Implementation (com.atlassian.oauth.consumer.sal, Version: 2.0.4, Installed: bundled)
[INFO] [talledLocalContainer] Atlassian OAuth Consumer SPI (com.atlassian.oauth.atlassian-oauth-consumer-spi, Version: 2.0.4, Installed: bundled)
[INFO] [talledLocalContainer] Atlassian OAuth Service Provider Plugin (com.atlassian.oauth.serviceprovider, Version: 2.0.4, Installed: bundled)
[INFO] [talledLocalContainer] Atlassian OAuth Service Provider SAL SPI Implementation (com.atlassian.oauth.serviceprovider.sal, Version: 2.0.4, Installed: bundled)
[INFO] [talledLocalContainer] Atlassian OAuth Service Provider SPI (com.atlassian.oauth.atlassian-oauth-service-provider-spi, Version: 2.0.4, Installed: bundled)
[INFO] [talledLocalContainer] Atlassian Playbook Blueprints (com.atlassian.confluence.plugins.atlassian-playbook-blueprints, Version: 1.1.0, Installed: bundled)
[INFO] [talledLocalContainer] Atlassian Plugins - Avatar Plugin (com.atlassian.plugins.avatar, Version: 1.3.5, Installed: bundled)
[INFO] [talledLocalContainer] Atlassian Plugins - JavaScript libraries (com.atlassian.plugin.jslibs, Version: 0.11.1, Installed: bundled)
[INFO] [talledLocalContainer] Atlassian Plugins - Web Resources - Implementation Plugin (com.atlassian.plugins.atlassian-plugins-webresource-plugin, Version: 3.5.19-ac3d947, Installed: bundled)
[INFO] [talledLocalContainer] Atlassian Plugins - Web Resources REST (com.atlassian.plugins.atlassian-plugins-webresource-rest, Version: 3.5.19-ac3d947, Installed: bundled)
[INFO] [talledLocalContainer] Atlassian Pretty URLs Plugin (com.atlassian.prettyurls.atlassian-pretty-urls-plugin, Version: 2.0.0, Installed: bundled)
[INFO] [talledLocalContainer] Atlassian REST - Module Types (com.atlassian.plugins.rest.atlassian-rest-module, Version: 3.0.14, Installed: bundled)
[INFO] [talledLocalContainer] Atlassian REST API Browser (com.atlassian.labs.rest-api-browser, Version: 3.1.3, Installed: bundled)
[INFO] [talledLocalContainer] Atlassian Soy - Plugin (com.atlassian.soy.soy-template-plugin, Version: 4.5.0, Installed: bundled)
[INFO] [talledLocalContainer] Atlassian Spring Scanner Annotations (com.atlassian.plugin.atlassian-spring-scanner-annotation, Version: 2.1.3, Installed: bundled)
[INFO] [talledLocalContainer] Atlassian Spring Scanner Runtime (com.atlassian.plugin.atlassian-spring-scanner-runtime, Version: 2.1.3, Installed: bundled)
[INFO] [talledLocalContainer] Atlassian Template Renderer API (com.atlassian.templaterenderer.api, Version: 2.1.0, Installed: bundled)
[INFO] [talledLocalContainer] Atlassian Template Renderer Velocity 1.6 Plugin (com.atlassian.templaterenderer.atlassian-template-renderer-velocity1.6-plugin, Version: 2.1.0, Installed: bundled)
[INFO] [talledLocalContainer] Atlassian Templates Import Framework (com.atlassian.confluence.plugins.templates-framework, Version: 0.3.1, Installed: bundled)
[INFO] [talledLocalContainer] Atlassian TinyMCE Plugin (com.atlassian.plugins.tinymce, Version: 6.6.0, Installed: bundled)
[INFO] [talledLocalContainer] Atlassian Troubleshooting and Support Tools (com.atlassian.troubleshooting.plugin-confluence, Version: 1.8.1, Installed: bundled)
[INFO] [talledLocalContainer] Atlassian UI Plugin (com.atlassian.auiplugin, Version: 6.0.6, Installed: bundled)
[INFO] [talledLocalContainer] Atlassian Universal Plugin Manager Plugin (com.atlassian.upm.atlassian-universal-plugin-manager-plugin, Version: 2.22.5, Installed: bundled)
[INFO] [talledLocalContainer] Atlassian WebHooks Plugin (com.atlassian.webhooks.atlassian-webhooks-plugin, Version: 3.2.0, Installed: bundled)
[INFO] [talledLocalContainer] Atlassian Whitelist Core Plugin (com.atlassian.plugins.atlassian-whitelist-core-plugin, Version: 3.0.2, Installed: bundled)
[INFO] [talledLocalContainer] Atlassian Whitelist UI Plugin (com.atlassian.plugins.atlassian-whitelist-ui-plugin, Version: 3.0.2, Installed: bundled)
[INFO] [talledLocalContainer] Atlassian XHTML (com.atlassian.plugins.atlassian-xhtml, Version: 6.6.0, Installed: bundled)
[INFO] [talledLocalContainer] Atlassian browser metrics plugin (com.atlassian.plugins.browser.metrics.browser-metrics-plugin, Version: 4.1.4, Installed: bundled)
[INFO] [talledLocalContainer] Attachment Actions (confluence.sections.attachments, Version: 1.0, Installed: bundled)
[INFO] [talledLocalContainer] Attachment Extractors (com.atlassian.confluence.plugins.confluence-attachment-extractors, Version: 1.3, Installed: bundled)
[INFO] [talledLocalContainer] Basic Macros (confluence.macros.basic, Version: 3.0.2, Installed: bundled)
[INFO] [talledLocalContainer] Browse Menu Items (confluence.sections.browse, Version: 1.0, Installed: bundled)
[INFO] [talledLocalContainer] Chart Plugin (confluence.extra.chart, Version: 2.1.3, Installed: bundled)
[INFO] [talledLocalContainer] Code Macro Plugin (com.atlassian.confluence.ext.newcode-macro-plugin, Version: 2.2.9, Installed: bundled)
[INFO] [talledLocalContainer] Comment Action Sections (confluence.comment.action, Version: 1.0, Installed: bundled)
[INFO] [talledLocalContainer] Confluence AUI Staging (confluence.aui.staging, Version: 6.6.0, Installed: bundled)
[INFO] [talledLocalContainer] Confluence Active Objects SPI implementation (com.atlassian.activeobjects.confluence.spi, Version: 1.2.3, Installed: bundled)
[INFO] [talledLocalContainer] Confluence Activity Stream Plugin (com.atlassian.streams.confluence, Version: 6.3.2, Installed: bundled)
[INFO] [talledLocalContainer] Confluence Activity Streams Inline Actions Plugin (com.atlassian.streams.confluence.inlineactions, Version: 6.3.2, Installed: bundled)
[INFO] [talledLocalContainer] Confluence Analytics Whitelist Plugin (confluence.analytics.whitelist, Version: 1.0, Installed: bundled)
[INFO] [talledLocalContainer] Confluence Attachments Plugin (confluence.extra.attachments, Version: 5.0.2, Installed: bundled)
[INFO] [talledLocalContainer] Confluence Avatar Plugin (com.atlassian.confluence.plugins.confluence-avatar-plugin, Version: 1.1.0, Installed: bundled)
[INFO] [talledLocalContainer] Confluence Axis SOAP plugin (com.atlassian.confluence.rpc.confluence-axis-soap-plugin, Version: 1.7.1, Installed: bundled)
[INFO] [talledLocalContainer] Confluence Base URL Plugin (com.atlassian.confluence.plugins.confluence-baseurl-plugin, Version: 1.1.4, Installed: bundled)
[INFO] [talledLocalContainer] Confluence Batch Notifications plugin (com.atlassian.confluence.plugins.confluence-notifications-batch-plugin, Version: 8.9.6, Installed: bundled)
[INFO] [talledLocalContainer] Confluence Blogging RPC Plugin (com.atlassian.confluence.plugins.xmlrpc.bloggingrpc, Version: 2.2.2, Installed: bundled)
[INFO] [talledLocalContainer] Confluence Business Blueprints - Plugin (com.atlassian.confluence.plugins.confluence-business-blueprints, Version: 5.0.5, Installed: bundled)
[INFO] [talledLocalContainer] Confluence CQL plugin (com.atlassian.querylang.confluence-cql-plugin, Version: 4.0.1, Installed: bundled)
[INFO] [talledLocalContainer] Confluence Cache Management Plugin (com.atlassian.confluence.plugins.confluence-cache-management-plugin, Version: 2.0.2, Installed: bundled)
[INFO] [talledLocalContainer] Confluence Chinese (China) Language Pack (tac.confluence.languages.zh_CN, Version: 6.6.0.m28-v2r49903-2017-11-28, Installed: bundled)
[INFO] [talledLocalContainer] Confluence Collaborative Editor Plugin (com.atlassian.confluence.plugins.confluence-collaborative-editor-plugin, Version: 2.0.17, Installed: bundled)
[INFO] [talledLocalContainer] Confluence Content Notifications Plugin (com.atlassian.confluence.plugins.confluence-content-notifications-plugin, Version: 8.9.6, Installed: bundled)
[INFO] [talledLocalContainer] Confluence Content Property Storage Plugin (com.atlassian.confluence.plugins.confluence-content-property-storage, Version: 6.6.0, Installed: bundled)
[INFO] [talledLocalContainer] Confluence Content Report Plugin (com.atlassian.confluence.plugins.confluence-content-report-plugin, Version: 2.0.1, Installed: bundled)
[INFO] [talledLocalContainer] Confluence Contributors Plugin (com.atlassian.confluence.contributors, Version: 1.11.1, Installed: bundled)
[INFO] [talledLocalContainer] Confluence Core Macros (confluence.macros.core, Version: 6.6.0, Installed: bundled)
[INFO] [talledLocalContainer] Confluence Core Macros (confluence.macros.multimedia, Version: 6.0.0, Installed: bundled)
[INFO] [talledLocalContainer] Confluence Create Content Plugin (com.atlassian.confluence.plugins.confluence-create-content-plugin, Version: 6.2.3, Installed: bundled)
[INFO] [talledLocalContainer] Confluence Custom Favicon Plugin (com.atlassian.favicon.confluence-custom-favicon-plugin, Version: 1.1.6, Installed: bundled)
[INFO] [talledLocalContainer] Confluence Czech (Czech Republic) Language Pack (tac.confluence.languages.cs_CZ, Version: 6.6.0.m28-v2r85454-2017-11-27, Installed: bundled)
[INFO] [talledLocalContainer] Confluence Dark Features REST endpoint (com.atlassian.confluence.plugins.confluence-darkfeatures-rest, Version: 6.6.0, Installed: bundled)
[INFO] [talledLocalContainer] Confluence Dashboard Actions (com.atlassian.confluence.plugins.dashboard-actions, Version: 6.6.0, Installed: bundled)
[INFO] [talledLocalContainer] Confluence Dashboard Plugin (com.atlassian.confluence.plugins.confluence-dashboard, Version: 1.2.22, Installed: bundled)
[INFO] [talledLocalContainer] Confluence Default Help Paths (confluence.help.paths, Version: 1.0, Installed: bundled)
[INFO] [talledLocalContainer] Confluence Default Space Content Plugin (com.atlassian.confluence.plugins.confluence-default-space-content-plugin, Version: 1.0, Installed: bundled)
[INFO] [talledLocalContainer] Confluence Document Conversion Library (com.atlassian.confluence.plugins.confluence-document-conversion-library, Version: 3.0.14, Installed: bundled)
[INFO] [talledLocalContainer] Confluence Drag and Drop Plugin (com.atlassian.confluence.plugins.drag-and-drop, Version: 6.6.0, Installed: bundled)
[INFO] [talledLocalContainer] Confluence Dutch (Netherlands) Language Pack (tac.confluence.languages.nl_NL, Version: 6.6.0.m28-v2r66962-2017-11-29, Installed: bundled)
[INFO] [talledLocalContainer] Confluence Easy-User Admin (com.atlassian.confluence.plugins.confluence-easyuser-admin, Version: 6.6.0, Installed: bundled)
[INFO] [talledLocalContainer] Confluence Edge Index (com.atlassian.confluence.plugins.confluence-edge-index, Version: 6.6.0, Installed: bundled)
[INFO] [talledLocalContainer] Confluence Editor Compatibility Support (com.atlassian.confluence.tinymceplugin, Version: 6.6.0, Installed: bundled)
[INFO] [talledLocalContainer] Confluence Editor Loader Plugin (com.atlassian.confluence.plugins.editor-loader, Version: 6.6.0, Installed: bundled)
[INFO] [talledLocalContainer] Confluence Editor Plugin (com.atlassian.confluence.editor, Version: 6.6.0, Installed: bundled)
[INFO] [talledLocalContainer] Confluence Editor v4 Plugin (com.atlassian.confluence.plugins.confluence-editor-v4, Version: 6.6.0, Installed: bundled)
[INFO] [talledLocalContainer] Confluence Email Notifications Plugin (com.atlassian.confluence.plugins.confluence-email-resources, Version: 8.9.6, Installed: bundled)
[INFO] [talledLocalContainer] Confluence Email Tracker (com.atlassian.confluence.plugins.confluence-email-tracker, Version: 1.4, Installed: bundled)
[INFO] [talledLocalContainer] Confluence English (United States) Language Pack (tac.confluence.languages.en_US, Version: 6.6.0.m28-v2r10285-2017-11-22, Installed: bundled)
[INFO] [talledLocalContainer] Confluence Estonian (Estonia) Language Pack (tac.confluence.languages.et_EE, Version: 6.6.0.m28-v2r56979-2017-12-01, Installed: bundled)
[INFO] [talledLocalContainer] Confluence Expand Macro (com.atlassian.confluence.plugins.expand-macro, Version: 7.0.0, Installed: bundled)
[INFO] [talledLocalContainer] Confluence Extractor API Plugin (com.atlassian.confluence.plugins.confluence-extractor-api-plugin, Version: 1.0.1, Installed: bundled)
[INFO] [talledLocalContainer] Confluence Feature Discovery Plugin (com.atlassian.confluence.plugins.confluence-feature-discovery-plugin, Version: 1.10.10, Installed: bundled)
[INFO] [talledLocalContainer] Confluence File Notifications (com.atlassian.confluence.plugins.confluence-file-notifications, Version: 2.0.0, Installed: bundled)
[INFO] [talledLocalContainer] Confluence Files (com.atlassian.confluence.plugins.confluence-files, Version: 2.0.1, Installed: bundled)
[INFO] [talledLocalContainer] Confluence Finnish (Finland) Language Pack (tac.confluence.languages.fi_FI, Version: 6.6.0.m28-v2r62541-2017-11-28, Installed: bundled)
[INFO] [talledLocalContainer] Confluence Fixed Headers (com.atlassian.confluence.plugins.confluence-fixed-headers, Version: 1.2.8, Installed: bundled)
[INFO] [talledLocalContainer] Confluence French (France) Language Pack (tac.confluence.languages.fr_FR, Version: 6.6.0.m28-v2r7321-2017-12-01, Installed: bundled)
[INFO] [talledLocalContainer] Confluence German (Germany) Language Pack (tac.confluence.languages.de_DE, Version: 6.6.0.m28-v2r14996-2017-12-01, Installed: bundled)
[INFO] [talledLocalContainer] Confluence Getting Started (confluence.getting-started, Version: 6.6.0, Installed: bundled)
[INFO] [talledLocalContainer] Confluence HTML Macros (confluence.macros.html, Version: 3.0.1, Installed: bundled)
[INFO] [talledLocalContainer] Confluence Hipchat Emoticons Plugin (com.atlassian.confluence.plugins.confluence-hipchat-emoticons-plugin, Version: 3.0.2, Installed: bundled)
[INFO] [talledLocalContainer] Confluence Hipchat Integration Plugin (com.atlassian.confluence.plugins.confluence-hipchat-integration-plugin, Version: 7.11.2, Installed: bundled)
[INFO] [talledLocalContainer] Confluence Hipchat Plugin (com.atlassian.labs.hipchat.confluence-hipchat, Version: 7.11.2, Installed: bundled)
[INFO] [talledLocalContainer] Confluence Hungarian (Hungary) Language Pack (tac.confluence.languages.hu_HU, Version: 6.6.0.m28-v2r84498-2017-11-27, Installed: bundled)
[INFO] [talledLocalContainer] Confluence Icelandic (Iceland) Language Pack (tac.confluence.languages.is_IS, Version: 6.6.0.m28-v2r2111-2017-12-01, Installed: bundled)
[INFO] [talledLocalContainer] Confluence Image Attributes (com.atlassian.confluence.plugins.confluence-image-attributes, Version: 6.6.0, Installed: bundled)
[INFO] [talledLocalContainer] Confluence Inline Comments (com.atlassian.confluence.plugins.confluence-inline-comments, Version: 5.0.1, Installed: bundled)
[INFO] [talledLocalContainer] Confluence Inline Tasks (com.atlassian.confluence.plugins.confluence-inline-tasks, Version: 7.3.1, Installed: bundled)
[INFO] [talledLocalContainer] Confluence Italian (Italy) Language Pack (tac.confluence.languages.it_IT, Version: 6.6.0.m28-v2r45443-2017-11-28, Installed: bundled)
[INFO] [talledLocalContainer] Confluence JSON-RPC Plugin (com.atlassian.confluence.rpc.confluence-json-rpc-plugin, Version: 2.0.0, Installed: bundled)
[INFO] [talledLocalContainer] Confluence Japanese (Japan) Language Pack (tac.confluence.languages.ja_JP, Version: 6.6.0.m28-v2r28314-2017-11-28, Installed: bundled)
[INFO] [talledLocalContainer] Confluence Jira Metadata Plugin (com.atlassian.confluence.plugins.confluence-jira-metadata, Version: 2.0.4, Installed: bundled)
[INFO] [talledLocalContainer] Confluence Jira Plugin (confluence.extra.jira, Version: 8.0.3, Installed: bundled)
[INFO] [talledLocalContainer] Confluence Keyboard Shortcuts Plugin (com.atlassian.confluence.keyboardshortcuts, Version: 6.6.0, Installed: bundled)
[INFO] [talledLocalContainer] Confluence Knowledge Base Blueprints Plugin (com.atlassian.confluence.plugins.confluence-knowledge-base, Version: 2.0.15, Installed: bundled)
[INFO] [talledLocalContainer] Confluence Korean (South Korea) Language Pack (tac.confluence.languages.ko_KR, Version: 6.6.0.m28-v2r84749-2017-11-28, Installed: bundled)
[INFO] [talledLocalContainer] Confluence Labels UI (com.atlassian.confluence.plugins.confluence-labels, Version: 6.6.0, Installed: bundled)
[INFO] [talledLocalContainer] Confluence License Banner (com.atlassian.confluence.plugins.confluence-license-banner, Version: 2.0.2, Installed: bundled)
[INFO] [talledLocalContainer] Confluence Like Plugin (com.atlassian.confluence.plugins.confluence-like, Version: 6.6.0, Installed: bundled)
[INFO] [talledLocalContainer] Confluence Link Browser (com.atlassian.confluence.plugins.confluence-link-browser, Version: 6.6.0, Installed: bundled)
[INFO] [talledLocalContainer] Confluence Live Search Macros Plugin (confluence.extra.livesearch, Version: 3.0.15, Installed: bundled)
[INFO] [talledLocalContainer] Confluence Look And Feel Logo Plugin (com.atlassian.confluence.plugins.confluence-lookandfeel, Version: 6.6.0, Installed: bundled)
[INFO] [talledLocalContainer] Confluence Macro Browser (com.atlassian.confluence.plugins.confluence-macro-browser, Version: 6.6.0, Installed: bundled)
[INFO] [talledLocalContainer] Confluence Macro Usage (com.atlassian.confluence.plugins.confluence-macro-usage, Version: 6.6.0, Installed: bundled)
[INFO] [talledLocalContainer] Confluence Mentions Plugin (com.atlassian.confluence.plugins.confluence-mentions-plugin, Version: 3.0.11, Installed: bundled)
[INFO] [talledLocalContainer] Confluence Mobile Plugin (com.atlassian.confluence.plugins.confluence-mobile-plugin, Version: 2.0.4, Installed: bundled)
[INFO] [talledLocalContainer] Confluence Mobile Web Plugin (com.atlassian.confluence.plugins.confluence-mobile, Version: 9.0.1, Installed: bundled)
[INFO] [talledLocalContainer] Confluence Monitoring (com.atlassian.confluence.plugins.confluence-monitoring, Version: 6.6.0, Installed: bundled)
[INFO] [talledLocalContainer] Confluence Monitoring Console (com.atlassian.confluence.plugins.confluence-monitoring-console, Version: 6.6.0, Installed: bundled)
[INFO] [talledLocalContainer] Confluence Nav Links Plugin (com.atlassian.confluence.plugins.confluence-nav-links, Version: 6.6.0, Installed: bundled)
[INFO] [talledLocalContainer] Confluence Norwegian (Norway) Language Pack (tac.confluence.languages.no_NO, Version: 6.6.0.m28-v2r18446-2017-11-28, Installed: bundled)
[INFO] [talledLocalContainer] Confluence Notifications SPI Plugin (com.atlassian.confluence.plugins.confluence-notifications-spi-plugin, Version: 8.9.6, Installed: bundled)
[INFO] [talledLocalContainer] Confluence PDF Export (com.atlassian.confluence.extra.flyingpdf, Version: 4.0.3, Installed: bundled)
[INFO] [talledLocalContainer] Confluence Page Banner (com.atlassian.confluence.plugins.confluence-page-banner, Version: 2.2.5, Installed: bundled)
[INFO] [talledLocalContainer] Confluence Page Hierarchy Plugin (com.atlassian.confluence.plugins.confluence-page-hierarchy-plugin, Version: 2.1.17, Installed: bundled)
[INFO] [talledLocalContainer] Confluence Page Layouts (com.atlassian.confluence.plugins.confluence-page-layout, Version: 6.6.0, Installed: bundled)
[INFO] [talledLocalContainer] Confluence Paste (com.atlassian.confluence.plugins.confluence-paste, Version: 6.6.0, Installed: bundled)
[INFO] [talledLocalContainer] Confluence Periodic Analytics Events (com.atlassian.confluence.plugins.confluence-periodic-analytics-events, Version: 1.0.2, Installed: bundled)
[INFO] [talledLocalContainer] Confluence Polish (Poland) Language Pack (tac.confluence.languages.pl_PL, Version: 6.6.0.m28-v2r39936-2017-11-28, Installed: bundled)
[INFO] [talledLocalContainer] Confluence Portuguese (Brazil) Language Pack (tac.confluence.languages.pt_BR, Version: 6.6.0.m28-v2r54403-2017-11-28, Installed: bundled)
[INFO] [talledLocalContainer] Confluence Previews (com.atlassian.confluence.plugins.confluence-previews, Version: 5.0.5, Installed: bundled)
[INFO] [talledLocalContainer] Confluence Quick Edit Plugin (com.atlassian.confluence.plugins.quickedit, Version: 6.6.0, Installed: bundled)
[INFO] [talledLocalContainer] Confluence Quick Reload Plugin (com.atlassian.confluence.plugins.quickreload, Version: 6.6.0, Installed: bundled)
[INFO] [talledLocalContainer] Confluence Quicknav (com.atlassian.confluence.plugins.confluence-quicknav, Version: 6.6.0, Installed: bundled)
[INFO] [talledLocalContainer] Confluence REST API Resources (com.atlassian.confluence.plugins.confluence-rest-resources, Version: 6.6.0, Installed: bundled)
[INFO] [talledLocalContainer] Confluence REST Navigation Service (com.atlassian.confluence.plugins.confluence-rest-navigation, Version: 6.6.0, Installed: bundled)
[INFO] [talledLocalContainer] Confluence REST Shared Jersey Classes (com.atlassian.confluence.plugins.confluence-rest-jersey, Version: 6.6.0, Installed: bundled)
[INFO] [talledLocalContainer] Confluence Reliable Save Plugin (com.atlassian.confluence.plugins.reliablesave, Version: 6.6.0, Installed: bundled)
[INFO] [talledLocalContainer] Confluence Remote API (confluence.extra.confluencerpc, Version: 6.6.0, Installed: bundled)
[INFO] [talledLocalContainer] Confluence Remote Page View - Plugin (com.atlassian.confluence.plugins.confluence-remote-page-view-plugin, Version: 1.15, Installed: bundled)
[INFO] [talledLocalContainer] Confluence Request Access Plugin (com.atlassian.confluence.plugins.confluence-request-access-plugin, Version: 3.2.3, Installed: bundled)
[INFO] [talledLocalContainer] Confluence Restrictions Dialog (com.atlassian.confluence.plugins.confluence-page-restrictions-dialog, Version: 6.6.0, Installed: bundled)
[INFO] [talledLocalContainer] Confluence Roadmap Planner (com.atlassian.confluence.plugins.confluence-roadmap-plugin, Version: 14.1.2, Installed: bundled)
[INFO] [talledLocalContainer] Confluence Romanian (Romania) Language Pack (tac.confluence.languages.ro_RO, Version: 6.6.0.m28-v2r7353-2017-11-28, Installed: bundled)
[INFO] [talledLocalContainer] Confluence Russian (Russia) Language Pack (tac.confluence.languages.ru_RU, Version: 6.6.0.m28-v2r93416-2017-11-28, Installed: bundled)
[INFO] [talledLocalContainer] Confluence SAL Plugin (com.atlassian.confluence.plugins.confluence-sal-plugin, Version: 6.6.0, Installed: bundled)
[INFO] [talledLocalContainer] Confluence Scheduled Job Administration UI (com.atlassian.confluence.plugins.confluence-schedule-admin, Version: 6.6.0, Installed: bundled)
[INFO] [talledLocalContainer] Confluence Scheduler SPI (com.atlassian.confluence.plugins.confluence-scheduler-spi, Version: 6.6.0, Installed: bundled)
[INFO] [talledLocalContainer] Confluence Search Plugin (com.atlassian.confluence.plugins.search.confluence-search, Version: 3.0.1, Installed: bundled)
[INFO] [talledLocalContainer] Confluence Slovak (Slovakia) Language Pack (tac.confluence.languages.sk_SK, Version: 6.6.0.m28-v2r56650-2017-11-27, Installed: bundled)
[INFO] [talledLocalContainer] Confluence Software Project Blueprint (com.atlassian.confluence.plugins.confluence-software-project, Version: 2.0.4, Installed: bundled)
[INFO] [talledLocalContainer] Confluence Sortable Tables (com.atlassian.confluence.plugins.confluence-sortable-tables, Version: 6.6.0, Installed: bundled)
[INFO] [talledLocalContainer] Confluence Soy Template Support (com.atlassian.confluence.plugins.soy, Version: 6.6.0, Installed: bundled)
[INFO] [talledLocalContainer] Confluence Space Blueprints Plugin (com.atlassian.confluence.plugins.confluence-space-blueprints, Version: 1.5.12, Installed: bundled)
[INFO] [talledLocalContainer] Confluence Space Directory (com.atlassian.confluence.plugins.confluence-space-directory, Version: 6.6.0, Installed: bundled)
[INFO] [talledLocalContainer] Confluence Space IA Plugin (com.atlassian.confluence.plugins.confluence-space-ia, Version: 13.2.1, Installed: bundled)
[INFO] [talledLocalContainer] Confluence Spaces (com.atlassian.confluence.plugins.confluence-spaces, Version: 6.6.0, Installed: bundled)
[INFO] [talledLocalContainer] Confluence Spanish (Spain) Language Pack (tac.confluence.languages.es_ES, Version: 6.6.0.m28-v2r19603-2017-11-30, Installed: bundled)
[INFO] [talledLocalContainer] Confluence Swedish (Sweden) Language Pack (tac.confluence.languages.sv_SE, Version: 6.6.0.m28-v2r42107-2017-11-27, Installed: bundled)
[INFO] [talledLocalContainer] Confluence Template Plugin (com.atlassian.confluence.plugins.confluence-templates, Version: 6.6.0, Installed: bundled)
[INFO] [talledLocalContainer] Confluence UI Components (com.atlassian.confluence.plugins.confluence-ui-components, Version: 2.1.1, Installed: bundled)
[INFO] [talledLocalContainer] Confluence UI REST (com.atlassian.confluence.plugins.confluence-ui-rest, Version: 6.6.0, Installed: bundled)
[INFO] [talledLocalContainer] Confluence User Avatar Uploader Plugin (com.atlassian.confluence.plugins.confluence-user-profile, Version: 2.0.1, Installed: bundled)
[INFO] [talledLocalContainer] Confluence User Rest (com.atlassian.confluence.plugins.confluence-user-rest, Version: 6.6.0, Installed: bundled)
[INFO] [talledLocalContainer] Confluence View File Macro (com.atlassian.confluence.plugins.confluence-view-file-macro, Version: 3.0.1, Installed: bundled)
[INFO] [talledLocalContainer] Confluence View Source (com.atlassian.confluence.plugins.view-source, Version: 6.6.0, Installed: bundled)
[INFO] [talledLocalContainer] Confluence View Storage Format (com.atlassian.confluence.plugins.view-storage-format, Version: 5.8.0, Installed: bundled)
[INFO] [talledLocalContainer] Confluence Watch Button (com.atlassian.confluence.plugins.watch-button, Version: 3.0.3, Installed: bundled)
[INFO] [talledLocalContainer] Confluence What's New (com.atlassian.confluence.plugins.whatsnew, Version: 6.10.3, Installed: bundled)
[INFO] [talledLocalContainer] Confluence and Jira Content Connector (com.atlassian.confluence.plugins.confluence-jira-content, Version: 2.0.9, Installed: bundled)
[INFO] [talledLocalContainer] Confluence browser fixes (com.atlassian.confluence.plugins.editor-height-fix, Version: 2.0, Installed: bundled)
[INFO] [talledLocalContainer] Confluence daily summary email (com.atlassian.confluence.plugins.confluence-daily-summary-email, Version: 5.9.4, Installed: bundled)
[INFO] [talledLocalContainer] Confluence old Prototype REST API (com.atlassian.confluence.restplugin, Version: 6.6.0, Installed: bundled)
[INFO] [talledLocalContainer] Content Action Menu Sections (confluence.content.action.menu, Version: 1.0, Installed: bundled)
[INFO] [talledLocalContainer] Content Buttons (confluence.sections.page.temp, Version: 1.0, Installed: bundled)
[INFO] [talledLocalContainer] Core Extractors (confluence.extractors.core, Version: 1.4, Installed: bundled)
[INFO] [talledLocalContainer] Core Filters (confluence.filters.core, Version: 1.0, Installed: bundled)
[INFO] [talledLocalContainer] Core Listeners (confluence.listeners.core, Version: 1.3, Installed: bundled)
[INFO] [talledLocalContainer] Core Path Converters (confluence.converters.core, Version: 1.0, Installed: bundled)
[INFO] [talledLocalContainer] Core Startup and Shutdown (confluence.lifecycle.core, Version: 1, Installed: bundled)
[INFO] [talledLocalContainer] Create Menu Items (confluence.sections.create, Version: 1.0, Installed: bundled)
[INFO] [talledLocalContainer] Crowd System Password Encoders (crowd.system.passwordencoders, Version: 1.0, Installed: bundled)
[INFO] [talledLocalContainer] Dashboard Macros (confluence.macros.dashboard, Version: 6.6.0, Installed: bundled)
[INFO] [talledLocalContainer] Default Macro Metadata Provider (confluence.macro.metadata.provider, Version: 1.0, Installed: bundled)
[INFO] [talledLocalContainer] Default Theme (com.atlassian.confluence.themes.default, Version: 1.0, Installed: bundled)
[INFO] [talledLocalContainer] Default section provider for content name search (confluence.search.contentname, Version: 1.0, Installed: bundled)
[INFO] [talledLocalContainer] Dialog Wizard (com.atlassian.confluence.plugins.dialog-wizard, Version: 0.10, Installed: bundled)
[INFO] [talledLocalContainer] Did You Mean Index Building Interface (confluence.sections.admin.indexing, Version: 1.0, Installed: bundled)
[INFO] [talledLocalContainer] Document Conversion Library (com.atlassian.plugins.document-conversion-library, Version: 2.0.1, Installed: bundled)
[INFO] [talledLocalContainer] Dynamic Task List 2 Plugin (confluence.extra.dynamictasklist2, Version: 4.3.1, Installed: bundled)
[INFO] [talledLocalContainer] Edit Settings Sections (confluence.sections.settings.edit, Version: 1.0, Installed: bundled)
[INFO] [talledLocalContainer] Editor Actions (confluence.editor.actions, Version: 1.0, Installed: bundled)
[INFO] [talledLocalContainer] Embedded Gadgets Plugin (com.atlassian.gadgets.embedded, Version: 4.2.22, Installed: bundled)
[INFO] [talledLocalContainer] Follow list resources (confluence.sections.user.follow.list, Version: 1.0, Installed: bundled)
[INFO] [talledLocalContainer] Gadget Directory Plugin (com.atlassian.gadgets.directory, Version: 4.2.22, Installed: bundled)
[INFO] [talledLocalContainer] Gadget Spec Publisher Plugin (com.atlassian.gadgets.publisher, Version: 4.2.22, Installed: bundled)
[INFO] [talledLocalContainer] Gadgets Plugin (com.atlassian.confluence.plugins.gadgets, Version: 8.1.2, Installed: bundled)
[INFO] [talledLocalContainer] Gadgets Plugin SPI (com.atlassian.confluence.plugins.gadgets.spi, Version: 8.1.2, Installed: bundled)
[INFO] [talledLocalContainer] Global Header Image Links (confluence.header.imagelinks, Version: 1.0, Installed: bundled)
[INFO] [talledLocalContainer] Help Menu Items (confluence.sections.help, Version: 1.0, Installed: bundled)
[INFO] [talledLocalContainer] ICU4J (com.atlassian.bundles.icu4j-3.8.0.1, Version: 3.8.0.1, Installed: bundled)
[INFO] [talledLocalContainer] IM Presence NG Plugin (confluence.extra.impresence2, Version: 3.0.0, Installed: bundled)
[INFO] [talledLocalContainer] ImageEffectsPlugin (com.atlassian.confluence.image.effects.ImageEffectsPlugin, Version: 1.5.4, Installed: bundled)
[INFO] [talledLocalContainer] ImageIO enabler (com.atlassian.plugins.imageio-enabler-0.0.0, Version: 0.0.0, Installed: bundled)
[INFO] [talledLocalContainer] Information Macros (confluence.extra.information, Version: 4.0.0, Installed: bundled)
[INFO] [talledLocalContainer] Issue Status Plugin (com.atlassian.plugins.issue-status-plugin, Version: 1.1.7, Installed: bundled)
[INFO] [talledLocalContainer] JIRA Integration :: Plugin (com.atlassian.integration.jira.jira-integration-plugin, Version: 3.0.2, Installed: bundled)
[INFO] [talledLocalContainer] JSON Library (com.atlassian.bundles.json-20070829.0.0.1, Version: 20070829.0.0.1, Installed: bundled)
[INFO] [talledLocalContainer] Java Concurrency in Practice Annotations (com.springsource.net.jcip.annotations-1.0.0, Version: 1.0.0, Installed: bundled)
[INFO] [talledLocalContainer] Layout Macros (confluence.extra.layout, Version: 2.2.3, Installed: bundled)
[INFO] [talledLocalContainer] License REST plugin for Confluence (com.atlassian.confluence.plugins.confluence-license-rest, Version: 6.6.0, Installed: bundled)
[INFO] [talledLocalContainer] Lucene Boosting Strategies (confluence.search.lucene.boosting, Version: 1.0, Installed: bundled)
[INFO] [talledLocalContainer] Lucene Compatibility Plugin (com.atlassian.labs.lucene-compat-plugin, Version: 1.1.1, Installed: bundled)
[INFO] [talledLocalContainer] Lucene Searcher Initializers (confluence.search.lucene.initialisation, Version: 1.0, Installed: bundled)
[INFO] [talledLocalContainer] Macro Usage Admin Plugin (com.atlassian.confluence.plugins.confluence-macro-usage-admin-plugin, Version: 1.0.9, Installed: bundled)
[INFO] [talledLocalContainer] Mail to Blog Plugin (de.dm.mail2blog.mail2blog, Version: 1.1, Installed: bundled)
[INFO] [talledLocalContainer] Mail to Blog Plugin (de.dm.mail2blog.mail2blog-tests, Version: 1.1, Installed: bundled)
[INFO] [talledLocalContainer] News Tabs (confluence.sections.news, Version: 1.0, Installed: bundled)
[INFO] [talledLocalContainer] OSGi R4 Compendium Bundle (org.osgi.compendium-4.1.0, Version: 4.1.0, Installed: bundled)
[INFO] [talledLocalContainer] Office Connector plugin (com.atlassian.confluence.extra.officeconnector, Version: 5.1.3, Installed: bundled)
[INFO] [talledLocalContainer] Opensocial Plugin (com.atlassian.gadgets.opensocial, Version: 4.2.22, Installed: bundled)
[INFO] [talledLocalContainer] Page Highlight Actions - Plugin (com.atlassian.confluence.plugins.confluence-highlight-actions, Version: 1.7.2, Installed: bundled)
[INFO] [talledLocalContainer] Page Operations (confluence.sections.page.operations, Version: 1.0, Installed: bundled)
[INFO] [talledLocalContainer] Page Properties Macros - Plugin (confluence.extra.masterdetail, Version: 5.0.18, Installed: bundled)
[INFO] [talledLocalContainer] Page Tabs (confluence.search.mappers.lucene, Version: 1.0, Installed: bundled)
[INFO] [talledLocalContainer] Page Tabs (confluence.sections.page, Version: 1.0, Installed: bundled)
[INFO] [talledLocalContainer] Page Tree Plugin (com.atlassian.confluence.plugins.pagetree, Version: 2.4.11, Installed: bundled)
[INFO] [talledLocalContainer] Profile Macros (confluence.macros.profile, Version: 1.0, Installed: bundled)
[INFO] [talledLocalContainer] Profile Picture (com.atlassian.confluence.plugins.profile-picture, Version: 2.0.5, Installed: bundled)
[INFO] [talledLocalContainer] Profile Tabs (confluence.sections.profile, Version: 1.0, Installed: bundled)
[INFO] [talledLocalContainer] Project Creation Capability Product REST Plugin (com.atlassian.plugins.atlassian-project-creation-plugin, Version: 2.0.9, Installed: bundled)
[INFO] [talledLocalContainer] Project Creation Plugin SPI for Confluence (com.atlassian.plugins.confluence-project-creation, Version: 2.0.9, Installed: bundled)
[INFO] [talledLocalContainer] Quick Reload - Stealing time back from Maven since 2013. Just press up arrow! (com.atlassian.labs.plugins.quickreload.reloader, Version: 1.24.1, Installed: bundled)
[INFO] [talledLocalContainer] Recently Viewed Plugin (com.atlassian.confluence.plugins.recently-viewed-plugin, Version: 5.3.3, Installed: bundled)
[INFO] [talledLocalContainer] SAML for Atlassian Data Center (com.atlassian.plugins.authentication.atlassian-authentication-plugin, Version: 2.0.8, Installed: bundled)
[INFO] [talledLocalContainer] Search Web Interface (confluence.sections.search.view, Version: 1.0, Installed: bundled)
[INFO] [talledLocalContainer] Search Web Interface (confluence.sections.admin.generalconfig, Version: 1.0, Installed: bundled)
[INFO] [talledLocalContainer] Share Page (com.atlassian.confluence.plugins.share-page, Version: 6.1.2, Installed: bundled)
[INFO] [talledLocalContainer] Space Admin Sections (confluence.sections.space.admin, Version: 1.0, Installed: bundled)
[INFO] [talledLocalContainer] Space Advanced Sections (confluence.sections.space.advanced, Version: 1.0, Installed: bundled)
[INFO] [talledLocalContainer] Space Browse Sections (confluence.sections.space.browse, Version: 1.0, Installed: bundled)
[INFO] [talledLocalContainer] Space Export Web Interface (confluence.sections.space.export.view, Version: 1.0, Installed: bundled)
[INFO] [talledLocalContainer] Space Item Tabs (confluence.sections.space, Version: 1.0, Installed: bundled)
[INFO] [talledLocalContainer] Space Pages Sections (confluence.sections.space.pages, Version: 1.0, Installed: bundled)
[INFO] [talledLocalContainer] Space Tools Sections (confluence.sections.space.tools, Version: 1.0, Installed: bundled)
[INFO] [talledLocalContainer] Spring Interceptor Adapter Plugin (com.atlassian.plugins.atlassian-spring-interceptor-adapter-plugin-1.1, Version: 1.1, Installed: bundled)
[INFO] [talledLocalContainer] Status Macro (com.atlassian.confluence.plugins.status-macro, Version: 2.21, Installed: bundled)
[INFO] [talledLocalContainer] Sticky Table Headers (com.atlassian.confluence.plugins.sticky-table-headers, Version: 1.17, Installed: bundled)
[INFO] [talledLocalContainer] Streams API (com.atlassian.streams.streams-api, Version: 6.3.2, Installed: bundled)
[INFO] [talledLocalContainer] Streams Core Plugin (com.atlassian.streams.core, Version: 6.3.2, Installed: bundled)
[INFO] [talledLocalContainer] Streams Inline Actions Plugin (com.atlassian.streams.actions, Version: 6.3.2, Installed: bundled)
[INFO] [talledLocalContainer] Streams Plugin (com.atlassian.streams, Version: 6.3.2, Installed: bundled)
[INFO] [talledLocalContainer] Streams SPI (com.atlassian.streams.streams-spi, Version: 6.3.2, Installed: bundled)
[INFO] [talledLocalContainer] Streams Third Party Provider Plugin (com.atlassian.streams.streams-thirdparty-plugin, Version: 6.3.2, Installed: bundled)
[INFO] [talledLocalContainer] Synchrony Interop Bootstrap Plugin (com.atlassian.confluence.plugins.synchrony-interop, Version: 6.6.0, Installed: bundled)
[INFO] [talledLocalContainer] System Templates (com.atlassian.confluence.plugins.system-templates, Version: 6.6.0, Installed: bundled)
[INFO] [talledLocalContainer] System Web Components (confluence.web.components, Version: 1.0, Installed: bundled)
[INFO] [talledLocalContainer] System Web Panels (confluence.web.panels, Version: 1.0, Installed: bundled)
[INFO] [talledLocalContainer] System Web Panels (confluence.web.panel.renderers, Version: 1.0, Installed: bundled)
[INFO] [talledLocalContainer] System Web Resources (confluence.web.resources, Version: 1.0, Installed: bundled)
[INFO] [talledLocalContainer] TDM Merger (com.atlassian.plugins.confluence-tdm-merger, Version: 6.6.0, Installed: bundled)
[INFO] [talledLocalContainer] Table of Contents Plugin (org.randombits.confluence.toc, Version: 4.0.2, Installed: bundled)
[INFO] [talledLocalContainer] TestRunner OSGI Bundle (com.atlassian.plugins.atlassian-plugins-osgi-testrunner-bundle, Version: 1.2.3, Installed: bundled)
[INFO] [talledLocalContainer] Upgrade Administration Interface (confluence.sections.admin.upgrade, Version: 1.0, Installed: bundled)
[INFO] [talledLocalContainer] User Administration (confluence.admin.user, Version: 1.0, Installed: bundled)
[INFO] [talledLocalContainer] User Hover Menu Sections (confluence.user.hover.menu, Version: 1.0, Installed: bundled)
[INFO] [talledLocalContainer] User Lister (confluence.extra.userlister, Version: 2.7.4, Installed: bundled)
[INFO] [talledLocalContainer] User Menu Sections (confluence.user.menu, Version: 1.0, Installed: bundled)
[INFO] [talledLocalContainer] User Menu Sections (confluence.user.menu.concise, Version: 1.0, Installed: bundled)
[INFO] [talledLocalContainer] View Profile Web Interface (confluence.sections.profile.view, Version: 1.0, Installed: bundled)
[INFO] [talledLocalContainer] View follow resources (confluence.sections.user.view.follow, Version: 1.0, Installed: bundled)
[INFO] [talledLocalContainer] WebDAV Plugin (confluence.extra.webdav, Version: 5.0.0, Installed: bundled)
[INFO] [talledLocalContainer] Widget Connector (com.atlassian.confluence.extra.widgetconnector, Version: 3.0.5, Installed: bundled)
[INFO] [talledLocalContainer] Wiki Markup Plugin (confluence.xhtml.wikimarkup, Version: 1.0, Installed: bundled)
[INFO] [talledLocalContainer] Wiki Renderer Components (confluence.renderer.components, Version: 1.0, Installed: bundled)
[INFO] [talledLocalContainer] Workbox - Common Plugin (com.atlassian.mywork.mywork-common-plugin, Version: 6.2.0, Installed: bundled)
[INFO] [talledLocalContainer] Workbox - Confluence Provider Plugin (com.atlassian.mywork.mywork-confluence-provider-plugin, Version: 6.2.0, Installed: bundled)
[INFO] [talledLocalContainer] Workbox - Host Plugin (com.atlassian.mywork.mywork-confluence-host-plugin, Version: 6.2.0, Installed: bundled)
[INFO] [talledLocalContainer] atlassian-failure-cache-plugin (com.atlassian.atlassian-failure-cache-plugin, Version: 0.15, Installed: bundled)
[INFO] [talledLocalContainer] atlassian-help-tips (com.atlassian.plugins.atlassian-help-tips, Version: 2.0.1, Installed: bundled)
[INFO] [talledLocalContainer] confluence-browser-metrics (com.atlassian.confluence.plugins.confluence-browser-metrics, Version: 2.0.15, Installed: bundled)
[INFO] [talledLocalContainer] confluence-software-blueprints (com.atlassian.confluence.plugins.confluence-software-blueprints, Version: 4.1.0, Installed: bundled)
[INFO] [talledLocalContainer] fastdev-plugin (com.atlassian.labs.fastdev-plugin, Version: 2.6, Installed: bundled)
[INFO] [talledLocalContainer] httpservice-bridge (com.atlassian.labs.httpservice.bridge-0.6.2, Version: 0.6.2, Installed: bundled)
[INFO] [talledLocalContainer] jquery (com.atlassian.plugins.jquery, Version: 1.7.2.1-confluence-custom-m03, Installed: bundled)
[INFO] [talledLocalContainer] plugin-data-editor (com.atlassian.plugins.plugin-data-editor, Version: 1.2, Installed: bundled)
[INFO] [talledLocalContainer] 
[INFO] [talledLocalContainer] 2017-12-21 13:03:55,671 DEBUG [253:StdOutHandler [/Library/Java/JavaVirtualMachines/jdk1.8.0_112.jdk/Contents/Home/jre/bin/java]] [plugins.synchrony.bootstrap.LoggingOutputHandler] processLine {"synchrony":{"request":{"remote-addr":"127.0.0.1","uri":"/synchrony/heartbeat","request-method":"get","query-string":null},"response":{"status":200},"ns":"synchrony.middleware.logging","level":"info","message":"synchrony.middleware.logging [info] null"}}
[INFO] [talledLocalContainer] 2017-12-21 13:03:56,688 INFO [localhost-startStop-1] [com.atlassian.confluence.lifecycle] init Confluence is ready to serve
[INFO] [talledLocalContainer] Dec 21, 2017 1:03:56 PM org.apache.catalina.startup.HostConfig deployWAR
[INFO] [talledLocalContainer] INFO: Deployment of web application archive /Users/d0265672/src/Confluence-Mail-to-News-Plugin/target/container/tomcat8x/cargo-confluence-home/webapps/confluence.war has finished in 87,940 ms
[INFO] [talledLocalContainer] Dec 21, 2017 1:03:56 PM org.apache.catalina.startup.HostConfig deployDirectory
[INFO] [talledLocalContainer] INFO: Deploying web application directory /Users/d0265672/src/Confluence-Mail-to-News-Plugin/target/container/tomcat8x/cargo-confluence-home/webapps/host-manager
[INFO] [talledLocalContainer] Dec 21, 2017 1:03:56 PM org.apache.catalina.startup.HostConfig deployDirectory
[INFO] [talledLocalContainer] INFO: Deployment of web application directory /Users/d0265672/src/Confluence-Mail-to-News-Plugin/target/container/tomcat8x/cargo-confluence-home/webapps/host-manager has finished in 26 ms
[INFO] [talledLocalContainer] Dec 21, 2017 1:03:56 PM org.apache.catalina.startup.HostConfig deployDirectory
[INFO] [talledLocalContainer] INFO: Deploying web application directory /Users/d0265672/src/Confluence-Mail-to-News-Plugin/target/container/tomcat8x/cargo-confluence-home/webapps/manager
[INFO] [talledLocalContainer] Dec 21, 2017 1:03:56 PM org.apache.catalina.startup.HostConfig deployDirectory
[INFO] [talledLocalContainer] INFO: Deployment of web application directory /Users/d0265672/src/Confluence-Mail-to-News-Plugin/target/container/tomcat8x/cargo-confluence-home/webapps/manager has finished in 17 ms
[INFO] [talledLocalContainer] Dec 21, 2017 1:03:56 PM org.apache.coyote.AbstractProtocol start
[INFO] [talledLocalContainer] INFO: Starting ProtocolHandler ["http-nio-1990"]
[INFO] [talledLocalContainer] Dec 21, 2017 1:03:56 PM org.apache.coyote.AbstractProtocol start
[INFO] [talledLocalContainer] INFO: Starting ProtocolHandler ["ajp-nio-8009"]
[INFO] [talledLocalContainer] Dec 21, 2017 1:03:56 PM org.apache.catalina.startup.Catalina start
[INFO] [talledLocalContainer] INFO: Server startup in 88258 ms
[INFO] [talledLocalContainer] Tomcat 8.x started on port [1990]
[INFO] [talledLocalContainer] 2017-12-21 13:03:56,928 WARN [http-nio-1990-exec-3] [spring.scanner.extension.DevModeBeanInitialisationLoggerBeanPostProcessor] postProcessBeforeInstantiation BeforeInstantiation [beanName=com.atlassian.prettyurls.filter.PrettyUrlsCombinedMatchDispatcherFilter, objectType=com.atlassian.prettyurls.filter.PrettyUrlsCombinedMatchDispatcherFilter, level=-5]
[INFO] [talledLocalContainer]  -- url: /confluence/rest/gadgets/1.0/g/messagebundle/und/gadget.common%2Cgadget.activity.stream | traceId: b7268c88b56649f8
[INFO] [talledLocalContainer] 2017-12-21 13:03:56,932 WARN [http-nio-1990-exec-3] [spring.scanner.extension.DevModeBeanInitialisationLoggerBeanPostProcessor] postProcessAfterInitialization AfterInitialisation [beanName=com.atlassian.prettyurls.filter.PrettyUrlsCombinedMatchDispatcherFilter, objectType=com.atlassian.prettyurls.filter.PrettyUrlsCombinedMatchDispatcherFilter, level=-5]
[INFO] [talledLocalContainer]  -- url: /confluence/rest/gadgets/1.0/g/messagebundle/und/gadget.common%2Cgadget.activity.stream | traceId: b7268c88b56649f8
[INFO] [talledLocalContainer] 2017-12-21 13:03:56,993 WARN [http-nio-1990-exec-3] [spring.scanner.extension.DevModeBeanInitialisationLoggerBeanPostProcessor] postProcessBeforeInstantiation BeforeInstantiation [beanName=com.atlassian.prettyurls.filter.PrettyUrlsCombinedMatchDispatcherFilter, objectType=com.atlassian.prettyurls.filter.PrettyUrlsCombinedMatchDispatcherFilter, level=-5]
[INFO] [talledLocalContainer]  -- url: /confluence/rest/gadgets/1.0/g/messagebundle/und/gadget.common%2Cgadget.activity.stream | traceId: b7268c88b56649f8
[INFO] [talledLocalContainer] 2017-12-21 13:03:56,994 WARN [http-nio-1990-exec-3] [spring.scanner.extension.DevModeBeanInitialisationLoggerBeanPostProcessor] postProcessAfterInitialization AfterInitialisation [beanName=com.atlassian.prettyurls.filter.PrettyUrlsCombinedMatchDispatcherFilter, objectType=com.atlassian.prettyurls.filter.PrettyUrlsCombinedMatchDispatcherFilter, level=-5]
[INFO] [talledLocalContainer]  -- url: /confluence/rest/gadgets/1.0/g/messagebundle/und/gadget.common%2Cgadget.activity.stream | traceId: b7268c88b56649f8
[INFO] [talledLocalContainer] 2017-12-21 13:03:57,021 WARN [http-nio-1990-exec-3] [spring.scanner.extension.DevModeBeanInitialisationLoggerBeanPostProcessor] postProcessBeforeInstantiation BeforeInstantiation [beanName=com.atlassian.prettyurls.filter.PrettyUrlsCombinedMatchDispatcherFilter, objectType=com.atlassian.prettyurls.filter.PrettyUrlsCombinedMatchDispatcherFilter, level=-5]
[INFO] [talledLocalContainer]  -- url: /confluence/rest/gadgets/1.0/g/messagebundle/und/gadget.common%2Cgadget.activity.stream | traceId: b7268c88b56649f8 | userName: anonymous
[INFO] [talledLocalContainer] 2017-12-21 13:03:57,022 WARN [http-nio-1990-exec-3] [spring.scanner.extension.DevModeBeanInitialisationLoggerBeanPostProcessor] postProcessAfterInitialization AfterInitialisation [beanName=com.atlassian.prettyurls.filter.PrettyUrlsCombinedMatchDispatcherFilter, objectType=com.atlassian.prettyurls.filter.PrettyUrlsCombinedMatchDispatcherFilter, level=-5]
[INFO] [talledLocalContainer]  -- url: /confluence/rest/gadgets/1.0/g/messagebundle/und/gadget.common%2Cgadget.activity.stream | traceId: b7268c88b56649f8 | userName: anonymous
[INFO] [talledLocalContainer] 2017-12-21 13:03:57,039 WARN [http-nio-1990-exec-3] [spring.scanner.extension.DevModeBeanInitialisationLoggerBeanPostProcessor] postProcessBeforeInstantiation BeforeInstantiation [beanName=com.atlassian.prettyurls.filter.PrettyUrlsMatcherFilter, objectType=com.atlassian.prettyurls.filter.PrettyUrlsMatcherFilter, level=-5]
[INFO] [talledLocalContainer]  -- url: /confluence/rest/gadgets/1.0/g/messagebundle/und/gadget.common%2Cgadget.activity.stream | traceId: b7268c88b56649f8 | userName: anonymous
[INFO] [talledLocalContainer] 2017-12-21 13:03:57,043 WARN [http-nio-1990-exec-3] [spring.scanner.extension.DevModeBeanInitialisationLoggerBeanPostProcessor] postProcessAfterInitialization AfterInitialisation [beanName=com.atlassian.prettyurls.filter.PrettyUrlsMatcherFilter, objectType=com.atlassian.prettyurls.filter.PrettyUrlsMatcherFilter, level=-5]
[INFO] [talledLocalContainer]  -- url: /confluence/rest/gadgets/1.0/g/messagebundle/und/gadget.common%2Cgadget.activity.stream | traceId: b7268c88b56649f8 | userName: anonymous
[INFO] [talledLocalContainer] 2017-12-21 13:03:57,044 WARN [http-nio-1990-exec-3] [spring.scanner.extension.DevModeBeanInitialisationLoggerBeanPostProcessor] postProcessBeforeInstantiation BeforeInstantiation [beanName=com.atlassian.prettyurls.filter.PrettyUrlsSiteMeshFilter, objectType=com.atlassian.prettyurls.filter.PrettyUrlsSiteMeshFilter, level=-5]
[INFO] [talledLocalContainer]  -- url: /confluence/rest/gadgets/1.0/g/messagebundle/und/gadget.common%2Cgadget.activity.stream | traceId: b7268c88b56649f8 | userName: anonymous
[INFO] [talledLocalContainer] 2017-12-21 13:03:57,047 WARN [http-nio-1990-exec-3] [spring.scanner.extension.DevModeBeanInitialisationLoggerBeanPostProcessor] postProcessAfterInitialization AfterInitialisation [beanName=com.atlassian.prettyurls.filter.PrettyUrlsSiteMeshFilter, objectType=com.atlassian.prettyurls.filter.PrettyUrlsSiteMeshFilter, level=-5]
[INFO] [talledLocalContainer]  -- url: /confluence/rest/gadgets/1.0/g/messagebundle/und/gadget.common%2Cgadget.activity.stream | traceId: b7268c88b56649f8 | userName: anonymous
[INFO] [talledLocalContainer] 2017-12-21 13:03:57,048 WARN [http-nio-1990-exec-3] [spring.scanner.extension.DevModeBeanInitialisationLoggerBeanPostProcessor] postProcessBeforeInstantiation BeforeInstantiation [beanName=com.atlassian.prettyurls.filter.PrettyUrlsDispatcherFilter, objectType=com.atlassian.prettyurls.filter.PrettyUrlsDispatcherFilter, level=-5]
[INFO] [talledLocalContainer]  -- url: /confluence/rest/gadgets/1.0/g/messagebundle/und/gadget.common%2Cgadget.activity.stream | traceId: b7268c88b56649f8 | userName: anonymous
[INFO] [talledLocalContainer] 2017-12-21 13:03:57,050 WARN [http-nio-1990-exec-3] [spring.scanner.extension.DevModeBeanInitialisationLoggerBeanPostProcessor] postProcessAfterInitialization AfterInitialisation [beanName=com.atlassian.prettyurls.filter.PrettyUrlsDispatcherFilter, objectType=com.atlassian.prettyurls.filter.PrettyUrlsDispatcherFilter, level=-5]
[INFO] [talledLocalContainer]  -- url: /confluence/rest/gadgets/1.0/g/messagebundle/und/gadget.common%2Cgadget.activity.stream | traceId: b7268c88b56649f8 | userName: anonymous
[INFO] [talledLocalContainer] 2017-12-21 13:03:57,050 WARN [http-nio-1990-exec-3] [spring.scanner.extension.DevModeBeanInitialisationLoggerBeanPostProcessor] postProcessBeforeInstantiation BeforeInstantiation [beanName=com.atlassian.prettyurls.filter.PrettyUrlsSiteMeshFixupFilter, objectType=com.atlassian.prettyurls.filter.PrettyUrlsSiteMeshFixupFilter, level=-5]
[INFO] [talledLocalContainer]  -- url: /confluence/rest/gadgets/1.0/g/messagebundle/und/gadget.common%2Cgadget.activity.stream | traceId: b7268c88b56649f8 | userName: anonymous
[INFO] [talledLocalContainer] 2017-12-21 13:03:57,053 WARN [http-nio-1990-exec-3] [spring.scanner.extension.DevModeBeanInitialisationLoggerBeanPostProcessor] postProcessAfterInitialization AfterInitialisation [beanName=com.atlassian.prettyurls.filter.PrettyUrlsSiteMeshFixupFilter, objectType=com.atlassian.prettyurls.filter.PrettyUrlsSiteMeshFixupFilter, level=-5]
[INFO] [talledLocalContainer]  -- url: /confluence/rest/gadgets/1.0/g/messagebundle/und/gadget.common%2Cgadget.activity.stream | traceId: b7268c88b56649f8 | userName: anonymous
[INFO] [talledLocalContainer] Dec 21, 2017 1:03:57 PM com.sun.jersey.server.impl.application.WebApplicationImpl _initiate
[INFO] [talledLocalContainer] INFO: Initiating Jersey application, version 'Jersey: 1.8-atlassian-16 03/23/2015 10:20 PM'
[INFO] adding system property to configuration: baseurl.confluence::http://KAMPI00000104:1990/confluence
[INFO] adding system property to configuration: product.6.6.0.version::6.6.0
[INFO] adding system property to configuration: http.confluence.protocol::http
[INFO] adding system property to configuration: http.port::1990
[INFO] adding system property to configuration: reportsDirectory::/Users/d0265672/src/Confluence-Mail-to-News-Plugin/target/group-Integration Tests/tomcat6x/surefire-reports
[INFO] adding system property to configuration: http.confluence.port::1990
[INFO] adding system property to configuration: product.confluence.id::confluence
[INFO] adding system property to configuration: homedir::/Users/d0265672/src/Confluence-Mail-to-News-Plugin/target/confluence/home
[INFO] adding system property to configuration: http.confluence.url::http://KAMPI00000104:1990/confluence
[INFO] adding system property to configuration: baseurl::http://KAMPI00000104:1990/confluence
[INFO] adding system property to configuration: testGroup::Integration Tests
[INFO] adding system property to configuration: context.path::/confluence
[INFO] adding system property to configuration: context.confluence.path::/confluence
[INFO] adding system property to configuration: plugin.jar::/Users/d0265672/src/Confluence-Mail-to-News-Plugin/target/mail2blog-1.1.jar
[INFO] adding system property to configuration: homedir.confluence::/Users/d0265672/src/Confluence-Mail-to-News-Plugin/target/confluence/home
[INFO] Failsafe integration-test configuration:
[INFO] <?xml version="1.0" encoding="UTF-8"?>
<configuration>
  <includes>
    <include>it/*.java</include>
  </includes>
  <excludes>
    <exclude>**/*$*</exclude>
    <exclude>**/Abstract*</exclude>
  </excludes>
  <systemPropertyVariables>
    <baseurl.confluence>http://KAMPI00000104:1990/confluence</baseurl.confluence>
    <product.6.6.0.version>6.6.0</product.6.6.0.version>
    <http.confluence.protocol>http</http.confluence.protocol>
    <http.port>1990</http.port>
    <reportsDirectory>/Users/d0265672/src/Confluence-Mail-to-News-Plugin/target/group-Integration Tests/tomcat6x/surefire-reports</reportsDirectory>
    <http.confluence.port>1990</http.confluence.port>
    <product.confluence.id>confluence</product.confluence.id>
    <homedir>/Users/d0265672/src/Confluence-Mail-to-News-Plugin/target/confluence/home</homedir>
    <http.confluence.url>http://KAMPI00000104:1990/confluence</http.confluence.url>
    <baseurl>http://KAMPI00000104:1990/confluence</baseurl>
    <testGroup>Integration Tests</testGroup>
    <context.path>/confluence</context.path>
    <context.confluence.path>/confluence</context.confluence.path>
    <plugin.jar>/Users/d0265672/src/Confluence-Mail-to-News-Plugin/target/mail2blog-1.1.jar</plugin.jar>
    <homedir.confluence>/Users/d0265672/src/Confluence-Mail-to-News-Plugin/target/confluence/home</homedir.confluence>
  </systemPropertyVariables>
  <reportsDirectory>/Users/d0265672/src/Confluence-Mail-to-News-Plugin/target/group-Integration Tests/tomcat6x/surefire-reports</reportsDirectory>
</configuration>
[WARNING] File encoding has not been set, using platform encoding UTF-8, i.e. build is platform dependent!
[INFO] Failsafe report directory: /Users/d0265672/src/Confluence-Mail-to-News-Plugin/target/group-Integration Tests/tomcat6x/surefire-reports
[WARNING] File encoding has not been set, using platform encoding UTF-8, i.e. build is platform dependent!
[INFO] confluence: Shutting down
[INFO] using codehaus cargo v1.4.7
[INFO] [talledLocalContainer] Tomcat 8.x is stopping...
[INFO] [talledLocalContainer] Dec 21, 2017 1:03:58 PM org.apache.catalina.startup.ClassLoaderFactory validateFile
[WARNING] [talledLocalContainer] WARNING: Problem with directory [/Users/d0265672/src/Confluence-Mail-to-News-Plugin/target/container/tomcat8x/cargo-confluence-home/common/classes], exists: [false], isDirectory: [false], canRead: [false]
[INFO] [talledLocalContainer] Dec 21, 2017 1:03:58 PM org.apache.catalina.startup.ClassLoaderFactory validateFile
[WARNING] [talledLocalContainer] WARNING: Problem with directory [/Users/d0265672/src/Confluence-Mail-to-News-Plugin/target/container/tomcat8x/cargo-confluence-home/common/lib], exists: [false], isDirectory: [false], canRead: [false]
[INFO] [talledLocalContainer] Dec 21, 2017 1:03:58 PM org.apache.catalina.startup.ClassLoaderFactory validateFile
[WARNING] [talledLocalContainer] WARNING: Problem with directory [/Users/d0265672/src/Confluence-Mail-to-News-Plugin/target/container/tomcat8x/cargo-confluence-home/shared/classes], exists: [false], isDirectory: [false], canRead: [false]
[INFO] [talledLocalContainer] Dec 21, 2017 1:03:58 PM org.apache.catalina.startup.ClassLoaderFactory validateFile
[WARNING] [talledLocalContainer] WARNING: Problem with directory [/Users/d0265672/src/Confluence-Mail-to-News-Plugin/target/container/tomcat8x/cargo-confluence-home/shared/lib], exists: [false], isDirectory: [false], canRead: [false]
[INFO] [talledLocalContainer] Dec 21, 2017 1:03:58 PM org.apache.catalina.core.StandardServer await
[INFO] [talledLocalContainer] INFO: A valid shutdown command was received via the shutdown port. Stopping the Server instance.
[INFO] [talledLocalContainer] Dec 21, 2017 1:03:58 PM org.apache.coyote.AbstractProtocol pause
[INFO] [talledLocalContainer] INFO: Pausing ProtocolHandler ["http-nio-1990"]
[INFO] [talledLocalContainer] Dec 21, 2017 1:03:58 PM org.apache.coyote.AbstractProtocol pause
[INFO] [talledLocalContainer] INFO: Pausing ProtocolHandler ["ajp-nio-8009"]
[INFO] [talledLocalContainer] Dec 21, 2017 1:03:58 PM org.apache.catalina.core.StandardService stopInternal
[INFO] [talledLocalContainer] INFO: Stopping service Catalina
[INFO] [talledLocalContainer] Dec 21, 2017 1:03:58 PM org.apache.catalina.core.StandardWrapper unload
[INFO] [talledLocalContainer] INFO: Waiting for 1 instance(s) to be deallocated for Servlet [noop]
[INFO] [talledLocalContainer] Dec 21, 2017 1:04:00 PM org.apache.catalina.core.StandardWrapper unload
[INFO] [talledLocalContainer] INFO: Waiting for 1 instance(s) to be deallocated for Servlet [noop]
[INFO] [talledLocalContainer] Dec 21, 2017 1:04:01 PM org.apache.catalina.core.StandardWrapper unload
[INFO] [talledLocalContainer] INFO: Waiting for 1 instance(s) to be deallocated for Servlet [noop]
[INFO] [talledLocalContainer] 2017-12-21 13:04:01,563 INFO [localhost-startStop-1] [atlassian.confluence.plugin.PluginFrameworkContextListener] contextDestroyed ServletContext about to be shut down; shutting down plugin framework
[INFO] [talledLocalContainer] 2017-12-21 13:04:01,564 INFO [localhost-startStop-1] [atlassian.plugin.manager.DefaultPluginManager] shutdown Preparing to shut down the plugin system
[INFO] [talledLocalContainer] 2017-12-21 13:04:01,571 INFO [localhost-startStop-1] [atlassian.plugin.manager.DefaultPluginManager] shutdown Shutting down the plugin system
[INFO] [talledLocalContainer] 2017-12-21 13:04:01,629 WARN [Gemini Blueprint context shutdown thread1] [confluence.plugins.confluence-macro-usage-admin-plugin.spring] destroy 
[INFO] [talledLocalContainer] 
[INFO] [talledLocalContainer] 	Spring context destroyed : com.atlassian.confluence.plugins.confluence-macro-usage-admin-plugin id(239) v(1.0.9) 
[INFO] [talledLocalContainer] 
[INFO] [talledLocalContainer] 2017-12-21 13:04:01,632 WARN [Gemini Blueprint context shutdown thread2] [atlassian.confluence.plugins.confluence-baseurl-plugin] logInDevMode Spring context destroyed for bundle: com.atlassian.confluence.plugins.confluence-baseurl-plugin id(231) v(1.1.4)
[INFO] [talledLocalContainer] 2017-12-21 13:04:01,635 WARN [Gemini Blueprint context shutdown thread2] [confluence.plugins.atlassian-playbook-blueprints.spring] destroy 
[INFO] [talledLocalContainer] 
[INFO] [talledLocalContainer] 	Spring context destroyed : com.atlassian.confluence.plugins.atlassian-playbook-blueprints id(229) v(1.1.0) 
[INFO] [talledLocalContainer] 
[INFO] [talledLocalContainer] 2017-12-21 13:04:01,643 WARN [Gemini Blueprint context shutdown thread2] [atlassian.confluence.plugins.confluence-basic-macros] logInDevMode Spring context destroyed for bundle: com.atlassian.confluence.plugins.confluence-basic-macros id(219) v(3.0.2)
[INFO] [talledLocalContainer] 2017-12-21 13:04:01,651 WARN [Gemini Blueprint context shutdown thread2] [extra.chart.plugin.spring] destroy 
[INFO] [talledLocalContainer] 
[INFO] [talledLocalContainer] 	Spring context destroyed : com.atlassian.confluence.extra.chart.plugin id(209) v(2.1.3) 
[INFO] [talledLocalContainer] 
[INFO] [talledLocalContainer] 2017-12-21 13:04:01,694 WARN [Gemini Blueprint context shutdown thread2] [gadgets.oauth.serviceprovider.spring] destroy 
[INFO] [talledLocalContainer] 
[INFO] [talledLocalContainer] 	Spring context destroyed : com.atlassian.gadgets.oauth.serviceprovider id(143) v(4.2.22) 
[INFO] [talledLocalContainer] 
[INFO] [talledLocalContainer] 2017-12-21 13:04:01,697 WARN [Gemini Blueprint context shutdown thread1] [atlassian.gadgets.embedded.spring] destroy 
[INFO] [talledLocalContainer] 
[INFO] [talledLocalContainer] 	Spring context destroyed : com.atlassian.gadgets.embedded id(142) v(4.2.22) 
[INFO] [talledLocalContainer] 
[INFO] [talledLocalContainer] 2017-12-21 13:04:01,701 WARN [Gemini Blueprint context shutdown thread2] [atlassian.confluence.rpc.confluence-json-rpc-plugin] logInDevMode Spring context destroyed for bundle: com.atlassian.confluence.rpc.confluence-json-rpc-plugin id(135) v(2.0.0)
[INFO] [talledLocalContainer] 2017-12-21 13:04:01,724 WARN [Gemini Blueprint context shutdown thread1] [atlassian.confluence.plugins.confluence-rest-navigation] logInDevMode Spring context destroyed for bundle: com.atlassian.confluence.plugins.confluence-rest-navigation id(93) v(6.6.0)
[INFO] [talledLocalContainer] 2017-12-21 13:04:01,728 WARN [Gemini Blueprint context shutdown thread1] [atlassian.confluence.plugins.confluence-periodic-analytics-events] logInDevMode Spring context destroyed for bundle: com.atlassian.confluence.plugins.confluence-periodic-analytics-events id(87) v(1.0.2)
[INFO] [talledLocalContainer] 2017-12-21 13:04:01,731 WARN [Gemini Blueprint context shutdown thread1] [atlassian.confluence.plugins.confluence-page-banner] logInDevMode Spring context destroyed for bundle: com.atlassian.confluence.plugins.confluence-page-banner id(82) v(2.2.5)
[INFO] [talledLocalContainer] 2017-12-21 13:04:01,865 WARN [Gemini Blueprint context shutdown thread1] [plugins.authentication.atlassian-authentication-plugin.spring] destroy 
[INFO] [talledLocalContainer] 
[INFO] [talledLocalContainer] 	Spring context destroyed : com.atlassian.plugins.authentication.atlassian-authentication-plugin id(255) v(2.0.8) 
[INFO] [talledLocalContainer] 
[INFO] [talledLocalContainer] 2017-12-21 13:04:01,889 WARN [Gemini Blueprint context shutdown thread1] [labs.plugins.quickreload.spring] destroy 
[INFO] [talledLocalContainer] 
[INFO] [talledLocalContainer] 	Spring context destroyed : com.atlassian.labs.plugins.quickreload id(251) v(1.24.1) 
[INFO] [talledLocalContainer] 
[INFO] [talledLocalContainer] 2017-12-21 13:04:01,921 INFO [Gemini Blueprint context shutdown thread2] [plugins.synchrony.bootstrap.DefaultSynchronyProcessManager] lambda$stop$12 Stopping Synchrony...
[INFO] [talledLocalContainer] 2017-12-21 13:04:01,923 WARN [253:StdOutHandler [/Library/Java/JavaVirtualMachines/jdk1.8.0_112.jdk/Contents/Home/jre/bin/java]] [atlassian.utils.process.ExternalProcessImpl] maybeFinish Finishing /Library/Java/JavaVirtualMachines/jdk1.8.0_112.jdk/Contents/Home/jre/bin/java -classpath /Users/d0265672/src/Confluence-Mail-to-News-Plugin/target/container/tomcat8x/cargo-confluence-home/temp/2.1.0-release-confluence_6.5-1a01ab2d.jar:/Users/d0265672/src/Confluence-Mail-to-News-Plugin/target/container/tomcat8x/cargo-confluence-home/webapps/confluence/WEB-INF/lib/h2-1.3.176.jar -Xss2048k -Xmx1g synchrony.core sql finished
[INFO] [talledLocalContainer] java.lang.IllegalArgumentException: timeout value is negative
[INFO] [talledLocalContainer] 	at java.lang.Object.wait(Native Method)
[INFO] [talledLocalContainer] 	at java.lang.UNIXProcess.waitFor(UNIXProcess.java:412)
[INFO] [talledLocalContainer] 	at com.atlassian.utils.process.ExternalProcessImpl.getExitCodeUnlessTimeout(ExternalProcessImpl.java:676)
[INFO] [talledLocalContainer] 	at com.atlassian.utils.process.ExternalProcessImpl.wrapUpProcess(ExternalProcessImpl.java:654)
[INFO] [talledLocalContainer] 	at com.atlassian.utils.process.ExternalProcessImpl.finish(ExternalProcessImpl.java:192)
[INFO] [talledLocalContainer] 	at com.atlassian.utils.process.ExternalProcessImpl$AsynchronousOutputHandlerRunnable.maybeFinish(ExternalProcessImpl.java:730)
[INFO] [talledLocalContainer] 	at com.atlassian.utils.process.ExternalProcessImpl$AsynchronousOutputHandlerRunnable.run(ExternalProcessImpl.java:724)
[INFO] [talledLocalContainer] 	at java.util.concurrent.ThreadPoolExecutor.runWorker(ThreadPoolExecutor.java:1142)
[INFO] [talledLocalContainer] 	at java.util.concurrent.ThreadPoolExecutor$Worker.run(ThreadPoolExecutor.java:617)
[INFO] [talledLocalContainer] 	at java.lang.Thread.run(Thread.java:745)
[INFO] [talledLocalContainer] 2017-12-21 13:04:04,930 INFO [Gemini Blueprint context shutdown thread2] [plugins.synchrony.bootstrap.DefaultSynchronyProcessManager] lambda$stop$12 Stopping Synchrony...
[INFO] [talledLocalContainer] 2017-12-21 13:04:04,931 WARN [Gemini Blueprint context shutdown thread2] [atlassian.confluence.plugins.synchrony-interop] logInDevMode Spring context destroyed for bundle: com.atlassian.confluence.plugins.synchrony-interop id(245) v(6.6.0)
[INFO] [talledLocalContainer] 2017-12-21 13:04:05,186 WARN [Gemini Blueprint context shutdown thread2] [confluence.officeconnector.OfficeConnector.spring] destroy 
[INFO] [talledLocalContainer] 
[INFO] [talledLocalContainer] 	Spring context destroyed : com.atlassian.confluence.officeconnector.OfficeConnector id(228) v(5.1.3) 
[INFO] [talledLocalContainer] 
[INFO] [talledLocalContainer] 2017-12-21 13:04:05,384 WARN [Gemini Blueprint context shutdown thread2] [expose.jmx.schedule.JmxInstrumentSchedulerImpl] destroy atlassian-instrumentation-jmx expose scheduler stopped.
[INFO] [talledLocalContainer] 2017-12-21 13:04:05,428 WARN [Gemini Blueprint context shutdown thread1] [atlassian.confluence.plugins.confluence-scheduler-spi] logInDevMode Spring context destroyed for bundle: com.atlassian.confluence.plugins.confluence-scheduler-spi id(243) v(6.6.0)
[INFO] [talledLocalContainer] 2017-12-21 13:04:05,554 WARN [Gemini Blueprint context shutdown thread2] [atlassian.troubleshooting.plugin-confluence.spring] destroy 
[INFO] [talledLocalContainer] 
[INFO] [talledLocalContainer] 	Spring context destroyed : com.atlassian.troubleshooting.plugin-confluence id(201) v(1.8.1) 
[INFO] [talledLocalContainer] 
[INFO] [talledLocalContainer] 2017-12-21 13:04:05,723 WARN [AtlassianEvent::CustomizableThreadFactory-3] [renderer.internal.http.HttpClientFetcher] fetch A request to http://KAMPI00000104:1990/confluence/rest/gadgets/1.0/g/messagebundle/en_GB/gadget.common%2Cgadget.activity.stream has been denied.  To allow requests to this URL add the application URL to your whitelist (http://confluence.atlassian.com/x/KQfCDQ ).
[INFO] [talledLocalContainer] 2017-12-21 13:04:05,730 WARN [AtlassianEvent::CustomizableThreadFactory-3] [renderer.internal.http.HttpClientFetcher] fetch A request to http://KAMPI00000104:1990/confluence/rest/gadgets/1.0/g/messagebundle/und/gadget.common%2Cgadget.quicknav has been denied.  To allow requests to this URL add the application URL to your whitelist (http://confluence.atlassian.com/x/KQfCDQ ).
[INFO] [talledLocalContainer] 2017-12-21 13:04:05,732 WARN [AtlassianEvent::CustomizableThreadFactory-3] [renderer.internal.http.HttpClientFetcher] fetch A request to http://KAMPI00000104:1990/confluence/rest/gadgets/1.0/g/messagebundle/und/gadget.common%2Cgadget.quicknav has been denied.  To allow requests to this URL add the application URL to your whitelist (http://confluence.atlassian.com/x/KQfCDQ ).
[INFO] [talledLocalContainer] 2017-12-21 13:04:05,733 WARN [AtlassianEvent::CustomizableThreadFactory-3] [renderer.internal.http.HttpClientFetcher] fetch A request to http://KAMPI00000104:1990/confluence/rest/gadgets/1.0/g/messagebundle/en_GB/gadget.common%2Cgadget.quicknav has been denied.  To allow requests to this URL add the application URL to your whitelist (http://confluence.atlassian.com/x/KQfCDQ ).
[INFO] [talledLocalContainer] 2017-12-21 13:04:05,740 WARN [AtlassianEvent::CustomizableThreadFactory-3] [renderer.internal.http.HttpClientFetcher] fetch A request to http://KAMPI00000104:1990/confluence/rest/gadgets/1.0/g/messagebundle/und/gadget.common%2Cgadget.confluence has been denied.  To allow requests to this URL add the application URL to your whitelist (http://confluence.atlassian.com/x/KQfCDQ ).
[INFO] [talledLocalContainer] 2017-12-21 13:04:05,741 WARN [AtlassianEvent::CustomizableThreadFactory-3] [renderer.internal.http.HttpClientFetcher] fetch A request to http://KAMPI00000104:1990/confluence/rest/gadgets/1.0/g/messagebundle/und/gadget.common%2Cgadget.confluence has been denied.  To allow requests to this URL add the application URL to your whitelist (http://confluence.atlassian.com/x/KQfCDQ ).
[INFO] [talledLocalContainer] 2017-12-21 13:04:05,743 WARN [AtlassianEvent::CustomizableThreadFactory-3] [renderer.internal.http.HttpClientFetcher] fetch A request to http://KAMPI00000104:1990/confluence/rest/gadgets/1.0/g/messagebundle/en_GB/gadget.common%2Cgadget.confluence has been denied.  To allow requests to this URL add the application URL to your whitelist (http://confluence.atlassian.com/x/KQfCDQ ).
[INFO] [talledLocalContainer] 2017-12-21 13:04:05,809 WARN [Gemini Blueprint context shutdown thread1] [atlassian.gadgets.publisher.spring] destroy 
[INFO] [talledLocalContainer] 
[INFO] [talledLocalContainer] 	Spring context destroyed : com.atlassian.gadgets.publisher id(145) v(4.2.22) 
[INFO] [talledLocalContainer] 
[INFO] [talledLocalContainer] 2017-12-21 13:04:05,820 WARN [Gemini Blueprint context shutdown thread2] [atlassian.gadgets.directory.spring] destroy 
[INFO] [talledLocalContainer] 
[INFO] [talledLocalContainer] 	Spring context destroyed : com.atlassian.gadgets.directory id(141) v(4.2.22) 
[INFO] [talledLocalContainer] 
[INFO] [talledLocalContainer] 2017-12-21 13:04:05,891 WARN [Gemini Blueprint context shutdown thread2] [atlassian.gadgets.opensocial.spring] destroy 
[INFO] [talledLocalContainer] 
[INFO] [talledLocalContainer] 	Spring context destroyed : com.atlassian.gadgets.opensocial id(144) v(4.2.22) 
[INFO] [talledLocalContainer] 
[INFO] [talledLocalContainer] 2017-12-21 13:04:05,938 WARN [Gemini Blueprint context shutdown thread2] [atlassian.confluence.plugins.confluence-rest-resources] logInDevMode Spring context destroyed for bundle: com.atlassian.confluence.plugins.confluence-rest-resources id(94) v(6.6.0)
[INFO] [talledLocalContainer] 2017-12-21 13:04:05,945 WARN [Gemini Blueprint context shutdown thread1] [atlassian.confluence.plugins.confluence-request-access-plugin] logInDevMode Spring context destroyed for bundle: com.atlassian.confluence.plugins.confluence-request-access-plugin id(91) v(3.2.3)
[INFO] [talledLocalContainer] 2017-12-21 13:04:05,960 WARN [Gemini Blueprint context shutdown thread2] [atlassian.confluence.plugins.confluence-page-hierarchy-plugin] logInDevMode Spring context destroyed for bundle: com.atlassian.confluence.plugins.confluence-page-hierarchy-plugin id(83) v(2.1.17)
[INFO] [talledLocalContainer] 2017-12-21 13:04:05,974 WARN [Gemini Blueprint context shutdown thread2] [atlassian.confluence.plugins.confluence-mobile-plugin] logInDevMode Spring context destroyed for bundle: com.atlassian.confluence.plugins.confluence-mobile-plugin id(75) v(2.0.4)
[INFO] [talledLocalContainer] 2017-12-21 13:04:06,034 WARN [Gemini Blueprint context shutdown thread2] [atlassian.confluence.plugins.confluence-license-banner] logInDevMode Spring context destroyed for bundle: com.atlassian.confluence.plugins.confluence-license-banner id(66) v(2.0.2)
[INFO] [talledLocalContainer] 2017-12-21 13:04:06,052 WARN [Gemini Blueprint context shutdown thread1] [com.atlassian.whisper.atlassian-whisper-plugin] logInDevMode Spring context destroyed for bundle: com.atlassian.whisper.atlassian-whisper-plugin id(204) v(1.1.3)
[INFO] [talledLocalContainer] 2017-12-21 13:04:06,073 WARN [Gemini Blueprint context shutdown thread2] [atlassian.confluence.plugins.confluence-jira-metadata] logInDevMode Spring context destroyed for bundle: com.atlassian.confluence.plugins.confluence-jira-metadata id(63) v(2.0.4)
[INFO] [talledLocalContainer] 2017-12-21 13:04:06,097 WARN [Gemini Blueprint context shutdown thread2] [atlassian.confluence.plugins.confluence-inline-tasks] logInDevMode Spring context destroyed for bundle: com.atlassian.confluence.plugins.confluence-inline-tasks id(61) v(7.3.1)
[INFO] [talledLocalContainer] 2017-12-21 13:04:06,113 WARN [Gemini Blueprint context shutdown thread1] [atlassian.confluence.plugins.confluence-files] logInDevMode Spring context destroyed for bundle: com.atlassian.confluence.plugins.confluence-files id(56) v(2.0.1)
[INFO] [talledLocalContainer] 2017-12-21 13:04:06,138 WARN [Gemini Blueprint context shutdown thread1] [atlassian.confluence.plugins.confluence-document-conversion-library] logInDevMode Spring context destroyed for bundle: com.atlassian.confluence.plugins.confluence-document-conversion-library id(49) v(3.0.14)
[INFO] [talledLocalContainer] 2017-12-21 13:04:06,261 WARN [Gemini Blueprint context shutdown thread2] [confluence.plugins.confluence-collaborative-editor-plugin.spring] destroy 
[INFO] [talledLocalContainer] 
[INFO] [talledLocalContainer] 	Spring context destroyed : com.atlassian.confluence.plugins.confluence-collaborative-editor-plugin id(41) v(2.0.17) 
[INFO] [talledLocalContainer] 
[INFO] [talledLocalContainer] 2017-12-21 13:04:06,564 WARN [Gemini Blueprint context shutdown thread1] [com.atlassian.querylang.confluence-cql-plugin] logInDevMode Spring context destroyed for bundle: com.atlassian.querylang.confluence-cql-plugin id(190) v(4.0.1)
[INFO] [talledLocalContainer] 2017-12-21 13:04:06,590 WARN [Gemini Blueprint context shutdown thread1] [atlassian.confluence.plugins.share-page] logInDevMode Spring context destroyed for bundle: com.atlassian.confluence.plugins.share-page id(122) v(6.1.2)
[INFO] [talledLocalContainer] 2017-12-21 13:04:06,633 WARN [Gemini Blueprint context shutdown thread2] [atlassian.webhooks.atlassian-webhooks-plugin.spring] destroy 
[INFO] [talledLocalContainer] 
[INFO] [talledLocalContainer] 	Spring context destroyed : com.atlassian.webhooks.atlassian-webhooks-plugin id(203) v(3.2.0) 
[INFO] [talledLocalContainer] 
[INFO] [talledLocalContainer] 2017-12-21 13:04:06,948 WARN [Gemini Blueprint context shutdown thread1] [image.effects.ImageEffectsPlugin.spring] destroy 
[INFO] [talledLocalContainer] 
[INFO] [talledLocalContainer] 	Spring context destroyed : com.atlassian.confluence.image.effects.ImageEffectsPlugin id(34) v(1.5.4) 
[INFO] [talledLocalContainer] 
[INFO] [talledLocalContainer] 2017-12-21 13:04:08,140 WARN [Gemini Blueprint context shutdown thread1] [confluence.extra.webdav.plugin] logInDevMode Spring context destroyed for bundle: com.atlassian.confluence.extra.webdav.plugin id(217) v(5.0.0)
[INFO] [talledLocalContainer] 2017-12-21 13:04:08,256 WARN [Gemini Blueprint context shutdown thread1] [atlassian.confluence.plugins.analytics-jobs-plugin] logInDevMode Spring context destroyed for bundle: com.atlassian.confluence.plugins.analytics-jobs-plugin id(36) v(6.6.0)
[INFO] [talledLocalContainer] 2017-12-21 13:04:08,258 WARN [FelixStartLevel] [plugin.osgi.factory.OsgiBundlePlugin] disableInternal Cannot disable Bundle 'org.osgi.compendium-4.1.0', not ACTIVE
[INFO] [talledLocalContainer] 2017-12-21 13:04:08,259 WARN [FelixStartLevel] [plugin.osgi.factory.OsgiBundlePlugin] disableInternal Cannot disable Bundle 'org.apache.servicemix.bundles.junit-4.10.0.1', not ACTIVE
[INFO] [talledLocalContainer] 2017-12-21 13:04:08,270 WARN [FelixStartLevel] [plugin.osgi.factory.OsgiBundlePlugin] disableInternal Cannot disable Bundle 'org.apache.felix.webconsole-1.2.8', not ACTIVE
[INFO] [talledLocalContainer] 2017-12-21 13:04:08,303 WARN [FelixStartLevel] [plugin.osgi.factory.OsgiBundlePlugin] disableInternal Cannot disable Bundle 'com.atlassian.labs.httpservice.bridge-0.6.2', not ACTIVE
[INFO] [talledLocalContainer] 2017-12-21 13:04:08,385 WARN [FelixStartLevel] [plugin.osgi.factory.OsgiBundlePlugin] disableInternal Cannot disable Bundle 'com.atlassian.confluence.plugins.confluence-editor-v4', not ACTIVE
[INFO] [talledLocalContainer] 2017-12-21 13:04:08,427 WARN [FelixStartLevel] [plugin.osgi.factory.OsgiBundlePlugin] disableInternal Cannot disable Bundle 'org.apache.servicemix.bundles.spring-tx-4.2.5.RELEASE_1', not ACTIVE
[INFO] [talledLocalContainer] 2017-12-21 13:04:08,428 WARN [FelixStartLevel] [plugin.osgi.factory.OsgiBundlePlugin] disableInternal Cannot disable Bundle 'org.apache.servicemix.bundles.spring-jdbc-4.2.5.RELEASE_1', not ACTIVE
[INFO] [talledLocalContainer] 2017-12-21 13:04:08,531 WARN [FelixStartLevel] [plugin.osgi.factory.OsgiBundlePlugin] disableInternal Cannot disable Bundle 'com.springsource.net.jcip.annotations-1.0.0', not ACTIVE
[INFO] [talledLocalContainer] 2017-12-21 13:04:08,596 WARN [FelixStartLevel] [plugin.osgi.factory.OsgiBundlePlugin] disableInternal Cannot disable Bundle 'com.atlassian.plugins.atlassian-spring-interceptor-adapter-plugin-1.1', not ACTIVE
[INFO] [talledLocalContainer] 2017-12-21 13:04:08,599 WARN [FelixStartLevel] [plugin.osgi.factory.OsgiBundlePlugin] disableInternal Cannot disable Bundle 'com.atlassian.plugin.atlassian-spring-scanner-runtime', not ACTIVE
[INFO] [talledLocalContainer] 2017-12-21 13:04:08,599 WARN [FelixStartLevel] [plugin.osgi.factory.OsgiBundlePlugin] disableInternal Cannot disable Bundle 'com.atlassian.plugin.atlassian-spring-scanner-annotation', not ACTIVE
[INFO] [talledLocalContainer] 2017-12-21 13:04:08,600 WARN [FelixStartLevel] [plugin.osgi.factory.OsgiBundlePlugin] disableInternal Cannot disable Bundle 'com.atlassian.oauth.atlassian-oauth-api-2.0.4', not ACTIVE
[INFO] [talledLocalContainer] 2017-12-21 13:04:08,604 WARN [FelixStartLevel] [plugin.osgi.factory.OsgiBundlePlugin] disableInternal Cannot disable Bundle 'com.atlassian.gadgets.atlassian-gadgets-spi-4.2.22', not ACTIVE
[INFO] [talledLocalContainer] 2017-12-21 13:04:08,604 WARN [FelixStartLevel] [plugin.osgi.factory.OsgiBundlePlugin] disableInternal Cannot disable Bundle 'com.atlassian.gadgets.atlassian-gadgets-api-4.2.22', not ACTIVE
[INFO] [talledLocalContainer] 2017-12-21 13:04:09,003 WARN [FelixStartLevel] [plugin.osgi.factory.OsgiBundlePlugin] disableInternal Cannot disable Bundle 'com.atlassian.bundles.json-20070829.0.0.1', not ACTIVE
[INFO] [talledLocalContainer] 2017-12-21 13:04:09,004 WARN [FelixStartLevel] [plugin.osgi.factory.OsgiBundlePlugin] disableInternal Cannot disable Bundle 'com.atlassian.bundles.icu4j-3.8.0.1', not ACTIVE
[INFO] [talledLocalContainer] 2017-12-21 13:04:09,077 WARN [localhost-startStop-1] [plugin.osgi.factory.OsgiBundlePlugin] uninstallInternal OSGi container not running or undefined: Will not remove bundle listener and will not close package admin service
[INFO] [talledLocalContainer] 2017-12-21 13:04:09,081 WARN [localhost-startStop-1] [plugin.osgi.factory.OsgiBundlePlugin] uninstallInternal OSGi container not running or undefined: Will not remove bundle listener and will not close package admin service
[INFO] [talledLocalContainer] 2017-12-21 13:04:09,084 WARN [localhost-startStop-1] [plugin.osgi.factory.OsgiBundlePlugin] uninstallInternal OSGi container not running or undefined: Will not remove bundle listener and will not close package admin service
[INFO] [talledLocalContainer] 2017-12-21 13:04:09,090 WARN [localhost-startStop-1] [plugin.osgi.factory.OsgiBundlePlugin] uninstallInternal OSGi container not running or undefined: Will not remove bundle listener and will not close package admin service
[INFO] [talledLocalContainer] 2017-12-21 13:04:09,090 WARN [localhost-startStop-1] [plugin.osgi.factory.OsgiBundlePlugin] uninstallInternal OSGi container not running or undefined: Will not remove bundle listener and will not close package admin service
[INFO] [talledLocalContainer] 2017-12-21 13:04:09,091 WARN [localhost-startStop-1] [plugin.osgi.factory.OsgiBundlePlugin] uninstallInternal OSGi container not running or undefined: Will not remove bundle listener and will not close package admin service
[INFO] [talledLocalContainer] 2017-12-21 13:04:09,099 WARN [localhost-startStop-1] [plugin.osgi.factory.OsgiBundlePlugin] uninstallInternal OSGi container not running or undefined: Will not remove bundle listener and will not close package admin service
[INFO] [talledLocalContainer] 2017-12-21 13:04:09,112 WARN [localhost-startStop-1] [plugin.osgi.factory.OsgiBundlePlugin] uninstallInternal OSGi container not running or undefined: Will not remove bundle listener and will not close package admin service
[INFO] [talledLocalContainer] 2017-12-21 13:04:09,173 WARN [localhost-startStop-1] [plugin.osgi.factory.OsgiBundlePlugin] uninstallInternal OSGi container not running or undefined: Will not remove bundle listener and will not close package admin service
[INFO] [talledLocalContainer] 2017-12-21 13:04:09,174 WARN [localhost-startStop-1] [plugin.osgi.factory.OsgiBundlePlugin] uninstallInternal OSGi container not running or undefined: Will not remove bundle listener and will not close package admin service
[INFO] [talledLocalContainer] 2017-12-21 13:04:09,174 WARN [localhost-startStop-1] [plugin.osgi.factory.OsgiBundlePlugin] uninstallInternal OSGi container not running or undefined: Will not remove bundle listener and will not close package admin service
[INFO] [talledLocalContainer] WARNING: Cannot update an inactive framework.
[INFO] [talledLocalContainer] 2017-12-21 13:04:09,178 WARN [localhost-startStop-1] [plugin.osgi.factory.OsgiBundlePlugin] uninstallInternal OSGi container not running or undefined: Will not remove bundle listener and will not close package admin service
[INFO] [talledLocalContainer] 2017-12-21 13:04:09,182 WARN [localhost-startStop-1] [plugin.osgi.factory.OsgiBundlePlugin] uninstallInternal OSGi container not running or undefined: Will not remove bundle listener and will not close package admin service
[INFO] [talledLocalContainer] 2017-12-21 13:04:09,182 WARN [localhost-startStop-1] [plugin.osgi.factory.OsgiBundlePlugin] uninstallInternal OSGi container not running or undefined: Will not remove bundle listener and will not close package admin service
[INFO] [talledLocalContainer] 2017-12-21 13:04:09,182 WARN [localhost-startStop-1] [plugin.osgi.factory.OsgiBundlePlugin] uninstallInternal OSGi container not running or undefined: Will not remove bundle listener and will not close package admin service
[INFO] [talledLocalContainer] 2017-12-21 13:04:09,183 WARN [localhost-startStop-1] [plugin.osgi.factory.OsgiBundlePlugin] uninstallInternal OSGi container not running or undefined: Will not remove bundle listener and will not close package admin service
[INFO] [talledLocalContainer] 2017-12-21 13:04:09,183 WARN [localhost-startStop-1] [plugin.osgi.factory.OsgiBundlePlugin] uninstallInternal OSGi container not running or undefined: Will not remove bundle listener and will not close package admin service
[INFO] [talledLocalContainer] 2017-12-21 13:04:09,193 ERROR [localhost-startStop-1] [hipchat.spacetoroom.service.SpaceToRoomNotificationService] hipChatNotifications Failed to obtain hipchat notifications for event com.atlassian.plugin.event.events.PluginFrameworkShutdownEvent@551cc2a1: service proxy has been destroyed
[INFO] [talledLocalContainer] 2017-12-21 13:04:09,195 WARN [localhost-startStop-1] [confluence.util.profiling.DurationThresholdWarningTimingHelperFactory] logMessage Execution time for publishing event com.atlassian.plugin.event.events.PluginFrameworkShutdownEvent@551cc2a1 took 7623 ms (warning threshold is 5000 ms)
[INFO] [talledLocalContainer] 2017-12-21 13:04:09,233 ERROR [localhost-startStop-1] [atlassian.confluence.setup.ConfluenceListableBeanFactory] destroyBean Destroy method on bean with name 'contentPropertyService' threw an exception
[INFO] [talledLocalContainer] com.atlassian.util.concurrent.LazyReference$InitializationException: java.lang.IllegalStateException: Unable to create a tracker when osgi is not running
[INFO] [talledLocalContainer] 	at com.atlassian.util.concurrent.LazyReference.getInterruptibly(LazyReference.java:149)
[INFO] [talledLocalContainer] 	at com.atlassian.util.concurrent.LazyReference.get(LazyReference.java:112)
[INFO] [talledLocalContainer] 	at com.atlassian.confluence.osgi.OsgiServiceRegistryImpl$ServiceTrackingProxy.getServiceTracker(OsgiServiceRegistryImpl.java:75)
[INFO] [talledLocalContainer] 	at com.atlassian.confluence.osgi.OsgiServiceRegistryImpl$ServiceTrackingProxy.invoke(OsgiServiceRegistryImpl.java:80)
[INFO] [talledLocalContainer] 	at com.sun.proxy.$Proxy189.hashCode(Unknown Source)
[INFO] [talledLocalContainer] 	at java.util.concurrent.ConcurrentHashMap.replaceNode(ConcurrentHashMap.java:1106)
[INFO] [talledLocalContainer] 	at java.util.concurrent.ConcurrentHashMap.remove(ConcurrentHashMap.java:1097)
[INFO] [talledLocalContainer] 	at org.springframework.orm.jpa.support.PersistenceAnnotationBeanPostProcessor.postProcessBeforeDestruction(PersistenceAnnotationBeanPostProcessor.java:374)
[INFO] [talledLocalContainer] 	at org.springframework.beans.factory.support.DisposableBeanAdapter.destroy(DisposableBeanAdapter.java:243)
[INFO] [talledLocalContainer] 	at org.springframework.beans.factory.support.DefaultSingletonBeanRegistry.destroyBean(DefaultSingletonBeanRegistry.java:578)
[INFO] [talledLocalContainer] 	at org.springframework.beans.factory.support.DefaultSingletonBeanRegistry.destroySingleton(DefaultSingletonBeanRegistry.java:554)
[INFO] [talledLocalContainer] 	at org.springframework.beans.factory.support.DefaultListableBeanFactory.destroySingleton(DefaultListableBeanFactory.java:972)
[INFO] [talledLocalContainer] 	at org.springframework.beans.factory.support.DefaultSingletonBeanRegistry.destroySingletons(DefaultSingletonBeanRegistry.java:523)
[INFO] [talledLocalContainer] 	at org.springframework.beans.factory.support.DefaultListableBeanFactory.destroySingletons(DefaultListableBeanFactory.java:979)
[INFO] [talledLocalContainer] 	at org.springframework.context.support.AbstractApplicationContext.destroyBeans(AbstractApplicationContext.java:1006)
[INFO] [talledLocalContainer] 	at org.springframework.context.support.AbstractApplicationContext.doClose(AbstractApplicationContext.java:982)
[INFO] [talledLocalContainer] 	at org.springframework.context.support.AbstractApplicationContext.close(AbstractApplicationContext.java:934)
[INFO] [talledLocalContainer] 	at org.springframework.web.context.ContextLoader.closeWebApplicationContext(ContextLoader.java:581)
[INFO] [talledLocalContainer] 	at org.springframework.web.context.ContextLoaderListener.contextDestroyed(ContextLoaderListener.java:116)
[INFO] [talledLocalContainer] 	at org.apache.catalina.core.StandardContext.listenerStop(StandardContext.java:4889)
[INFO] [talledLocalContainer] 	at org.apache.catalina.core.StandardContext.stopInternal(StandardContext.java:5526)
[INFO] [talledLocalContainer] 	at org.apache.catalina.util.LifecycleBase.stop(LifecycleBase.java:224)
[INFO] [talledLocalContainer] 	at org.apache.catalina.core.ContainerBase$StopChild.call(ContainerBase.java:1423)
[INFO] [talledLocalContainer] 	at org.apache.catalina.core.ContainerBase$StopChild.call(ContainerBase.java:1412)
[INFO] [talledLocalContainer] 	at java.util.concurrent.FutureTask.run(FutureTask.java:266)
[INFO] [talledLocalContainer] 	at java.util.concurrent.ThreadPoolExecutor.runWorker(ThreadPoolExecutor.java:1142)
[INFO] [talledLocalContainer] 	at java.util.concurrent.ThreadPoolExecutor$Worker.run(ThreadPoolExecutor.java:617)
[INFO] [talledLocalContainer] 	at java.lang.Thread.run(Thread.java:745)
[INFO] [talledLocalContainer] Caused by: java.lang.IllegalStateException: Unable to create a tracker when osgi is not running
[INFO] [talledLocalContainer] 	at com.atlassian.plugin.osgi.container.felix.FelixOsgiContainerManager.getServiceTracker(FelixOsgiContainerManager.java:490)
[INFO] [talledLocalContainer] 	at com.atlassian.plugin.osgi.container.felix.FelixOsgiContainerManager.getServiceTracker(FelixOsgiContainerManager.java:482)
[INFO] [talledLocalContainer] 	at com.atlassian.confluence.osgi.OsgiServiceRegistryImpl$1.create(OsgiServiceRegistryImpl.java:46)
[INFO] [talledLocalContainer] 	at com.atlassian.confluence.osgi.OsgiServiceRegistryImpl$1.create(OsgiServiceRegistryImpl.java:43)
[INFO] [talledLocalContainer] 	at com.atlassian.util.concurrent.LazyReference$Sync.run(LazyReference.java:325)
[INFO] [talledLocalContainer] 	at com.atlassian.util.concurrent.LazyReference.getInterruptibly(LazyReference.java:143)
[INFO] [talledLocalContainer] 	... 27 more
[INFO] [talledLocalContainer] 2017-12-21 13:04:09,248 ERROR [localhost-startStop-1] [atlassian.confluence.setup.ConfluenceListableBeanFactory] destroyBean Destroy method on bean with name 'boostingQueryFactory' threw an exception
[INFO] [talledLocalContainer] com.atlassian.util.concurrent.LazyReference$InitializationException: java.lang.IllegalStateException: Unable to create a tracker when osgi is not running
[INFO] [talledLocalContainer] 	at com.atlassian.util.concurrent.LazyReference.getInterruptibly(LazyReference.java:149)
[INFO] [talledLocalContainer] 	at com.atlassian.util.concurrent.LazyReference.get(LazyReference.java:112)
[INFO] [talledLocalContainer] 	at com.atlassian.confluence.osgi.OsgiServiceRegistryImpl$ServiceTrackingProxy.getServiceTracker(OsgiServiceRegistryImpl.java:75)
[INFO] [talledLocalContainer] 	at com.atlassian.confluence.osgi.OsgiServiceRegistryImpl$ServiceTrackingProxy.invoke(OsgiServiceRegistryImpl.java:80)
[INFO] [talledLocalContainer] 	at com.sun.proxy.$Proxy187.hashCode(Unknown Source)
[INFO] [talledLocalContainer] 	at java.util.concurrent.ConcurrentHashMap.replaceNode(ConcurrentHashMap.java:1106)
[INFO] [talledLocalContainer] 	at java.util.concurrent.ConcurrentHashMap.remove(ConcurrentHashMap.java:1097)
[INFO] [talledLocalContainer] 	at org.springframework.orm.jpa.support.PersistenceAnnotationBeanPostProcessor.postProcessBeforeDestruction(PersistenceAnnotationBeanPostProcessor.java:374)
[INFO] [talledLocalContainer] 	at org.springframework.beans.factory.support.DisposableBeanAdapter.destroy(DisposableBeanAdapter.java:243)
[INFO] [talledLocalContainer] 	at org.springframework.beans.factory.support.DefaultSingletonBeanRegistry.destroyBean(DefaultSingletonBeanRegistry.java:578)
[INFO] [talledLocalContainer] 	at org.springframework.beans.factory.support.DefaultSingletonBeanRegistry.destroySingleton(DefaultSingletonBeanRegistry.java:554)
[INFO] [talledLocalContainer] 	at org.springframework.beans.factory.support.DefaultListableBeanFactory.destroySingleton(DefaultListableBeanFactory.java:972)
[INFO] [talledLocalContainer] 	at org.springframework.beans.factory.support.DefaultSingletonBeanRegistry.destroySingletons(DefaultSingletonBeanRegistry.java:523)
[INFO] [talledLocalContainer] 	at org.springframework.beans.factory.support.DefaultListableBeanFactory.destroySingletons(DefaultListableBeanFactory.java:979)
[INFO] [talledLocalContainer] 	at org.springframework.context.support.AbstractApplicationContext.destroyBeans(AbstractApplicationContext.java:1006)
[INFO] [talledLocalContainer] 	at org.springframework.context.support.AbstractApplicationContext.doClose(AbstractApplicationContext.java:982)
[INFO] [talledLocalContainer] 	at org.springframework.context.support.AbstractApplicationContext.close(AbstractApplicationContext.java:934)
[INFO] [talledLocalContainer] 	at org.springframework.web.context.ContextLoader.closeWebApplicationContext(ContextLoader.java:581)
[INFO] [talledLocalContainer] 	at org.springframework.web.context.ContextLoaderListener.contextDestroyed(ContextLoaderListener.java:116)
[INFO] [talledLocalContainer] 	at org.apache.catalina.core.StandardContext.listenerStop(StandardContext.java:4889)
[INFO] [talledLocalContainer] 	at org.apache.catalina.core.StandardContext.stopInternal(StandardContext.java:5526)
[INFO] [talledLocalContainer] 	at org.apache.catalina.util.LifecycleBase.stop(LifecycleBase.java:224)
[INFO] [talledLocalContainer] 	at org.apache.catalina.core.ContainerBase$StopChild.call(ContainerBase.java:1423)
[INFO] [talledLocalContainer] 	at org.apache.catalina.core.ContainerBase$StopChild.call(ContainerBase.java:1412)
[INFO] [talledLocalContainer] 	at java.util.concurrent.FutureTask.run(FutureTask.java:266)
[INFO] [talledLocalContainer] 	at java.util.concurrent.ThreadPoolExecutor.runWorker(ThreadPoolExecutor.java:1142)
[INFO] [talledLocalContainer] 	at java.util.concurrent.ThreadPoolExecutor$Worker.run(ThreadPoolExecutor.java:617)
[INFO] [talledLocalContainer] 	at java.lang.Thread.run(Thread.java:745)
[INFO] [talledLocalContainer] Caused by: java.lang.IllegalStateException: Unable to create a tracker when osgi is not running
[INFO] [talledLocalContainer] 	at com.atlassian.plugin.osgi.container.felix.FelixOsgiContainerManager.getServiceTracker(FelixOsgiContainerManager.java:490)
[INFO] [talledLocalContainer] 	at com.atlassian.plugin.osgi.container.felix.FelixOsgiContainerManager.getServiceTracker(FelixOsgiContainerManager.java:482)
[INFO] [talledLocalContainer] 	at com.atlassian.confluence.osgi.OsgiServiceRegistryImpl$1.create(OsgiServiceRegistryImpl.java:46)
[INFO] [talledLocalContainer] 	at com.atlassian.confluence.osgi.OsgiServiceRegistryImpl$1.create(OsgiServiceRegistryImpl.java:43)
[INFO] [talledLocalContainer] 	at com.atlassian.util.concurrent.LazyReference$Sync.run(LazyReference.java:325)
[INFO] [talledLocalContainer] 	at com.atlassian.util.concurrent.LazyReference.getInterruptibly(LazyReference.java:143)
[INFO] [talledLocalContainer] 	... 27 more
[INFO] [talledLocalContainer] 2017-12-21 13:04:09,283 ERROR [localhost-startStop-1] [atlassian.confluence.setup.ConfluenceListableBeanFactory] destroyBean Destroy method on bean with name 'outboundWhitelist' threw an exception
[INFO] [talledLocalContainer] com.atlassian.util.concurrent.LazyReference$InitializationException: java.lang.IllegalStateException: Unable to create a tracker when osgi is not running
[INFO] [talledLocalContainer] 	at com.atlassian.util.concurrent.LazyReference.getInterruptibly(LazyReference.java:149)
[INFO] [talledLocalContainer] 	at com.atlassian.util.concurrent.LazyReference.get(LazyReference.java:112)
[INFO] [talledLocalContainer] 	at com.atlassian.confluence.osgi.OsgiServiceRegistryImpl$ServiceTrackingProxy.getServiceTracker(OsgiServiceRegistryImpl.java:75)
[INFO] [talledLocalContainer] 	at com.atlassian.confluence.osgi.OsgiServiceRegistryImpl$ServiceTrackingProxy.invoke(OsgiServiceRegistryImpl.java:80)
[INFO] [talledLocalContainer] 	at com.sun.proxy.$Proxy173.hashCode(Unknown Source)
[INFO] [talledLocalContainer] 	at java.util.concurrent.ConcurrentHashMap.replaceNode(ConcurrentHashMap.java:1106)
[INFO] [talledLocalContainer] 	at java.util.concurrent.ConcurrentHashMap.remove(ConcurrentHashMap.java:1097)
[INFO] [talledLocalContainer] 	at org.springframework.orm.jpa.support.PersistenceAnnotationBeanPostProcessor.postProcessBeforeDestruction(PersistenceAnnotationBeanPostProcessor.java:374)
[INFO] [talledLocalContainer] 	at org.springframework.beans.factory.support.DisposableBeanAdapter.destroy(DisposableBeanAdapter.java:243)
[INFO] [talledLocalContainer] 	at org.springframework.beans.factory.support.DefaultSingletonBeanRegistry.destroyBean(DefaultSingletonBeanRegistry.java:578)
[INFO] [talledLocalContainer] 	at org.springframework.beans.factory.support.DefaultSingletonBeanRegistry.destroySingleton(DefaultSingletonBeanRegistry.java:554)
[INFO] [talledLocalContainer] 	at org.springframework.beans.factory.support.DefaultListableBeanFactory.destroySingleton(DefaultListableBeanFactory.java:972)
[INFO] [talledLocalContainer] 	at org.springframework.beans.factory.support.DefaultSingletonBeanRegistry.destroySingletons(DefaultSingletonBeanRegistry.java:523)
[INFO] [talledLocalContainer] 	at org.springframework.beans.factory.support.DefaultListableBeanFactory.destroySingletons(DefaultListableBeanFactory.java:979)
[INFO] [talledLocalContainer] 	at org.springframework.context.support.AbstractApplicationContext.destroyBeans(AbstractApplicationContext.java:1006)
[INFO] [talledLocalContainer] 	at org.springframework.context.support.AbstractApplicationContext.doClose(AbstractApplicationContext.java:982)
[INFO] [talledLocalContainer] 	at org.springframework.context.support.AbstractApplicationContext.close(AbstractApplicationContext.java:934)
[INFO] [talledLocalContainer] 	at org.springframework.web.context.ContextLoader.closeWebApplicationContext(ContextLoader.java:581)
[INFO] [talledLocalContainer] 	at org.springframework.web.context.ContextLoaderListener.contextDestroyed(ContextLoaderListener.java:116)
[INFO] [talledLocalContainer] 	at org.apache.catalina.core.StandardContext.listenerStop(StandardContext.java:4889)
[INFO] [talledLocalContainer] 	at org.apache.catalina.core.StandardContext.stopInternal(StandardContext.java:5526)
[INFO] [talledLocalContainer] 	at org.apache.catalina.util.LifecycleBase.stop(LifecycleBase.java:224)
[INFO] [talledLocalContainer] 	at org.apache.catalina.core.ContainerBase$StopChild.call(ContainerBase.java:1423)
[INFO] [talledLocalContainer] 	at org.apache.catalina.core.ContainerBase$StopChild.call(ContainerBase.java:1412)
[INFO] [talledLocalContainer] 	at java.util.concurrent.FutureTask.run(FutureTask.java:266)
[INFO] [talledLocalContainer] 	at java.util.concurrent.ThreadPoolExecutor.runWorker(ThreadPoolExecutor.java:1142)
[INFO] [talledLocalContainer] 	at java.util.concurrent.ThreadPoolExecutor$Worker.run(ThreadPoolExecutor.java:617)
[INFO] [talledLocalContainer] 	at java.lang.Thread.run(Thread.java:745)
[INFO] [talledLocalContainer] Caused by: java.lang.IllegalStateException: Unable to create a tracker when osgi is not running
[INFO] [talledLocalContainer] 	at com.atlassian.plugin.osgi.container.felix.FelixOsgiContainerManager.getServiceTracker(FelixOsgiContainerManager.java:490)
[INFO] [talledLocalContainer] 	at com.atlassian.plugin.osgi.container.felix.FelixOsgiContainerManager.getServiceTracker(FelixOsgiContainerManager.java:482)
[INFO] [talledLocalContainer] 	at com.atlassian.confluence.osgi.OsgiServiceRegistryImpl$1.create(OsgiServiceRegistryImpl.java:46)
[INFO] [talledLocalContainer] 	at com.atlassian.confluence.osgi.OsgiServiceRegistryImpl$1.create(OsgiServiceRegistryImpl.java:43)
[INFO] [talledLocalContainer] 	at com.atlassian.util.concurrent.LazyReference$Sync.run(LazyReference.java:325)
[INFO] [talledLocalContainer] 	at com.atlassian.util.concurrent.LazyReference.getInterruptibly(LazyReference.java:143)
[INFO] [talledLocalContainer] 	... 27 more
[INFO] [talledLocalContainer] 2017-12-21 13:04:09,301 INFO [localhost-startStop-1] [com.atlassian.confluence.lifecycle] destroy Shutting down long running task service
[INFO] [talledLocalContainer] 2017-12-21 13:04:09,306 ERROR [localhost-startStop-1] [atlassian.confluence.setup.ConfluenceListableBeanFactory] destroyBean Destroy method on bean with name 'apiNavigationService' threw an exception
[INFO] [talledLocalContainer] com.atlassian.util.concurrent.LazyReference$InitializationException: java.lang.IllegalStateException: Unable to create a tracker when osgi is not running
[INFO] [talledLocalContainer] 	at com.atlassian.util.concurrent.LazyReference.getInterruptibly(LazyReference.java:149)
[INFO] [talledLocalContainer] 	at com.atlassian.util.concurrent.LazyReference.get(LazyReference.java:112)
[INFO] [talledLocalContainer] 	at com.atlassian.confluence.osgi.OsgiServiceRegistryImpl$ServiceTrackingProxy.getServiceTracker(OsgiServiceRegistryImpl.java:75)
[INFO] [talledLocalContainer] 	at com.atlassian.confluence.osgi.OsgiServiceRegistryImpl$ServiceTrackingProxy.invoke(OsgiServiceRegistryImpl.java:80)
[INFO] [talledLocalContainer] 	at com.sun.proxy.$Proxy147.hashCode(Unknown Source)
[INFO] [talledLocalContainer] 	at java.util.concurrent.ConcurrentHashMap.replaceNode(ConcurrentHashMap.java:1106)
[INFO] [talledLocalContainer] 	at java.util.concurrent.ConcurrentHashMap.remove(ConcurrentHashMap.java:1097)
[INFO] [talledLocalContainer] 	at org.springframework.orm.jpa.support.PersistenceAnnotationBeanPostProcessor.postProcessBeforeDestruction(PersistenceAnnotationBeanPostProcessor.java:374)
[INFO] [talledLocalContainer] 	at org.springframework.beans.factory.support.DisposableBeanAdapter.destroy(DisposableBeanAdapter.java:243)
[INFO] [talledLocalContainer] 	at org.springframework.beans.factory.support.DefaultSingletonBeanRegistry.destroyBean(DefaultSingletonBeanRegistry.java:578)
[INFO] [talledLocalContainer] 	at org.springframework.beans.factory.support.DefaultSingletonBeanRegistry.destroySingleton(DefaultSingletonBeanRegistry.java:554)
[INFO] [talledLocalContainer] 	at org.springframework.beans.factory.support.DefaultListableBeanFactory.destroySingleton(DefaultListableBeanFactory.java:972)
[INFO] [talledLocalContainer] 	at org.springframework.beans.factory.support.DefaultSingletonBeanRegistry.destroySingletons(DefaultSingletonBeanRegistry.java:523)
[INFO] [talledLocalContainer] 	at org.springframework.beans.factory.support.DefaultListableBeanFactory.destroySingletons(DefaultListableBeanFactory.java:979)
[INFO] [talledLocalContainer] 	at org.springframework.context.support.AbstractApplicationContext.destroyBeans(AbstractApplicationContext.java:1006)
[INFO] [talledLocalContainer] 	at org.springframework.context.support.AbstractApplicationContext.doClose(AbstractApplicationContext.java:982)
[INFO] [talledLocalContainer] 	at org.springframework.context.support.AbstractApplicationContext.close(AbstractApplicationContext.java:934)
[INFO] [talledLocalContainer] 	at org.springframework.web.context.ContextLoader.closeWebApplicationContext(ContextLoader.java:581)
[INFO] [talledLocalContainer] 	at org.springframework.web.context.ContextLoaderListener.contextDestroyed(ContextLoaderListener.java:116)
[INFO] [talledLocalContainer] 	at org.apache.catalina.core.StandardContext.listenerStop(StandardContext.java:4889)
[INFO] [talledLocalContainer] 	at org.apache.catalina.core.StandardContext.stopInternal(StandardContext.java:5526)
[INFO] [talledLocalContainer] 	at org.apache.catalina.util.LifecycleBase.stop(LifecycleBase.java:224)
[INFO] [talledLocalContainer] 	at org.apache.catalina.core.ContainerBase$StopChild.call(ContainerBase.java:1423)
[INFO] [talledLocalContainer] 	at org.apache.catalina.core.ContainerBase$StopChild.call(ContainerBase.java:1412)
[INFO] [talledLocalContainer] 	at java.util.concurrent.FutureTask.run(FutureTask.java:266)
[INFO] [talledLocalContainer] 	at java.util.concurrent.ThreadPoolExecutor.runWorker(ThreadPoolExecutor.java:1142)
[INFO] [talledLocalContainer] 	at java.util.concurrent.ThreadPoolExecutor$Worker.run(ThreadPoolExecutor.java:617)
[INFO] [talledLocalContainer] 	at java.lang.Thread.run(Thread.java:745)
[INFO] [talledLocalContainer] Caused by: java.lang.IllegalStateException: Unable to create a tracker when osgi is not running
[INFO] [talledLocalContainer] 	at com.atlassian.plugin.osgi.container.felix.FelixOsgiContainerManager.getServiceTracker(FelixOsgiContainerManager.java:490)
[INFO] [talledLocalContainer] 	at com.atlassian.plugin.osgi.container.felix.FelixOsgiContainerManager.getServiceTracker(FelixOsgiContainerManager.java:482)
[INFO] [talledLocalContainer] 	at com.atlassian.confluence.osgi.OsgiServiceRegistryImpl$1.create(OsgiServiceRegistryImpl.java:46)
[INFO] [talledLocalContainer] 	at com.atlassian.confluence.osgi.OsgiServiceRegistryImpl$1.create(OsgiServiceRegistryImpl.java:43)
[INFO] [talledLocalContainer] 	at com.atlassian.util.concurrent.LazyReference$Sync.run(LazyReference.java:325)
[INFO] [talledLocalContainer] 	at com.atlassian.util.concurrent.LazyReference.getInterruptibly(LazyReference.java:143)
[INFO] [talledLocalContainer] 	... 27 more
[INFO] [talledLocalContainer] 2017-12-21 13:04:09,327 INFO [localhost-startStop-1] [com.atlassian.confluence.lifecycle] shutdownCacheManager Shutting down EhCache cache manager
[INFO] [talledLocalContainer] 2017-12-21 13:04:09,333 INFO [localhost-startStop-1] [com.atlassian.confluence.lifecycle] contextDestroyed Stopping Confluence
[INFO] [talledLocalContainer] 2017-12-21 13:04:09,356 ERROR [localhost-startStop-1] [com.atlassian.threadlocal.BruteForceThreadLocalCleanup] logErr Thread[process reaper,10,system] created a ThreadLocal with key of type [org.springframework.core.NamedInheritableThreadLocal] (value [Current invoker bundle context]) and a value of type [null] (value [null]). This will be cleaned up
[INFO] [talledLocalContainer] 2017-12-21 13:04:09,356 ERROR [localhost-startStop-1] [com.atlassian.threadlocal.BruteForceThreadLocalCleanup] logErr Thread[process reaper,10,system] created a ThreadLocal with key of type [org.apache.log4j.helpers.ThreadLocalMap] (value [org.apache.log4j.helpers.ThreadLocalMap@7c72ea10]) and a value of type [null] (value [null]). This will be cleaned up
[INFO] [talledLocalContainer] 2017-12-21 13:04:09,356 ERROR [localhost-startStop-1] [com.atlassian.threadlocal.BruteForceThreadLocalCleanup] logErr Thread[localhost-startStop-1,5,main] created a ThreadLocal with key of type [com.github.kristofa.brave.ThreadLocalServerAndClientSpanState$1] (value [com.github.kristofa.brave.ThreadLocalServerAndClientSpanState$1@29f43d7f]) and a value of type [com.github.kristofa.brave.AutoValue_ServerSpan] (value [ServerSpan{span=null, sample=null}]). This will be cleaned up
[INFO] [talledLocalContainer] 2017-12-21 13:04:09,357 ERROR [localhost-startStop-1] [com.atlassian.threadlocal.BruteForceThreadLocalCleanup] logErr Thread[localhost-startStop-1,5,main] created a ThreadLocal with key of type [org.springframework.core.NamedThreadLocal] (value [Prototype beans currently in creation]) and a value of type [null] (value [null]). This will be cleaned up
[INFO] [talledLocalContainer] 2017-12-21 13:04:09,357 ERROR [localhost-startStop-1] [com.atlassian.threadlocal.BruteForceThreadLocalCleanup] logErr Thread[localhost-startStop-1,5,main] created a ThreadLocal with key of type [org.springframework.core.NamedThreadLocal] (value [Prototype beans currently in creation]) and a value of type [null] (value [null]). This will be cleaned up
[INFO] [talledLocalContainer] 2017-12-21 13:04:09,357 ERROR [localhost-startStop-1] [com.atlassian.threadlocal.BruteForceThreadLocalCleanup] logErr Thread[localhost-startStop-1,5,main] created a ThreadLocal with key of type [org.springframework.core.NamedThreadLocal] (value [Prototype beans currently in creation]) and a value of type [null] (value [null]). This will be cleaned up
[INFO] [talledLocalContainer] 2017-12-21 13:04:09,357 ERROR [localhost-startStop-1] [com.atlassian.threadlocal.BruteForceThreadLocalCleanup] logErr Thread[localhost-startStop-1,5,main] created a ThreadLocal with key of type [org.springframework.core.NamedThreadLocal] (value [Prototype beans currently in creation]) and a value of type [null] (value [null]). This will be cleaned up
[INFO] [talledLocalContainer] 2017-12-21 13:04:09,357 ERROR [localhost-startStop-1] [com.atlassian.threadlocal.BruteForceThreadLocalCleanup] logErr Thread[localhost-startStop-1,5,main] created a ThreadLocal with key of type [org.springframework.core.NamedThreadLocal] (value [Prototype beans currently in creation]) and a value of type [null] (value [null]). This will be cleaned up
[INFO] [talledLocalContainer] 2017-12-21 13:04:09,357 ERROR [localhost-startStop-1] [com.atlassian.threadlocal.BruteForceThreadLocalCleanup] logErr Thread[localhost-startStop-1,5,main] created a ThreadLocal with key of type [org.springframework.core.NamedThreadLocal] (value [Prototype beans currently in creation]) and a value of type [null] (value [null]). This will be cleaned up
[INFO] [talledLocalContainer] 2017-12-21 13:04:09,357 ERROR [localhost-startStop-1] [com.atlassian.threadlocal.BruteForceThreadLocalCleanup] logErr Thread[localhost-startStop-1,5,main] created a ThreadLocal with key of type [org.springframework.core.NamedThreadLocal] (value [Prototype beans currently in creation]) and a value of type [null] (value [null]). This will be cleaned up
[INFO] [talledLocalContainer] 2017-12-21 13:04:09,358 ERROR [localhost-startStop-1] [com.atlassian.threadlocal.BruteForceThreadLocalCleanup] logErr Thread[localhost-startStop-1,5,main] created a ThreadLocal with key of type [com.atlassian.confluence.cache.TransactionalCacheFactory$1] (value [com.atlassian.confluence.cache.TransactionalCacheFactory$1@6a924264]) and a value of type [com.atlassian.confluence.cache.TransactionalCacheFactory.DelegateCacheSynchronization] (value [com.atlassian.confluence.cache.TransactionalCacheFactory$DelegateCacheSynchronization@648e38a2]). This will be cleaned up
[INFO] [talledLocalContainer] 2017-12-21 13:04:09,358 ERROR [localhost-startStop-1] [com.atlassian.threadlocal.BruteForceThreadLocalCleanup] logErr Thread[localhost-startStop-1,5,main] created a ThreadLocal with key of type [org.springframework.core.NamedThreadLocal] (value [Prototype beans currently in creation]) and a value of type [null] (value [null]). This will be cleaned up
[INFO] [talledLocalContainer] 2017-12-21 13:04:09,359 ERROR [localhost-startStop-1] [com.atlassian.threadlocal.BruteForceThreadLocalCleanup] logErr Thread[localhost-startStop-1,5,main] created a ThreadLocal with key of type [org.springframework.core.NamedThreadLocal] (value [Current transaction name]) and a value of type [null] (value [null]). This will be cleaned up
[INFO] [talledLocalContainer] 2017-12-21 13:04:09,359 ERROR [localhost-startStop-1] [com.atlassian.threadlocal.BruteForceThreadLocalCleanup] logErr Thread[localhost-startStop-1,5,main] created a ThreadLocal with key of type [org.springframework.core.NamedThreadLocal] (value [Prototype beans currently in creation]) and a value of type [null] (value [null]). This will be cleaned up
[INFO] [talledLocalContainer] 2017-12-21 13:04:09,359 ERROR [localhost-startStop-1] [com.atlassian.threadlocal.BruteForceThreadLocalCleanup] logErr Thread[localhost-startStop-1,5,main] created a ThreadLocal with key of type [org.springframework.core.NamedThreadLocal] (value [Prototype beans currently in creation]) and a value of type [null] (value [null]). This will be cleaned up
[INFO] [talledLocalContainer] 2017-12-21 13:04:09,359 ERROR [localhost-startStop-1] [com.atlassian.threadlocal.BruteForceThreadLocalCleanup] logErr Thread[localhost-startStop-1,5,main] created a ThreadLocal with key of type [org.springframework.core.NamedThreadLocal] (value [Prototype beans currently in creation]) and a value of type [null] (value [null]). This will be cleaned up
[INFO] [talledLocalContainer] 2017-12-21 13:04:09,360 ERROR [localhost-startStop-1] [com.atlassian.threadlocal.BruteForceThreadLocalCleanup] logErr Thread[localhost-startStop-1,5,main] created a ThreadLocal with key of type [org.springframework.core.NamedThreadLocal] (value [Prototype beans currently in creation]) and a value of type [null] (value [null]). This will be cleaned up
[INFO] [talledLocalContainer] 2017-12-21 13:04:09,360 ERROR [localhost-startStop-1] [com.atlassian.threadlocal.BruteForceThreadLocalCleanup] logErr Thread[localhost-startStop-1,5,main] created a ThreadLocal with key of type [org.springframework.core.NamedThreadLocal] (value [Current transaction read-only status]) and a value of type [null] (value [null]). This will be cleaned up
[INFO] [talledLocalContainer] 2017-12-21 13:04:09,360 ERROR [localhost-startStop-1] [com.atlassian.threadlocal.BruteForceThreadLocalCleanup] logErr Thread[localhost-startStop-1,5,main] created a ThreadLocal with key of type [org.springframework.core.NamedThreadLocal] (value [Prototype beans currently in creation]) and a value of type [null] (value [null]). This will be cleaned up
[INFO] [talledLocalContainer] 2017-12-21 13:04:09,361 ERROR [localhost-startStop-1] [com.atlassian.threadlocal.BruteForceThreadLocalCleanup] logErr Thread[localhost-startStop-1,5,main] created a ThreadLocal with key of type [com.opensymphony.xwork.ActionContext.ActionContextThreadLocal] (value [com.opensymphony.xwork.ActionContext$ActionContextThreadLocal@2885e601]) and a value of type [com.opensymphony.xwork.ActionContext] (value [com.opensymphony.xwork.ActionContext@ae9525b]). This will be cleaned up
[INFO] [talledLocalContainer] 2017-12-21 13:04:09,361 ERROR [localhost-startStop-1] [com.atlassian.threadlocal.BruteForceThreadLocalCleanup] logErr Thread[localhost-startStop-1,5,main] created a ThreadLocal with key of type [org.springframework.core.NamedThreadLocal] (value [Current aspect-driven transaction]) and a value of type [null] (value [null]). This will be cleaned up
[INFO] [talledLocalContainer] 2017-12-21 13:04:09,361 ERROR [localhost-startStop-1] [com.atlassian.threadlocal.BruteForceThreadLocalCleanup] logErr Thread[localhost-startStop-1,5,main] created a ThreadLocal with key of type [org.springframework.core.NamedThreadLocal] (value [Current transaction isolation level]) and a value of type [null] (value [null]). This will be cleaned up
[INFO] [talledLocalContainer] 2017-12-21 13:04:09,361 ERROR [localhost-startStop-1] [com.atlassian.threadlocal.BruteForceThreadLocalCleanup] logErr Thread[localhost-startStop-1,5,main] created a ThreadLocal with key of type [org.springframework.core.NamedThreadLocal] (value [Prototype beans currently in creation]) and a value of type [null] (value [null]). This will be cleaned up
[INFO] [talledLocalContainer] 2017-12-21 13:04:09,361 ERROR [localhost-startStop-1] [com.atlassian.threadlocal.BruteForceThreadLocalCleanup] logErr Thread[localhost-startStop-1,5,main] created a ThreadLocal with key of type [org.springframework.core.NamedThreadLocal] (value [Prototype beans currently in creation]) and a value of type [null] (value [null]). This will be cleaned up
[INFO] [talledLocalContainer] 2017-12-21 13:04:09,361 ERROR [localhost-startStop-1] [com.atlassian.threadlocal.BruteForceThreadLocalCleanup] logErr Thread[localhost-startStop-1,5,main] created a ThreadLocal with key of type [org.springframework.core.NamedThreadLocal] (value [Prototype beans currently in creation]) and a value of type [null] (value [null]). This will be cleaned up
[INFO] [talledLocalContainer] 2017-12-21 13:04:09,361 ERROR [localhost-startStop-1] [com.atlassian.threadlocal.BruteForceThreadLocalCleanup] logErr Thread[localhost-startStop-1,5,main] created a ThreadLocal with key of type [org.springframework.core.NamedThreadLocal] (value [Prototype beans currently in creation]) and a value of type [null] (value [null]). This will be cleaned up
[INFO] [talledLocalContainer] 2017-12-21 13:04:09,361 ERROR [localhost-startStop-1] [com.atlassian.threadlocal.BruteForceThreadLocalCleanup] logErr Thread[localhost-startStop-1,5,main] created a ThreadLocal with key of type [org.springframework.core.NamedThreadLocal] (value [Prototype beans currently in creation]) and a value of type [null] (value [null]). This will be cleaned up
[INFO] [talledLocalContainer] 2017-12-21 13:04:09,361 ERROR [localhost-startStop-1] [com.atlassian.threadlocal.BruteForceThreadLocalCleanup] logErr Thread[localhost-startStop-1,5,main] created a ThreadLocal with key of type [org.springframework.core.NamedThreadLocal] (value [Prototype beans currently in creation]) and a value of type [null] (value [null]). This will be cleaned up
[INFO] [talledLocalContainer] 2017-12-21 13:04:09,362 ERROR [localhost-startStop-1] [com.atlassian.threadlocal.BruteForceThreadLocalCleanup] logErr Thread[localhost-startStop-1,5,main] created a ThreadLocal with key of type [org.springframework.core.NamedThreadLocal] (value [Actual transaction active]) and a value of type [null] (value [null]). This will be cleaned up
[INFO] [talledLocalContainer] 2017-12-21 13:04:09,362 ERROR [localhost-startStop-1] [com.atlassian.threadlocal.BruteForceThreadLocalCleanup] logErr Thread[localhost-startStop-1,5,main] created a ThreadLocal with key of type [org.springframework.core.NamedThreadLocal] (value [Prototype beans currently in creation]) and a value of type [null] (value [null]). This will be cleaned up
[INFO] [talledLocalContainer] 2017-12-21 13:04:09,362 ERROR [localhost-startStop-1] [com.atlassian.threadlocal.BruteForceThreadLocalCleanup] logErr Thread[localhost-startStop-1,5,main] created a ThreadLocal with key of type [org.springframework.core.NamedThreadLocal] (value [Prototype beans currently in creation]) and a value of type [null] (value [null]). This will be cleaned up
[INFO] [talledLocalContainer] 2017-12-21 13:04:09,362 ERROR [localhost-startStop-1] [com.atlassian.threadlocal.BruteForceThreadLocalCleanup] logErr Thread[localhost-startStop-1,5,main] created a ThreadLocal with key of type [org.springframework.core.NamedInheritableThreadLocal] (value [Current invoker bundle context]) and a value of type [null] (value [null]). This will be cleaned up
[INFO] [talledLocalContainer] 2017-12-21 13:04:09,362 ERROR [localhost-startStop-1] [com.atlassian.threadlocal.BruteForceThreadLocalCleanup] logErr Thread[localhost-startStop-1,5,main] created a ThreadLocal with key of type [org.apache.log4j.helpers.ThreadLocalMap] (value [org.apache.log4j.helpers.ThreadLocalMap@7c72ea10]) and a value of type [null] (value [null]). This will be cleaned up
[INFO] [talledLocalContainer] 2017-12-21 13:04:09,362 ERROR [localhost-startStop-1] [com.atlassian.threadlocal.BruteForceThreadLocalCleanup] logErr Thread[scheduler_Worker-1,5,main] created a ThreadLocal with key of type [org.springframework.core.NamedThreadLocal] (value [Actual transaction active]) and a value of type [null] (value [null]). This will be cleaned up
[INFO] [talledLocalContainer] 2017-12-21 13:04:09,362 ERROR [localhost-startStop-1] [com.atlassian.threadlocal.BruteForceThreadLocalCleanup] logErr Thread[scheduler_Worker-1,5,main] created a ThreadLocal with key of type [org.springframework.core.NamedThreadLocal] (value [Current transaction name]) and a value of type [null] (value [null]). This will be cleaned up
[INFO] [talledLocalContainer] 2017-12-21 13:04:09,362 ERROR [localhost-startStop-1] [com.atlassian.threadlocal.BruteForceThreadLocalCleanup] logErr Thread[scheduler_Worker-1,5,main] created a ThreadLocal with key of type [org.springframework.core.NamedThreadLocal] (value [Current transaction read-only status]) and a value of type [null] (value [null]). This will be cleaned up
[INFO] [talledLocalContainer] 2017-12-21 13:04:09,362 ERROR [localhost-startStop-1] [com.atlassian.threadlocal.BruteForceThreadLocalCleanup] logErr Thread[scheduler_Worker-1,5,main] created a ThreadLocal with key of type [org.springframework.core.NamedThreadLocal] (value [Current transaction isolation level]) and a value of type [null] (value [null]). This will be cleaned up
[INFO] [talledLocalContainer] 2017-12-21 13:04:09,363 ERROR [localhost-startStop-1] [com.atlassian.threadlocal.BruteForceThreadLocalCleanup] logErr Thread[scheduler_Worker-1,5,main] created a ThreadLocal with key of type [org.springframework.core.NamedInheritableThreadLocal] (value [Current invoker bundle context]) and a value of type [null] (value [null]). This will be cleaned up
[INFO] [talledLocalContainer] 2017-12-21 13:04:09,363 ERROR [localhost-startStop-1] [com.atlassian.threadlocal.BruteForceThreadLocalCleanup] logErr Thread[scheduler_Worker-1,5,main] created a ThreadLocal with key of type [org.apache.log4j.helpers.ThreadLocalMap] (value [org.apache.log4j.helpers.ThreadLocalMap@7c72ea10]) and a value of type [null] (value [null]). This will be cleaned up
[INFO] [talledLocalContainer] 2017-12-21 13:04:09,363 ERROR [localhost-startStop-1] [com.atlassian.threadlocal.BruteForceThreadLocalCleanup] logErr Thread[AtlassianEvent::CustomizableThreadFactory-1,5,main] created a ThreadLocal with key of type [com.github.kristofa.brave.ThreadLocalServerAndClientSpanState$1] (value [com.github.kristofa.brave.ThreadLocalServerAndClientSpanState$1@29f43d7f]) and a value of type [com.github.kristofa.brave.AutoValue_ServerSpan] (value [ServerSpan{span=null, sample=null}]). This will be cleaned up
[INFO] [talledLocalContainer] 2017-12-21 13:04:09,363 ERROR [localhost-startStop-1] [com.atlassian.threadlocal.BruteForceThreadLocalCleanup] logErr Thread[AtlassianEvent::CustomizableThreadFactory-1,5,main] created a ThreadLocal with key of type [org.springframework.core.NamedThreadLocal] (value [Current transaction name]) and a value of type [null] (value [null]). This will be cleaned up
[INFO] [talledLocalContainer] 2017-12-21 13:04:09,363 ERROR [localhost-startStop-1] [com.atlassian.threadlocal.BruteForceThreadLocalCleanup] logErr Thread[AtlassianEvent::CustomizableThreadFactory-1,5,main] created a ThreadLocal with key of type [org.springframework.core.NamedThreadLocal] (value [Current transaction read-only status]) and a value of type [null] (value [null]). This will be cleaned up
[INFO] [talledLocalContainer] 2017-12-21 13:04:09,363 ERROR [localhost-startStop-1] [com.atlassian.threadlocal.BruteForceThreadLocalCleanup] logErr Thread[AtlassianEvent::CustomizableThreadFactory-1,5,main] created a ThreadLocal with key of type [org.springframework.core.NamedThreadLocal] (value [Current aspect-driven transaction]) and a value of type [null] (value [null]). This will be cleaned up
[INFO] [talledLocalContainer] 2017-12-21 13:04:09,363 ERROR [localhost-startStop-1] [com.atlassian.threadlocal.BruteForceThreadLocalCleanup] logErr Thread[AtlassianEvent::CustomizableThreadFactory-1,5,main] created a ThreadLocal with key of type [org.springframework.core.NamedThreadLocal] (value [Current transaction isolation level]) and a value of type [null] (value [null]). This will be cleaned up
[INFO] [talledLocalContainer] 2017-12-21 13:04:09,363 ERROR [localhost-startStop-1] [com.atlassian.threadlocal.BruteForceThreadLocalCleanup] logErr Thread[AtlassianEvent::CustomizableThreadFactory-1,5,main] created a ThreadLocal with key of type [org.springframework.core.NamedThreadLocal] (value [Actual transaction active]) and a value of type [null] (value [null]). This will be cleaned up
[INFO] [talledLocalContainer] 2017-12-21 13:04:09,364 ERROR [localhost-startStop-1] [com.atlassian.threadlocal.BruteForceThreadLocalCleanup] logErr Thread[AtlassianEvent::CustomizableThreadFactory-1,5,main] created a ThreadLocal with key of type [org.springframework.core.NamedInheritableThreadLocal] (value [Current invoker bundle context]) and a value of type [null] (value [null]). This will be cleaned up
[INFO] [talledLocalContainer] 2017-12-21 13:04:09,364 ERROR [localhost-startStop-1] [com.atlassian.threadlocal.BruteForceThreadLocalCleanup] logErr Thread[AtlassianEvent::CustomizableThreadFactory-1,5,main] created a ThreadLocal with key of type [org.apache.log4j.helpers.ThreadLocalMap] (value [org.apache.log4j.helpers.ThreadLocalMap@7c72ea10]) and a value of type [java.util.Hashtable] (value [{}]). This will be cleaned up
[INFO] [talledLocalContainer] 2017-12-21 13:04:09,364 ERROR [localhost-startStop-1] [com.atlassian.threadlocal.BruteForceThreadLocalCleanup] logErr Thread[AtlassianEvent::CustomizableThreadFactory-2,5,main] created a ThreadLocal with key of type [com.github.kristofa.brave.ThreadLocalServerAndClientSpanState$1] (value [com.github.kristofa.brave.ThreadLocalServerAndClientSpanState$1@29f43d7f]) and a value of type [com.github.kristofa.brave.AutoValue_ServerSpan] (value [ServerSpan{span=null, sample=null}]). This will be cleaned up
[INFO] [talledLocalContainer] 2017-12-21 13:04:09,364 ERROR [localhost-startStop-1] [com.atlassian.threadlocal.BruteForceThreadLocalCleanup] logErr Thread[AtlassianEvent::CustomizableThreadFactory-2,5,main] created a ThreadLocal with key of type [org.springframework.core.NamedThreadLocal] (value [Actual transaction active]) and a value of type [null] (value [null]). This will be cleaned up
[INFO] [talledLocalContainer] 2017-12-21 13:04:09,364 ERROR [localhost-startStop-1] [com.atlassian.threadlocal.BruteForceThreadLocalCleanup] logErr Thread[AtlassianEvent::CustomizableThreadFactory-2,5,main] created a ThreadLocal with key of type [org.springframework.core.NamedThreadLocal] (value [Current transaction name]) and a value of type [null] (value [null]). This will be cleaned up
[INFO] [talledLocalContainer] 2017-12-21 13:04:09,364 ERROR [localhost-startStop-1] [com.atlassian.threadlocal.BruteForceThreadLocalCleanup] logErr Thread[AtlassianEvent::CustomizableThreadFactory-2,5,main] created a ThreadLocal with key of type [org.springframework.core.NamedThreadLocal] (value [Prototype beans currently in creation]) and a value of type [null] (value [null]). This will be cleaned up
[INFO] [talledLocalContainer] 2017-12-21 13:04:09,364 ERROR [localhost-startStop-1] [com.atlassian.threadlocal.BruteForceThreadLocalCleanup] logErr Thread[AtlassianEvent::CustomizableThreadFactory-2,5,main] created a ThreadLocal with key of type [org.springframework.core.NamedThreadLocal] (value [Current transaction read-only status]) and a value of type [null] (value [null]). This will be cleaned up
[INFO] [talledLocalContainer] 2017-12-21 13:04:09,364 ERROR [localhost-startStop-1] [com.atlassian.threadlocal.BruteForceThreadLocalCleanup] logErr Thread[AtlassianEvent::CustomizableThreadFactory-2,5,main] created a ThreadLocal with key of type [org.springframework.core.NamedThreadLocal] (value [Current aspect-driven transaction]) and a value of type [null] (value [null]). This will be cleaned up
[INFO] [talledLocalContainer] 2017-12-21 13:04:09,365 ERROR [localhost-startStop-1] [com.atlassian.threadlocal.BruteForceThreadLocalCleanup] logErr Thread[AtlassianEvent::CustomizableThreadFactory-2,5,main] created a ThreadLocal with key of type [org.springframework.core.NamedThreadLocal] (value [Current transaction isolation level]) and a value of type [null] (value [null]). This will be cleaned up
[INFO] [talledLocalContainer] 2017-12-21 13:04:09,365 ERROR [localhost-startStop-1] [com.atlassian.threadlocal.BruteForceThreadLocalCleanup] logErr Thread[AtlassianEvent::CustomizableThreadFactory-2,5,main] created a ThreadLocal with key of type [org.springframework.core.NamedInheritableThreadLocal] (value [Current invoker bundle context]) and a value of type [null] (value [null]). This will be cleaned up
[INFO] [talledLocalContainer] 2017-12-21 13:04:09,365 ERROR [localhost-startStop-1] [com.atlassian.threadlocal.BruteForceThreadLocalCleanup] logErr Thread[AtlassianEvent::CustomizableThreadFactory-2,5,main] created a ThreadLocal with key of type [org.apache.log4j.helpers.ThreadLocalMap] (value [org.apache.log4j.helpers.ThreadLocalMap@7c72ea10]) and a value of type [java.util.Hashtable] (value [{}]). This will be cleaned up
[INFO] [talledLocalContainer] 2017-12-21 13:04:09,365 ERROR [localhost-startStop-1] [com.atlassian.threadlocal.BruteForceThreadLocalCleanup] logErr Thread[AtlassianEvent::CustomizableThreadFactory-3,5,main] created a ThreadLocal with key of type [com.github.kristofa.brave.ThreadLocalServerAndClientSpanState$1] (value [com.github.kristofa.brave.ThreadLocalServerAndClientSpanState$1@29f43d7f]) and a value of type [com.github.kristofa.brave.AutoValue_ServerSpan] (value [ServerSpan{span=null, sample=null}]). This will be cleaned up
[INFO] [talledLocalContainer] 2017-12-21 13:04:09,365 ERROR [localhost-startStop-1] [com.atlassian.threadlocal.BruteForceThreadLocalCleanup] logErr Thread[AtlassianEvent::CustomizableThreadFactory-3,5,main] created a ThreadLocal with key of type [org.springframework.core.NamedThreadLocal] (value [Prototype beans currently in creation]) and a value of type [null] (value [null]). This will be cleaned up
[INFO] [talledLocalContainer] 2017-12-21 13:04:09,365 ERROR [localhost-startStop-1] [com.atlassian.threadlocal.BruteForceThreadLocalCleanup] logErr Thread[AtlassianEvent::CustomizableThreadFactory-3,5,main] created a ThreadLocal with key of type [org.springframework.core.NamedThreadLocal] (value [Prototype beans currently in creation]) and a value of type [null] (value [null]). This will be cleaned up
[INFO] [talledLocalContainer] 2017-12-21 13:04:09,365 ERROR [localhost-startStop-1] [com.atlassian.threadlocal.BruteForceThreadLocalCleanup] logErr Thread[AtlassianEvent::CustomizableThreadFactory-3,5,main] created a ThreadLocal with key of type [org.springframework.core.NamedThreadLocal] (value [Prototype beans currently in creation]) and a value of type [null] (value [null]). This will be cleaned up
[INFO] [talledLocalContainer] 2017-12-21 13:04:09,365 ERROR [localhost-startStop-1] [com.atlassian.threadlocal.BruteForceThreadLocalCleanup] logErr Thread[AtlassianEvent::CustomizableThreadFactory-3,5,main] created a ThreadLocal with key of type [org.apache.shindig.common.xml.XmlUtil$2] (value [org.apache.shindig.common.xml.XmlUtil$2@7e1a7f72]) and a value of type [org.apache.xerces.jaxp.DocumentBuilderImpl] (value [org.apache.xerces.jaxp.DocumentBuilderImpl@1f31b883]). This will be cleaned up
[INFO] [talledLocalContainer] 2017-12-21 13:04:09,365 ERROR [localhost-startStop-1] [com.atlassian.threadlocal.BruteForceThreadLocalCleanup] logErr Thread[AtlassianEvent::CustomizableThreadFactory-3,5,main] created a ThreadLocal with key of type [org.springframework.core.NamedThreadLocal] (value [Prototype beans currently in creation]) and a value of type [null] (value [null]). This will be cleaned up
[INFO] [talledLocalContainer] 2017-12-21 13:04:09,366 ERROR [localhost-startStop-1] [com.atlassian.threadlocal.BruteForceThreadLocalCleanup] logErr Thread[AtlassianEvent::CustomizableThreadFactory-3,5,main] created a ThreadLocal with key of type [org.springframework.core.NamedThreadLocal] (value [Current transaction name]) and a value of type [null] (value [null]). This will be cleaned up
[INFO] [talledLocalContainer] 2017-12-21 13:04:09,366 ERROR [localhost-startStop-1] [com.atlassian.threadlocal.BruteForceThreadLocalCleanup] logErr Thread[AtlassianEvent::CustomizableThreadFactory-3,5,main] created a ThreadLocal with key of type [org.springframework.core.NamedThreadLocal] (value [Prototype beans currently in creation]) and a value of type [null] (value [null]). This will be cleaned up
[INFO] [talledLocalContainer] 2017-12-21 13:04:09,366 ERROR [localhost-startStop-1] [com.atlassian.threadlocal.BruteForceThreadLocalCleanup] logErr Thread[AtlassianEvent::CustomizableThreadFactory-3,5,main] created a ThreadLocal with key of type [org.springframework.core.NamedThreadLocal] (value [Prototype beans currently in creation]) and a value of type [null] (value [null]). This will be cleaned up
[INFO] [talledLocalContainer] 2017-12-21 13:04:09,366 ERROR [localhost-startStop-1] [com.atlassian.threadlocal.BruteForceThreadLocalCleanup] logErr Thread[AtlassianEvent::CustomizableThreadFactory-3,5,main] created a ThreadLocal with key of type [org.springframework.core.NamedThreadLocal] (value [Current transaction read-only status]) and a value of type [null] (value [null]). This will be cleaned up
[INFO] [talledLocalContainer] 2017-12-21 13:04:09,366 ERROR [localhost-startStop-1] [com.atlassian.threadlocal.BruteForceThreadLocalCleanup] logErr Thread[AtlassianEvent::CustomizableThreadFactory-3,5,main] created a ThreadLocal with key of type [org.springframework.core.NamedThreadLocal] (value [Prototype beans currently in creation]) and a value of type [null] (value [null]). This will be cleaned up
[INFO] [talledLocalContainer] 2017-12-21 13:04:09,366 ERROR [localhost-startStop-1] [com.atlassian.threadlocal.BruteForceThreadLocalCleanup] logErr Thread[AtlassianEvent::CustomizableThreadFactory-3,5,main] created a ThreadLocal with key of type [com.opensymphony.xwork.ActionContext.ActionContextThreadLocal] (value [com.opensymphony.xwork.ActionContext$ActionContextThreadLocal@2885e601]) and a value of type [com.opensymphony.xwork.ActionContext] (value [com.opensymphony.xwork.ActionContext@1883f08a]). This will be cleaned up
[INFO] [talledLocalContainer] 2017-12-21 13:04:09,366 ERROR [localhost-startStop-1] [com.atlassian.threadlocal.BruteForceThreadLocalCleanup] logErr Thread[AtlassianEvent::CustomizableThreadFactory-3,5,main] created a ThreadLocal with key of type [org.springframework.core.NamedThreadLocal] (value [Current aspect-driven transaction]) and a value of type [null] (value [null]). This will be cleaned up
[INFO] [talledLocalContainer] 2017-12-21 13:04:09,366 ERROR [localhost-startStop-1] [com.atlassian.threadlocal.BruteForceThreadLocalCleanup] logErr Thread[AtlassianEvent::CustomizableThreadFactory-3,5,main] created a ThreadLocal with key of type [org.springframework.core.NamedThreadLocal] (value [Current transaction isolation level]) and a value of type [null] (value [null]). This will be cleaned up
[INFO] [talledLocalContainer] 2017-12-21 13:04:09,366 ERROR [localhost-startStop-1] [com.atlassian.threadlocal.BruteForceThreadLocalCleanup] logErr Thread[AtlassianEvent::CustomizableThreadFactory-3,5,main] created a ThreadLocal with key of type [org.springframework.core.NamedThreadLocal] (value [Prototype beans currently in creation]) and a value of type [null] (value [null]). This will be cleaned up
[INFO] [talledLocalContainer] 2017-12-21 13:04:09,367 ERROR [localhost-startStop-1] [com.atlassian.threadlocal.BruteForceThreadLocalCleanup] logErr Thread[AtlassianEvent::CustomizableThreadFactory-3,5,main] created a ThreadLocal with key of type [org.springframework.core.NamedThreadLocal] (value [Prototype beans currently in creation]) and a value of type [null] (value [null]). This will be cleaned up
[INFO] [talledLocalContainer] 2017-12-21 13:04:09,367 ERROR [localhost-startStop-1] [com.atlassian.threadlocal.BruteForceThreadLocalCleanup] logErr Thread[AtlassianEvent::CustomizableThreadFactory-3,5,main] created a ThreadLocal with key of type [org.springframework.core.NamedThreadLocal] (value [Prototype beans currently in creation]) and a value of type [null] (value [null]). This will be cleaned up
[INFO] [talledLocalContainer] 2017-12-21 13:04:09,367 ERROR [localhost-startStop-1] [com.atlassian.threadlocal.BruteForceThreadLocalCleanup] logErr Thread[AtlassianEvent::CustomizableThreadFactory-3,5,main] created a ThreadLocal with key of type [org.springframework.core.NamedThreadLocal] (value [Actual transaction active]) and a value of type [null] (value [null]). This will be cleaned up
[INFO] [talledLocalContainer] 2017-12-21 13:04:09,367 ERROR [localhost-startStop-1] [com.atlassian.threadlocal.BruteForceThreadLocalCleanup] logErr Thread[AtlassianEvent::CustomizableThreadFactory-3,5,main] created a ThreadLocal with key of type [org.springframework.core.NamedInheritableThreadLocal] (value [Current invoker bundle context]) and a value of type [null] (value [null]). This will be cleaned up
[INFO] [talledLocalContainer] 2017-12-21 13:04:09,367 ERROR [localhost-startStop-1] [com.atlassian.threadlocal.BruteForceThreadLocalCleanup] logErr Thread[AtlassianEvent::CustomizableThreadFactory-3,5,main] created a ThreadLocal with key of type [org.apache.log4j.helpers.ThreadLocalMap] (value [org.apache.log4j.helpers.ThreadLocalMap@7c72ea10]) and a value of type [null] (value [null]). This will be cleaned up
[INFO] [talledLocalContainer] 2017-12-21 13:04:09,367 ERROR [localhost-startStop-1] [com.atlassian.threadlocal.BruteForceThreadLocalCleanup] logErr Thread[AtlassianEvent::CustomizableThreadFactory-4,5,main] created a ThreadLocal with key of type [com.github.kristofa.brave.ThreadLocalServerAndClientSpanState$1] (value [com.github.kristofa.brave.ThreadLocalServerAndClientSpanState$1@29f43d7f]) and a value of type [com.github.kristofa.brave.AutoValue_ServerSpan] (value [ServerSpan{span=null, sample=null}]). This will be cleaned up
[INFO] [talledLocalContainer] 2017-12-21 13:04:09,367 ERROR [localhost-startStop-1] [com.atlassian.threadlocal.BruteForceThreadLocalCleanup] logErr Thread[AtlassianEvent::CustomizableThreadFactory-4,5,main] created a ThreadLocal with key of type [org.springframework.core.NamedThreadLocal] (value [Current transaction name]) and a value of type [null] (value [null]). This will be cleaned up
[INFO] [talledLocalContainer] 2017-12-21 13:04:09,367 ERROR [localhost-startStop-1] [com.atlassian.threadlocal.BruteForceThreadLocalCleanup] logErr Thread[AtlassianEvent::CustomizableThreadFactory-4,5,main] created a ThreadLocal with key of type [org.springframework.core.NamedThreadLocal] (value [Current transaction read-only status]) and a value of type [null] (value [null]). This will be cleaned up
[INFO] [talledLocalContainer] 2017-12-21 13:04:09,367 ERROR [localhost-startStop-1] [com.atlassian.threadlocal.BruteForceThreadLocalCleanup] logErr Thread[AtlassianEvent::CustomizableThreadFactory-4,5,main] created a ThreadLocal with key of type [org.springframework.core.NamedThreadLocal] (value [Current aspect-driven transaction]) and a value of type [null] (value [null]). This will be cleaned up
[INFO] [talledLocalContainer] 2017-12-21 13:04:09,367 ERROR [localhost-startStop-1] [com.atlassian.threadlocal.BruteForceThreadLocalCleanup] logErr Thread[AtlassianEvent::CustomizableThreadFactory-4,5,main] created a ThreadLocal with key of type [org.springframework.core.NamedThreadLocal] (value [Current transaction isolation level]) and a value of type [null] (value [null]). This will be cleaned up
[INFO] [talledLocalContainer] 2017-12-21 13:04:09,367 ERROR [localhost-startStop-1] [com.atlassian.threadlocal.BruteForceThreadLocalCleanup] logErr Thread[AtlassianEvent::CustomizableThreadFactory-4,5,main] created a ThreadLocal with key of type [org.springframework.core.NamedThreadLocal] (value [Actual transaction active]) and a value of type [null] (value [null]). This will be cleaned up
[INFO] [talledLocalContainer] 2017-12-21 13:04:09,368 ERROR [localhost-startStop-1] [com.atlassian.threadlocal.BruteForceThreadLocalCleanup] logErr Thread[AtlassianEvent::CustomizableThreadFactory-4,5,main] created a ThreadLocal with key of type [org.springframework.core.NamedInheritableThreadLocal] (value [Current invoker bundle context]) and a value of type [null] (value [null]). This will be cleaned up
[INFO] [talledLocalContainer] 2017-12-21 13:04:09,368 ERROR [localhost-startStop-1] [com.atlassian.threadlocal.BruteForceThreadLocalCleanup] logErr Thread[AtlassianEvent::CustomizableThreadFactory-4,5,main] created a ThreadLocal with key of type [org.apache.log4j.helpers.ThreadLocalMap] (value [org.apache.log4j.helpers.ThreadLocalMap@7c72ea10]) and a value of type [java.util.Hashtable] (value [{}]). This will be cleaned up
[INFO] [talledLocalContainer] 2017-12-21 13:04:09,368 ERROR [localhost-startStop-1] [com.atlassian.threadlocal.BruteForceThreadLocalCleanup] logErr Thread[C3P0PooledConnectionPoolManager[identityToken->z8kflt9sxk6p9xlwt1w|2d2f8680]-AdminTaskTimer,5,main] created a ThreadLocal with key of type [org.springframework.core.NamedInheritableThreadLocal] (value [Current invoker bundle context]) and a value of type [null] (value [null]). This will be cleaned up
[INFO] [talledLocalContainer] 2017-12-21 13:04:09,368 ERROR [localhost-startStop-1] [com.atlassian.threadlocal.BruteForceThreadLocalCleanup] logErr Thread[C3P0PooledConnectionPoolManager[identityToken->z8kflt9sxk6p9xlwt1w|2d2f8680]-AdminTaskTimer,5,main] created a ThreadLocal with key of type [org.apache.log4j.helpers.ThreadLocalMap] (value [org.apache.log4j.helpers.ThreadLocalMap@7c72ea10]) and a value of type [null] (value [null]). This will be cleaned up
[INFO] [talledLocalContainer] 2017-12-21 13:04:09,368 ERROR [localhost-startStop-1] [com.atlassian.threadlocal.BruteForceThreadLocalCleanup] logErr Thread[C3P0PooledConnectionPoolManager[identityToken->z8kflt9sxk6p9xlwt1w|2d2f8680]-HelperThread-#0,5,main] created a ThreadLocal with key of type [org.springframework.core.NamedInheritableThreadLocal] (value [Current invoker bundle context]) and a value of type [null] (value [null]). This will be cleaned up
[INFO] [talledLocalContainer] 2017-12-21 13:04:09,368 ERROR [localhost-startStop-1] [com.atlassian.threadlocal.BruteForceThreadLocalCleanup] logErr Thread[C3P0PooledConnectionPoolManager[identityToken->z8kflt9sxk6p9xlwt1w|2d2f8680]-HelperThread-#0,5,main] created a ThreadLocal with key of type [org.apache.log4j.helpers.ThreadLocalMap] (value [org.apache.log4j.helpers.ThreadLocalMap@7c72ea10]) and a value of type [null] (value [null]). This will be cleaned up
[INFO] [talledLocalContainer] 2017-12-21 13:04:09,368 ERROR [localhost-startStop-1] [com.atlassian.threadlocal.BruteForceThreadLocalCleanup] logErr Thread[C3P0PooledConnectionPoolManager[identityToken->z8kflt9sxk6p9xlwt1w|2d2f8680]-HelperThread-#1,5,main] created a ThreadLocal with key of type [org.springframework.core.NamedInheritableThreadLocal] (value [Current invoker bundle context]) and a value of type [null] (value [null]). This will be cleaned up
[INFO] [talledLocalContainer] 2017-12-21 13:04:09,368 ERROR [localhost-startStop-1] [com.atlassian.threadlocal.BruteForceThreadLocalCleanup] logErr Thread[C3P0PooledConnectionPoolManager[identityToken->z8kflt9sxk6p9xlwt1w|2d2f8680]-HelperThread-#1,5,main] created a ThreadLocal with key of type [org.apache.log4j.helpers.ThreadLocalMap] (value [org.apache.log4j.helpers.ThreadLocalMap@7c72ea10]) and a value of type [null] (value [null]). This will be cleaned up
[INFO] [talledLocalContainer] 2017-12-21 13:04:09,368 ERROR [localhost-startStop-1] [com.atlassian.threadlocal.BruteForceThreadLocalCleanup] logErr Thread[C3P0PooledConnectionPoolManager[identityToken->z8kflt9sxk6p9xlwt1w|2d2f8680]-HelperThread-#2,5,main] created a ThreadLocal with key of type [org.springframework.core.NamedInheritableThreadLocal] (value [Current invoker bundle context]) and a value of type [null] (value [null]). This will be cleaned up
[INFO] [talledLocalContainer] 2017-12-21 13:04:09,369 ERROR [localhost-startStop-1] [com.atlassian.threadlocal.BruteForceThreadLocalCleanup] logErr Thread[C3P0PooledConnectionPoolManager[identityToken->z8kflt9sxk6p9xlwt1w|2d2f8680]-HelperThread-#2,5,main] created a ThreadLocal with key of type [org.apache.log4j.helpers.ThreadLocalMap] (value [org.apache.log4j.helpers.ThreadLocalMap@7c72ea10]) and a value of type [null] (value [null]). This will be cleaned up
[INFO] [talledLocalContainer] 2017-12-21 13:04:09,369 ERROR [localhost-startStop-1] [com.atlassian.threadlocal.BruteForceThreadLocalCleanup] logErr Thread[Connection evictor,5,main] created a ThreadLocal with key of type [org.springframework.core.NamedInheritableThreadLocal] (value [Current invoker bundle context]) and a value of type [null] (value [null]). This will be cleaned up
[INFO] [talledLocalContainer] 2017-12-21 13:04:09,369 ERROR [localhost-startStop-1] [com.atlassian.threadlocal.BruteForceThreadLocalCleanup] logErr Thread[Connection evictor,5,main] created a ThreadLocal with key of type [org.apache.log4j.helpers.ThreadLocalMap] (value [org.apache.log4j.helpers.ThreadLocalMap@7c72ea10]) and a value of type [null] (value [null]). This will be cleaned up
[INFO] [talledLocalContainer] 2017-12-21 13:04:09,369 ERROR [localhost-startStop-1] [com.atlassian.threadlocal.BruteForceThreadLocalCleanup] logErr Thread[Thread-46,5,main] created a ThreadLocal with key of type [org.springframework.core.NamedInheritableThreadLocal] (value [Current invoker bundle context]) and a value of type [null] (value [null]). This will be cleaned up
[INFO] [talledLocalContainer] 2017-12-21 13:04:09,369 ERROR [localhost-startStop-1] [com.atlassian.threadlocal.BruteForceThreadLocalCleanup] logErr Thread[Thread-46,5,main] created a ThreadLocal with key of type [org.apache.log4j.helpers.ThreadLocalMap] (value [org.apache.log4j.helpers.ThreadLocalMap@7c72ea10]) and a value of type [null] (value [null]). This will be cleaned up
[INFO] [talledLocalContainer] 2017-12-21 13:04:09,369 ERROR [localhost-startStop-1] [com.atlassian.threadlocal.BruteForceThreadLocalCleanup] logErr Thread[ListenableFutureAdapter-thread-0,5,main] created a ThreadLocal with key of type [org.springframework.core.NamedInheritableThreadLocal] (value [Current invoker bundle context]) and a value of type [null] (value [null]). This will be cleaned up
[INFO] [talledLocalContainer] 2017-12-21 13:04:09,369 ERROR [localhost-startStop-1] [com.atlassian.threadlocal.BruteForceThreadLocalCleanup] logErr Thread[ListenableFutureAdapter-thread-0,5,main] created a ThreadLocal with key of type [org.apache.log4j.helpers.ThreadLocalMap] (value [org.apache.log4j.helpers.ThreadLocalMap@7c72ea10]) and a value of type [null] (value [null]). This will be cleaned up
[INFO] [talledLocalContainer] 2017-12-21 13:04:09,369 ERROR [localhost-startStop-1] [com.atlassian.threadlocal.BruteForceThreadLocalCleanup] logErr Thread[ListenableFutureAdapter-thread-1,5,main] created a ThreadLocal with key of type [com.github.kristofa.brave.ThreadLocalServerAndClientSpanState$1] (value [com.github.kristofa.brave.ThreadLocalServerAndClientSpanState$1@29f43d7f]) and a value of type [com.github.kristofa.brave.AutoValue_ServerSpan] (value [ServerSpan{span=null, sample=null}]). This will be cleaned up
[INFO] [talledLocalContainer] 2017-12-21 13:04:09,369 ERROR [localhost-startStop-1] [com.atlassian.threadlocal.BruteForceThreadLocalCleanup] logErr Thread[ListenableFutureAdapter-thread-1,5,main] created a ThreadLocal with key of type [org.springframework.core.NamedThreadLocal] (value [Current transaction name]) and a value of type [null] (value [null]). This will be cleaned up
[INFO] [talledLocalContainer] 2017-12-21 13:04:09,370 ERROR [localhost-startStop-1] [com.atlassian.threadlocal.BruteForceThreadLocalCleanup] logErr Thread[ListenableFutureAdapter-thread-1,5,main] created a ThreadLocal with key of type [org.springframework.core.NamedThreadLocal] (value [Current transaction read-only status]) and a value of type [null] (value [null]). This will be cleaned up
[INFO] [talledLocalContainer] 2017-12-21 13:04:09,370 ERROR [localhost-startStop-1] [com.atlassian.threadlocal.BruteForceThreadLocalCleanup] logErr Thread[ListenableFutureAdapter-thread-1,5,main] created a ThreadLocal with key of type [org.springframework.core.NamedThreadLocal] (value [Prototype beans currently in creation]) and a value of type [null] (value [null]). This will be cleaned up
[INFO] [talledLocalContainer] 2017-12-21 13:04:09,370 ERROR [localhost-startStop-1] [com.atlassian.threadlocal.BruteForceThreadLocalCleanup] logErr Thread[ListenableFutureAdapter-thread-1,5,main] created a ThreadLocal with key of type [org.springframework.core.NamedThreadLocal] (value [Current aspect-driven transaction]) and a value of type [null] (value [null]). This will be cleaned up
[INFO] [talledLocalContainer] 2017-12-21 13:04:09,370 ERROR [localhost-startStop-1] [com.atlassian.threadlocal.BruteForceThreadLocalCleanup] logErr Thread[ListenableFutureAdapter-thread-1,5,main] created a ThreadLocal with key of type [org.springframework.core.NamedThreadLocal] (value [Current transaction isolation level]) and a value of type [null] (value [null]). This will be cleaned up
[INFO] [talledLocalContainer] 2017-12-21 13:04:09,370 ERROR [localhost-startStop-1] [com.atlassian.threadlocal.BruteForceThreadLocalCleanup] logErr Thread[ListenableFutureAdapter-thread-1,5,main] created a ThreadLocal with key of type [org.springframework.core.NamedThreadLocal] (value [Actual transaction active]) and a value of type [null] (value [null]). This will be cleaned up
[INFO] [talledLocalContainer] 2017-12-21 13:04:09,370 ERROR [localhost-startStop-1] [com.atlassian.threadlocal.BruteForceThreadLocalCleanup] logErr Thread[ListenableFutureAdapter-thread-1,5,main] created a ThreadLocal with key of type [com.sun.jna.Structure$1] (value [com.sun.jna.Structure$1@5838124b]) and a value of type [java.util.HashMap] (value [{}]). This will be cleaned up
[INFO] [talledLocalContainer] 2017-12-21 13:04:09,370 ERROR [localhost-startStop-1] [com.atlassian.threadlocal.BruteForceThreadLocalCleanup] logErr Thread[ListenableFutureAdapter-thread-1,5,main] created a ThreadLocal with key of type [org.springframework.core.NamedThreadLocal] (value [Prototype beans currently in creation]) and a value of type [null] (value [null]). This will be cleaned up
[INFO] [talledLocalContainer] Dec 21, 2017 1:04:09 PM org.apache.catalina.loader.WebappClassLoaderBase clearReferencesJdbc
[WARNING] [talledLocalContainer] WARNING: The web application [confluence] registered the JDBC driver [org.h2.Driver] but failed to unregister it when the web application was stopped. To prevent a memory leak, the JDBC Driver has been forcibly unregistered.
[INFO] [talledLocalContainer] Dec 21, 2017 1:04:09 PM org.apache.catalina.loader.WebappClassLoaderBase clearReferencesThreads
[WARNING] [talledLocalContainer] WARNING: The web application [confluence] appears to have started a thread named [scheduler_Worker-1] but has failed to stop it. This is very likely to create a memory leak. Stack trace of thread:
[INFO] [talledLocalContainer]  java.lang.Object.wait(Native Method)
[INFO] [talledLocalContainer]  org.quartz.simpl.SimpleThreadPool$WorkerThread.run(SimpleThreadPool.java:543)
[INFO] [talledLocalContainer] Dec 21, 2017 1:04:09 PM org.apache.catalina.loader.WebappClassLoaderBase clearReferencesThreads
[WARNING] [talledLocalContainer] WARNING: The web application [confluence] appears to have started a thread named [scheduler_Worker-2] but has failed to stop it. This is very likely to create a memory leak. Stack trace of thread:
[INFO] [talledLocalContainer]  java.lang.Object.wait(Native Method)
[INFO] [talledLocalContainer]  org.quartz.simpl.SimpleThreadPool$WorkerThread.run(SimpleThreadPool.java:543)
[INFO] [talledLocalContainer] Dec 21, 2017 1:04:09 PM org.apache.catalina.loader.WebappClassLoaderBase clearReferencesThreads
[WARNING] [talledLocalContainer] WARNING: The web application [confluence] appears to have started a thread named [scheduler_Worker-3] but has failed to stop it. This is very likely to create a memory leak. Stack trace of thread:
[INFO] [talledLocalContainer]  java.lang.Object.wait(Native Method)
[INFO] [talledLocalContainer]  org.quartz.simpl.SimpleThreadPool$WorkerThread.run(SimpleThreadPool.java:543)
[INFO] [talledLocalContainer] Dec 21, 2017 1:04:09 PM org.apache.catalina.loader.WebappClassLoaderBase clearReferencesThreads
[WARNING] [talledLocalContainer] WARNING: The web application [confluence] appears to have started a thread named [scheduler_Worker-4] but has failed to stop it. This is very likely to create a memory leak. Stack trace of thread:
[INFO] [talledLocalContainer]  java.lang.Object.wait(Native Method)
[INFO] [talledLocalContainer]  org.quartz.simpl.SimpleThreadPool$WorkerThread.run(SimpleThreadPool.java:543)
[INFO] [talledLocalContainer] Dec 21, 2017 1:04:09 PM org.apache.catalina.loader.WebappClassLoaderBase clearReferencesThreads
[WARNING] [talledLocalContainer] WARNING: The web application [confluence] appears to have started a thread named [scheduler_Worker-5] but has failed to stop it. This is very likely to create a memory leak. Stack trace of thread:
[INFO] [talledLocalContainer]  java.lang.Object.wait(Native Method)
[INFO] [talledLocalContainer]  org.quartz.simpl.SimpleThreadPool$WorkerThread.run(SimpleThreadPool.java:543)
[INFO] [talledLocalContainer] Dec 21, 2017 1:04:09 PM org.apache.catalina.loader.WebappClassLoaderBase clearReferencesThreads
[WARNING] [talledLocalContainer] WARNING: The web application [confluence] appears to have started a thread named [scheduler_Worker-6] but has failed to stop it. This is very likely to create a memory leak. Stack trace of thread:
[INFO] [talledLocalContainer]  java.lang.Object.wait(Native Method)
[INFO] [talledLocalContainer]  org.quartz.simpl.SimpleThreadPool$WorkerThread.run(SimpleThreadPool.java:543)
[INFO] [talledLocalContainer] Dec 21, 2017 1:04:09 PM org.apache.catalina.loader.WebappClassLoaderBase clearReferencesThreads
[WARNING] [talledLocalContainer] WARNING: The web application [confluence] appears to have started a thread named [scheduler_Worker-7] but has failed to stop it. This is very likely to create a memory leak. Stack trace of thread:
[INFO] [talledLocalContainer]  java.lang.Object.wait(Native Method)
[INFO] [talledLocalContainer]  org.quartz.simpl.SimpleThreadPool$WorkerThread.run(SimpleThreadPool.java:543)
[INFO] [talledLocalContainer] Dec 21, 2017 1:04:09 PM org.apache.catalina.loader.WebappClassLoaderBase clearReferencesThreads
[WARNING] [talledLocalContainer] WARNING: The web application [confluence] appears to have started a thread named [scheduler_Worker-8] but has failed to stop it. This is very likely to create a memory leak. Stack trace of thread:
[INFO] [talledLocalContainer]  java.lang.Object.wait(Native Method)
[INFO] [talledLocalContainer]  org.quartz.simpl.SimpleThreadPool$WorkerThread.run(SimpleThreadPool.java:543)
[INFO] [talledLocalContainer] Dec 21, 2017 1:04:09 PM org.apache.catalina.loader.WebappClassLoaderBase clearReferencesThreads
[WARNING] [talledLocalContainer] WARNING: The web application [confluence] appears to have started a thread named [scheduler_Worker-9] but has failed to stop it. This is very likely to create a memory leak. Stack trace of thread:
[INFO] [talledLocalContainer]  java.lang.Object.wait(Native Method)
[INFO] [talledLocalContainer]  org.quartz.simpl.SimpleThreadPool$WorkerThread.run(SimpleThreadPool.java:543)
[INFO] [talledLocalContainer] Dec 21, 2017 1:04:09 PM org.apache.catalina.loader.WebappClassLoaderBase clearReferencesThreads
[WARNING] [talledLocalContainer] WARNING: The web application [confluence] appears to have started a thread named [scheduler_Worker-10] but has failed to stop it. This is very likely to create a memory leak. Stack trace of thread:
[INFO] [talledLocalContainer]  java.lang.Object.wait(Native Method)
[INFO] [talledLocalContainer]  org.quartz.simpl.SimpleThreadPool$WorkerThread.run(SimpleThreadPool.java:543)
[INFO] [talledLocalContainer] Dec 21, 2017 1:04:09 PM org.apache.catalina.loader.WebappClassLoaderBase clearReferencesThreads
[WARNING] [talledLocalContainer] WARNING: The web application [confluence] appears to have started a thread named [AtlassianEvent::CustomizableThreadFactory-1] but has failed to stop it. This is very likely to create a memory leak. Stack trace of thread:
[INFO] [talledLocalContainer]  sun.misc.Unsafe.park(Native Method)
[INFO] [talledLocalContainer]  java.util.concurrent.locks.LockSupport.park(LockSupport.java:175)
[INFO] [talledLocalContainer]  java.util.concurrent.locks.AbstractQueuedSynchronizer$ConditionObject.await(AbstractQueuedSynchronizer.java:2039)
[INFO] [talledLocalContainer]  java.util.concurrent.LinkedBlockingQueue.take(LinkedBlockingQueue.java:442)
[INFO] [talledLocalContainer]  java.util.concurrent.ThreadPoolExecutor.getTask(ThreadPoolExecutor.java:1067)
[INFO] [talledLocalContainer]  java.util.concurrent.ThreadPoolExecutor.runWorker(ThreadPoolExecutor.java:1127)
[INFO] [talledLocalContainer]  java.util.concurrent.ThreadPoolExecutor$Worker.run(ThreadPoolExecutor.java:617)
[INFO] [talledLocalContainer]  java.lang.Thread.run(Thread.java:745)
[INFO] [talledLocalContainer] Dec 21, 2017 1:04:09 PM org.apache.catalina.loader.WebappClassLoaderBase clearReferencesThreads
[WARNING] [talledLocalContainer] WARNING: The web application [confluence] appears to have started a thread named [AtlassianEvent::CustomizableThreadFactory-2] but has failed to stop it. This is very likely to create a memory leak. Stack trace of thread:
[INFO] [talledLocalContainer]  sun.misc.Unsafe.park(Native Method)
[INFO] [talledLocalContainer]  java.util.concurrent.locks.LockSupport.park(LockSupport.java:175)
[INFO] [talledLocalContainer]  java.util.concurrent.locks.AbstractQueuedSynchronizer$ConditionObject.await(AbstractQueuedSynchronizer.java:2039)
[INFO] [talledLocalContainer]  java.util.concurrent.LinkedBlockingQueue.take(LinkedBlockingQueue.java:442)
[INFO] [talledLocalContainer]  java.util.concurrent.ThreadPoolExecutor.getTask(ThreadPoolExecutor.java:1067)
[INFO] [talledLocalContainer]  java.util.concurrent.ThreadPoolExecutor.runWorker(ThreadPoolExecutor.java:1127)
[INFO] [talledLocalContainer]  java.util.concurrent.ThreadPoolExecutor$Worker.run(ThreadPoolExecutor.java:617)
[INFO] [talledLocalContainer]  java.lang.Thread.run(Thread.java:745)
[INFO] [talledLocalContainer] Dec 21, 2017 1:04:09 PM org.apache.catalina.loader.WebappClassLoaderBase clearReferencesThreads
[WARNING] [talledLocalContainer] WARNING: The web application [confluence] appears to have started a thread named [AtlassianEvent::CustomizableThreadFactory-3] but has failed to stop it. This is very likely to create a memory leak. Stack trace of thread:
[INFO] [talledLocalContainer]  sun.misc.Unsafe.park(Native Method)
[INFO] [talledLocalContainer]  java.util.concurrent.locks.LockSupport.park(LockSupport.java:175)
[INFO] [talledLocalContainer]  java.util.concurrent.locks.AbstractQueuedSynchronizer$ConditionObject.await(AbstractQueuedSynchronizer.java:2039)
[INFO] [talledLocalContainer]  java.util.concurrent.LinkedBlockingQueue.take(LinkedBlockingQueue.java:442)
[INFO] [talledLocalContainer]  java.util.concurrent.ThreadPoolExecutor.getTask(ThreadPoolExecutor.java:1067)
[INFO] [talledLocalContainer]  java.util.concurrent.ThreadPoolExecutor.runWorker(ThreadPoolExecutor.java:1127)
[INFO] [talledLocalContainer]  java.util.concurrent.ThreadPoolExecutor$Worker.run(ThreadPoolExecutor.java:617)
[INFO] [talledLocalContainer]  java.lang.Thread.run(Thread.java:745)
[INFO] [talledLocalContainer] Dec 21, 2017 1:04:09 PM org.apache.catalina.loader.WebappClassLoaderBase clearReferencesThreads
[WARNING] [talledLocalContainer] WARNING: The web application [confluence] appears to have started a thread named [AtlassianEvent::CustomizableThreadFactory-4] but has failed to stop it. This is very likely to create a memory leak. Stack trace of thread:
[INFO] [talledLocalContainer]  sun.misc.Unsafe.park(Native Method)
[INFO] [talledLocalContainer]  java.util.concurrent.locks.LockSupport.park(LockSupport.java:175)
[INFO] [talledLocalContainer]  java.util.concurrent.locks.AbstractQueuedSynchronizer$ConditionObject.await(AbstractQueuedSynchronizer.java:2039)
[INFO] [talledLocalContainer]  java.util.concurrent.LinkedBlockingQueue.take(LinkedBlockingQueue.java:442)
[INFO] [talledLocalContainer]  java.util.concurrent.ThreadPoolExecutor.getTask(ThreadPoolExecutor.java:1067)
[INFO] [talledLocalContainer]  java.util.concurrent.ThreadPoolExecutor.runWorker(ThreadPoolExecutor.java:1127)
[INFO] [talledLocalContainer]  java.util.concurrent.ThreadPoolExecutor$Worker.run(ThreadPoolExecutor.java:617)
[INFO] [talledLocalContainer]  java.lang.Thread.run(Thread.java:745)
[INFO] [talledLocalContainer] Dec 21, 2017 1:04:09 PM org.apache.catalina.loader.WebappClassLoaderBase clearReferencesThreads
[WARNING] [talledLocalContainer] WARNING: The web application [confluence] appears to have started a thread named [C3P0PooledConnectionPoolManager[identityToken->z8kflt9sxk6p9xlwt1w|2d2f8680]-AdminTaskTimer] but has failed to stop it. This is very likely to create a memory leak. Stack trace of thread:
[INFO] [talledLocalContainer]  java.lang.Object.wait(Native Method)
[INFO] [talledLocalContainer]  java.util.TimerThread.mainLoop(Timer.java:552)
[INFO] [talledLocalContainer]  java.util.TimerThread.run(Timer.java:505)
[INFO] [talledLocalContainer] Dec 21, 2017 1:04:09 PM org.apache.catalina.loader.WebappClassLoaderBase clearReferencesThreads
[WARNING] [talledLocalContainer] WARNING: The web application [confluence] appears to have started a thread named [C3P0PooledConnectionPoolManager[identityToken->z8kflt9sxk6p9xlwt1w|2d2f8680]-HelperThread-#0] but has failed to stop it. This is very likely to create a memory leak. Stack trace of thread:
[INFO] [talledLocalContainer]  java.lang.Object.wait(Native Method)
[INFO] [talledLocalContainer]  com.mchange.v2.async.ThreadPoolAsynchronousRunner$PoolThread.run(ThreadPoolAsynchronousRunner.java:683)
[INFO] [talledLocalContainer] Dec 21, 2017 1:04:09 PM org.apache.catalina.loader.WebappClassLoaderBase clearReferencesThreads
[WARNING] [talledLocalContainer] WARNING: The web application [confluence] appears to have started a thread named [C3P0PooledConnectionPoolManager[identityToken->z8kflt9sxk6p9xlwt1w|2d2f8680]-HelperThread-#1] but has failed to stop it. This is very likely to create a memory leak. Stack trace of thread:
[INFO] [talledLocalContainer]  java.lang.Object.wait(Native Method)
[INFO] [talledLocalContainer]  com.mchange.v2.async.ThreadPoolAsynchronousRunner$PoolThread.run(ThreadPoolAsynchronousRunner.java:683)
[INFO] [talledLocalContainer] Dec 21, 2017 1:04:09 PM org.apache.catalina.loader.WebappClassLoaderBase clearReferencesThreads
[WARNING] [talledLocalContainer] WARNING: The web application [confluence] appears to have started a thread named [C3P0PooledConnectionPoolManager[identityToken->z8kflt9sxk6p9xlwt1w|2d2f8680]-HelperThread-#2] but has failed to stop it. This is very likely to create a memory leak. Stack trace of thread:
[INFO] [talledLocalContainer]  java.lang.Object.wait(Native Method)
[INFO] [talledLocalContainer]  com.mchange.v2.async.ThreadPoolAsynchronousRunner$PoolThread.run(ThreadPoolAsynchronousRunner.java:683)
[INFO] [talledLocalContainer] Dec 21, 2017 1:04:09 PM org.apache.catalina.loader.WebappClassLoaderBase clearReferencesThreads
[WARNING] [talledLocalContainer] WARNING: The web application [confluence] appears to have started a thread named [ListenableFutureAdapter-thread-0] but has failed to stop it. This is very likely to create a memory leak. Stack trace of thread:
[INFO] [talledLocalContainer]  sun.misc.Unsafe.park(Native Method)
[INFO] [talledLocalContainer]  java.util.concurrent.locks.LockSupport.parkNanos(LockSupport.java:215)
[INFO] [talledLocalContainer]  java.util.concurrent.SynchronousQueue$TransferStack.awaitFulfill(SynchronousQueue.java:460)
[INFO] [talledLocalContainer]  java.util.concurrent.SynchronousQueue$TransferStack.transfer(SynchronousQueue.java:362)
[INFO] [talledLocalContainer]  java.util.concurrent.SynchronousQueue.poll(SynchronousQueue.java:941)
[INFO] [talledLocalContainer]  java.util.concurrent.ThreadPoolExecutor.getTask(ThreadPoolExecutor.java:1066)
[INFO] [talledLocalContainer]  java.util.concurrent.ThreadPoolExecutor.runWorker(ThreadPoolExecutor.java:1127)
[INFO] [talledLocalContainer]  java.util.concurrent.ThreadPoolExecutor$Worker.run(ThreadPoolExecutor.java:617)
[INFO] [talledLocalContainer]  java.lang.Thread.run(Thread.java:745)
[INFO] [talledLocalContainer] Dec 21, 2017 1:04:09 PM org.apache.catalina.loader.WebappClassLoaderBase clearReferencesThreads
[WARNING] [talledLocalContainer] WARNING: The web application [confluence] appears to have started a thread named [ListenableFutureAdapter-thread-1] but has failed to stop it. This is very likely to create a memory leak. Stack trace of thread:
[INFO] [talledLocalContainer]  sun.misc.Unsafe.park(Native Method)
[INFO] [talledLocalContainer]  java.util.concurrent.locks.LockSupport.parkNanos(LockSupport.java:215)
[INFO] [talledLocalContainer]  java.util.concurrent.SynchronousQueue$TransferStack.awaitFulfill(SynchronousQueue.java:460)
[INFO] [talledLocalContainer]  java.util.concurrent.SynchronousQueue$TransferStack.transfer(SynchronousQueue.java:362)
[INFO] [talledLocalContainer]  java.util.concurrent.SynchronousQueue.poll(SynchronousQueue.java:941)
[INFO] [talledLocalContainer]  java.util.concurrent.ThreadPoolExecutor.getTask(ThreadPoolExecutor.java:1066)
[INFO] [talledLocalContainer]  java.util.concurrent.ThreadPoolExecutor.runWorker(ThreadPoolExecutor.java:1127)
[INFO] [talledLocalContainer]  java.util.concurrent.ThreadPoolExecutor$Worker.run(ThreadPoolExecutor.java:617)
[INFO] [talledLocalContainer]  java.lang.Thread.run(Thread.java:745)
[INFO] [talledLocalContainer] Dec 21, 2017 1:04:09 PM org.apache.catalina.loader.WebappClassLoaderBase clearReferencesThreads
[WARNING] [talledLocalContainer] WARNING: The web application [confluence] appears to have started a thread named [synchrony-interop-executor:thread-1] but has failed to stop it. This is very likely to create a memory leak. Stack trace of thread:
[INFO] [talledLocalContainer]  java.net.SocketInputStream.socketRead0(Native Method)
[INFO] [talledLocalContainer]  java.net.SocketInputStream.socketRead(SocketInputStream.java:116)
[INFO] [talledLocalContainer]  java.net.SocketInputStream.read(SocketInputStream.java:170)
[INFO] [talledLocalContainer]  java.net.SocketInputStream.read(SocketInputStream.java:141)
[INFO] [talledLocalContainer]  org.apache.http.impl.io.SessionInputBufferImpl.streamRead(SessionInputBufferImpl.java:137)
[INFO] [talledLocalContainer]  org.apache.http.impl.io.SessionInputBufferImpl.fillBuffer(SessionInputBufferImpl.java:153)
[INFO] [talledLocalContainer]  org.apache.http.impl.io.SessionInputBufferImpl.readLine(SessionInputBufferImpl.java:282)
[INFO] [talledLocalContainer]  org.apache.http.impl.conn.DefaultHttpResponseParser.parseHead(DefaultHttpResponseParser.java:138)
[INFO] [talledLocalContainer]  org.apache.http.impl.conn.DefaultHttpResponseParser.parseHead(DefaultHttpResponseParser.java:56)
[INFO] [talledLocalContainer]  org.apache.http.impl.io.AbstractMessageParser.parse(AbstractMessageParser.java:259)
[INFO] [talledLocalContainer]  org.apache.http.impl.DefaultBHttpClientConnection.receiveResponseHeader(DefaultBHttpClientConnection.java:163)
[INFO] [talledLocalContainer]  org.apache.http.impl.conn.CPoolProxy.receiveResponseHeader(CPoolProxy.java:165)
[INFO] [talledLocalContainer]  org.apache.http.protocol.HttpRequestExecutor.doReceiveResponse(HttpRequestExecutor.java:273)
[INFO] [talledLocalContainer]  org.apache.http.protocol.HttpRequestExecutor.execute(HttpRequestExecutor.java:125)
[INFO] [talledLocalContainer]  org.apache.http.impl.execchain.MainClientExec.execute(MainClientExec.java:272)
[INFO] [talledLocalContainer]  org.apache.http.impl.execchain.ProtocolExec.execute(ProtocolExec.java:185)
[INFO] [talledLocalContainer]  org.apache.http.impl.client.InternalHttpClient.doExecute(InternalHttpClient.java:185)
[INFO] [talledLocalContainer]  org.apache.http.impl.client.CloseableHttpClient.execute(CloseableHttpClient.java:83)
[INFO] [talledLocalContainer]  org.apache.http.impl.client.CloseableHttpClient.execute(CloseableHttpClient.java:108)
[INFO] [talledLocalContainer]  com.atlassian.confluence.plugins.synchrony.bootstrap.DefaultSynchronyProxyMonitor.pollHealthcheck(DefaultSynchronyProxyMonitor.java:76)
[INFO] [talledLocalContainer]  com.atlassian.confluence.plugins.synchrony.bootstrap.DefaultSynchronyProxyMonitor$$Lambda$651/1106754555.run(Unknown Source)
[INFO] [talledLocalContainer]  java.util.concurrent.Executors$RunnableAdapter.call(Executors.java:511)
[INFO] [talledLocalContainer]  java.util.concurrent.FutureTask.runAndReset(FutureTask.java:308)
[INFO] [talledLocalContainer]  java.util.concurrent.ScheduledThreadPoolExecutor$ScheduledFutureTask.access$301(ScheduledThreadPoolExecutor.java:180)
[INFO] [talledLocalContainer]  java.util.concurrent.ScheduledThreadPoolExecutor$ScheduledFutureTask.run(ScheduledThreadPoolExecutor.java:294)
[INFO] [talledLocalContainer]  java.util.concurrent.ThreadPoolExecutor.runWorker(ThreadPoolExecutor.java:1142)
[INFO] [talledLocalContainer]  java.util.concurrent.ThreadPoolExecutor$Worker.run(ThreadPoolExecutor.java:617)
[INFO] [talledLocalContainer]  java.lang.Thread.run(Thread.java:745)
[INFO] [talledLocalContainer] Dec 21, 2017 1:04:09 PM org.apache.catalina.loader.WebappClassLoaderBase clearReferencesThreads
[WARNING] [talledLocalContainer] WARNING: The web application [confluence] appears to have started a thread named [process-utils:idle] but has failed to stop it. This is very likely to create a memory leak. Stack trace of thread:
[INFO] [talledLocalContainer]  sun.misc.Unsafe.park(Native Method)
[INFO] [talledLocalContainer]  java.util.concurrent.locks.LockSupport.park(LockSupport.java:175)
[INFO] [talledLocalContainer]  java.util.concurrent.SynchronousQueue$TransferStack.awaitFulfill(SynchronousQueue.java:458)
[INFO] [talledLocalContainer]  java.util.concurrent.SynchronousQueue$TransferStack.transfer(SynchronousQueue.java:362)
[INFO] [talledLocalContainer]  java.util.concurrent.SynchronousQueue.take(SynchronousQueue.java:924)
[INFO] [talledLocalContainer]  java.util.concurrent.ThreadPoolExecutor.getTask(ThreadPoolExecutor.java:1067)
[INFO] [talledLocalContainer]  java.util.concurrent.ThreadPoolExecutor.runWorker(ThreadPoolExecutor.java:1127)
[INFO] [talledLocalContainer]  java.util.concurrent.ThreadPoolExecutor$Worker.run(ThreadPoolExecutor.java:617)
[INFO] [talledLocalContainer]  java.lang.Thread.run(Thread.java:745)
[INFO] [talledLocalContainer] Dec 21, 2017 1:04:09 PM org.apache.catalina.loader.WebappClassLoaderBase clearReferencesThreads
[WARNING] [talledLocalContainer] WARNING: The web application [confluence] appears to have started a thread named [process-utils:idle] but has failed to stop it. This is very likely to create a memory leak. Stack trace of thread:
[INFO] [talledLocalContainer]  sun.misc.Unsafe.park(Native Method)
[INFO] [talledLocalContainer]  java.util.concurrent.locks.LockSupport.park(LockSupport.java:175)
[INFO] [talledLocalContainer]  java.util.concurrent.SynchronousQueue$TransferStack.awaitFulfill(SynchronousQueue.java:458)
[INFO] [talledLocalContainer]  java.util.concurrent.SynchronousQueue$TransferStack.transfer(SynchronousQueue.java:362)
[INFO] [talledLocalContainer]  java.util.concurrent.SynchronousQueue.take(SynchronousQueue.java:924)
[INFO] [talledLocalContainer]  java.util.concurrent.ThreadPoolExecutor.getTask(ThreadPoolExecutor.java:1067)
[INFO] [talledLocalContainer]  java.util.concurrent.ThreadPoolExecutor.runWorker(ThreadPoolExecutor.java:1127)
[INFO] [talledLocalContainer]  java.util.concurrent.ThreadPoolExecutor$Worker.run(ThreadPoolExecutor.java:617)
[INFO] [talledLocalContainer]  java.lang.Thread.run(Thread.java:745)
[INFO] [talledLocalContainer] Dec 21, 2017 1:04:09 PM org.apache.catalina.loader.WebappClassLoaderBase clearReferencesThreads
[WARNING] [talledLocalContainer] WARNING: The web application [confluence] appears to have started a thread named [Caesium-1-1] but has failed to stop it. This is very likely to create a memory leak. Stack trace of thread:
[INFO] [talledLocalContainer]  sun.misc.Unsafe.park(Native Method)
[INFO] [talledLocalContainer]  java.util.concurrent.locks.LockSupport.parkNanos(LockSupport.java:215)
[INFO] [talledLocalContainer]  java.util.concurrent.locks.AbstractQueuedSynchronizer$ConditionObject.await(AbstractQueuedSynchronizer.java:2163)
[INFO] [talledLocalContainer]  com.atlassian.scheduler.caesium.impl.SchedulerQueueImpl.takeUnderLock(SchedulerQueueImpl.java:303)
[INFO] [talledLocalContainer]  com.atlassian.scheduler.caesium.impl.SchedulerQueueImpl.take(SchedulerQueueImpl.java:246)
[INFO] [talledLocalContainer]  com.atlassian.scheduler.caesium.impl.SchedulerQueueWorker.executeNextJob(SchedulerQueueWorker.java:53)
[INFO] [talledLocalContainer]  com.atlassian.scheduler.caesium.impl.SchedulerQueueWorker.run(SchedulerQueueWorker.java:34)
[INFO] [talledLocalContainer]  java.lang.Thread.run(Thread.java:745)
[INFO] [talledLocalContainer] Dec 21, 2017 1:04:09 PM org.apache.catalina.loader.WebappClassLoaderBase clearReferencesThreads
[WARNING] [talledLocalContainer] WARNING: The web application [confluence] appears to have started a thread named [Caesium-1-2] but has failed to stop it. This is very likely to create a memory leak. Stack trace of thread:
[INFO] [talledLocalContainer]  sun.misc.Unsafe.park(Native Method)
[INFO] [talledLocalContainer]  java.util.concurrent.locks.LockSupport.parkNanos(LockSupport.java:215)
[INFO] [talledLocalContainer]  java.util.concurrent.locks.AbstractQueuedSynchronizer$ConditionObject.await(AbstractQueuedSynchronizer.java:2163)
[INFO] [talledLocalContainer]  com.atlassian.scheduler.caesium.impl.SchedulerQueueImpl.takeUnderLock(SchedulerQueueImpl.java:303)
[INFO] [talledLocalContainer]  com.atlassian.scheduler.caesium.impl.SchedulerQueueImpl.take(SchedulerQueueImpl.java:246)
[INFO] [talledLocalContainer]  com.atlassian.scheduler.caesium.impl.SchedulerQueueWorker.executeNextJob(SchedulerQueueWorker.java:53)
[INFO] [talledLocalContainer]  com.atlassian.scheduler.caesium.impl.SchedulerQueueWorker.run(SchedulerQueueWorker.java:34)
[INFO] [talledLocalContainer]  java.lang.Thread.run(Thread.java:745)
[INFO] [talledLocalContainer] Dec 21, 2017 1:04:09 PM org.apache.catalina.loader.WebappClassLoaderBase clearReferencesThreads
[WARNING] [talledLocalContainer] WARNING: The web application [confluence] appears to have started a thread named [Caesium-1-3] but has failed to stop it. This is very likely to create a memory leak. Stack trace of thread:
[INFO] [talledLocalContainer]  sun.misc.Unsafe.park(Native Method)
[INFO] [talledLocalContainer]  java.util.concurrent.locks.LockSupport.parkNanos(LockSupport.java:215)
[INFO] [talledLocalContainer]  java.util.concurrent.locks.AbstractQueuedSynchronizer$ConditionObject.await(AbstractQueuedSynchronizer.java:2163)
[INFO] [talledLocalContainer]  com.atlassian.scheduler.caesium.impl.SchedulerQueueImpl.takeUnderLock(SchedulerQueueImpl.java:303)
[INFO] [talledLocalContainer]  com.atlassian.scheduler.caesium.impl.SchedulerQueueImpl.take(SchedulerQueueImpl.java:246)
[INFO] [talledLocalContainer]  com.atlassian.scheduler.caesium.impl.SchedulerQueueWorker.executeNextJob(SchedulerQueueWorker.java:53)
[INFO] [talledLocalContainer]  com.atlassian.scheduler.caesium.impl.SchedulerQueueWorker.run(SchedulerQueueWorker.java:34)
[INFO] [talledLocalContainer]  java.lang.Thread.run(Thread.java:745)
[INFO] [talledLocalContainer] Dec 21, 2017 1:04:09 PM org.apache.catalina.loader.WebappClassLoaderBase clearReferencesThreads
[WARNING] [talledLocalContainer] WARNING: The web application [confluence] appears to have started a thread named [Caesium-1-4] but has failed to stop it. This is very likely to create a memory leak. Stack trace of thread:
[INFO] [talledLocalContainer]  sun.misc.Unsafe.park(Native Method)
[INFO] [talledLocalContainer]  java.util.concurrent.locks.LockSupport.parkNanos(LockSupport.java:215)
[INFO] [talledLocalContainer]  java.util.concurrent.locks.AbstractQueuedSynchronizer$ConditionObject.await(AbstractQueuedSynchronizer.java:2163)
[INFO] [talledLocalContainer]  com.atlassian.scheduler.caesium.impl.SchedulerQueueImpl.takeUnderLock(SchedulerQueueImpl.java:303)
[INFO] [talledLocalContainer]  com.atlassian.scheduler.caesium.impl.SchedulerQueueImpl.take(SchedulerQueueImpl.java:246)
[INFO] [talledLocalContainer]  com.atlassian.scheduler.caesium.impl.SchedulerQueueWorker.executeNextJob(SchedulerQueueWorker.java:53)
[INFO] [talledLocalContainer]  com.atlassian.scheduler.caesium.impl.SchedulerQueueWorker.run(SchedulerQueueWorker.java:34)
[INFO] [talledLocalContainer]  java.lang.Thread.run(Thread.java:745)
[INFO] [talledLocalContainer] Dec 21, 2017 1:04:09 PM org.apache.catalina.loader.WebappClassLoaderBase checkThreadLocalMapForLeaks
[INFO] [talledLocalContainer] SEVERE: The web application [confluence] created a ThreadLocal with key of type [com.opensymphony.xwork.ActionContext.ActionContextThreadLocal] (value [com.opensymphony.xwork.ActionContext$ActionContextThreadLocal@2885e601]) and a value of type [com.opensymphony.xwork.ActionContext] (value [com.opensymphony.xwork.ActionContext@50b2999a]) but failed to remove it when the web application was stopped. Threads are going to be renewed over time to try and avoid a probable memory leak.
[INFO] [talledLocalContainer] Dec 21, 2017 1:04:09 PM org.apache.catalina.loader.WebappClassLoaderBase checkThreadLocalMapForLeaks
[INFO] [talledLocalContainer] SEVERE: The web application [confluence] created a ThreadLocal with key of type [com.opensymphony.xwork.ActionContext.ActionContextThreadLocal] (value [com.opensymphony.xwork.ActionContext$ActionContextThreadLocal@2885e601]) and a value of type [com.opensymphony.xwork.ActionContext] (value [com.opensymphony.xwork.ActionContext@2f626bcf]) but failed to remove it when the web application was stopped. Threads are going to be renewed over time to try and avoid a probable memory leak.
[INFO] [talledLocalContainer] Dec 21, 2017 1:04:09 PM org.apache.catalina.loader.WebappClassLoaderBase checkThreadLocalMapForLeaks
[INFO] [talledLocalContainer] SEVERE: The web application [confluence] created a ThreadLocal with key of type [com.opensymphony.xwork.ActionContext.ActionContextThreadLocal] (value [com.opensymphony.xwork.ActionContext$ActionContextThreadLocal@2885e601]) and a value of type [com.opensymphony.xwork.ActionContext] (value [com.opensymphony.xwork.ActionContext@5fef2097]) but failed to remove it when the web application was stopped. Threads are going to be renewed over time to try and avoid a probable memory leak.
[INFO] [talledLocalContainer] Dec 21, 2017 1:04:09 PM org.apache.catalina.loader.WebappClassLoaderBase checkThreadLocalMapForLeaks
[INFO] [talledLocalContainer] SEVERE: The web application [confluence] created a ThreadLocal with key of type [com.opensymphony.xwork.ActionContext.ActionContextThreadLocal] (value [com.opensymphony.xwork.ActionContext$ActionContextThreadLocal@2885e601]) and a value of type [com.opensymphony.xwork.ActionContext] (value [com.opensymphony.xwork.ActionContext@a28e]) but failed to remove it when the web application was stopped. Threads are going to be renewed over time to try and avoid a probable memory leak.
[INFO] [talledLocalContainer] Dec 21, 2017 1:04:09 PM org.apache.catalina.loader.WebappClassLoaderBase checkThreadLocalMapForLeaks
[INFO] [talledLocalContainer] SEVERE: The web application [confluence] created a ThreadLocal with key of type [com.opensymphony.xwork.ActionContext.ActionContextThreadLocal] (value [com.opensymphony.xwork.ActionContext$ActionContextThreadLocal@2885e601]) and a value of type [com.opensymphony.xwork.ActionContext] (value [com.opensymphony.xwork.ActionContext@443a855d]) but failed to remove it when the web application was stopped. Threads are going to be renewed over time to try and avoid a probable memory leak.
[INFO] [talledLocalContainer] Dec 21, 2017 1:04:09 PM org.apache.catalina.loader.WebappClassLoaderBase checkThreadLocalsForLeaks
[WARNING] [talledLocalContainer] WARNING: Failed to check for ThreadLocal references for web application [confluence]
[INFO] [talledLocalContainer] java.lang.NoClassDefFoundError: com/sun/jna/Structure$FFIType
[INFO] [talledLocalContainer] 	at java.lang.Class.getDeclaringClass0(Native Method)
[INFO] [talledLocalContainer] 	at java.lang.Class.getDeclaringClass(Class.java:1235)
[INFO] [talledLocalContainer] 	at java.lang.Class.getEnclosingClass(Class.java:1277)
[INFO] [talledLocalContainer] 	at java.lang.Class.getCanonicalName(Class.java:1392)
[INFO] [talledLocalContainer] 	at org.apache.catalina.loader.WebappClassLoaderBase.getPrettyClassName(WebappClassLoaderBase.java:2162)
[INFO] [talledLocalContainer] 	at org.apache.catalina.loader.WebappClassLoaderBase.checkThreadLocalMapForLeaks(WebappClassLoaderBase.java:2126)
[INFO] [talledLocalContainer] 	at org.apache.catalina.loader.WebappClassLoaderBase.checkThreadLocalsForLeaks(WebappClassLoaderBase.java:2061)
[INFO] [talledLocalContainer] 	at org.apache.catalina.loader.WebappClassLoaderBase.clearReferences(WebappClassLoaderBase.java:1574)
[INFO] [talledLocalContainer] 	at org.apache.catalina.loader.WebappClassLoaderBase.stop(WebappClassLoaderBase.java:1520)
[INFO] [talledLocalContainer] 	at org.apache.catalina.loader.WebappLoader.stopInternal(WebappLoader.java:446)
[INFO] [talledLocalContainer] 	at org.apache.catalina.util.LifecycleBase.stop(LifecycleBase.java:224)
[INFO] [talledLocalContainer] 	at org.apache.catalina.core.StandardContext.stopInternal(StandardContext.java:5561)
[INFO] [talledLocalContainer] 	at org.apache.catalina.util.LifecycleBase.stop(LifecycleBase.java:224)
[INFO] [talledLocalContainer] 	at org.apache.catalina.core.ContainerBase$StopChild.call(ContainerBase.java:1423)
[INFO] [talledLocalContainer] 	at org.apache.catalina.core.ContainerBase$StopChild.call(ContainerBase.java:1412)
[INFO] [talledLocalContainer] 	at java.util.concurrent.FutureTask.run(FutureTask.java:266)
[INFO] [talledLocalContainer] 	at java.util.concurrent.ThreadPoolExecutor.runWorker(ThreadPoolExecutor.java:1142)
[INFO] [talledLocalContainer] 	at java.util.concurrent.ThreadPoolExecutor$Worker.run(ThreadPoolExecutor.java:617)
[INFO] [talledLocalContainer] 	at java.lang.Thread.run(Thread.java:745)
[INFO] [talledLocalContainer] 
[INFO] [talledLocalContainer] Dec 21, 2017 1:04:09 PM org.apache.coyote.AbstractProtocol stop
[INFO] [talledLocalContainer] INFO: Stopping ProtocolHandler ["http-nio-1990"]
[INFO] [talledLocalContainer] Dec 21, 2017 1:04:09 PM org.apache.coyote.AbstractProtocol stop
[INFO] [talledLocalContainer] INFO: Stopping ProtocolHandler ["ajp-nio-8009"]
[INFO] [talledLocalContainer] Dec 21, 2017 1:04:09 PM org.apache.coyote.AbstractProtocol destroy
[INFO] [talledLocalContainer] INFO: Destroying ProtocolHandler ["http-nio-1990"]
[INFO] [talledLocalContainer] Dec 21, 2017 1:04:09 PM org.apache.coyote.AbstractProtocol destroy
[INFO] [talledLocalContainer] INFO: Destroying ProtocolHandler ["ajp-nio-8009"]
[INFO] [talledLocalContainer] 2017-12-21 13:04:09,599 WARN [synchrony-interop-executor:thread-1] [plugins.synchrony.bootstrap.DefaultSynchronyProxyMonitor] pollHealthcheck Could not ping the synchrony-proxy [http://127.0.0.1:1990/synchrony-proxy/healthcheck]: {}
[INFO] [talledLocalContainer] java.net.SocketException: Connection reset
[INFO] [talledLocalContainer] 	at java.net.SocketInputStream.read(SocketInputStream.java:209)
[INFO] [talledLocalContainer] 	at java.net.SocketInputStream.read(SocketInputStream.java:141)
[INFO] [talledLocalContainer] 	at org.apache.http.impl.io.SessionInputBufferImpl.streamRead(SessionInputBufferImpl.java:137)
[INFO] [talledLocalContainer] 	at org.apache.http.impl.io.SessionInputBufferImpl.fillBuffer(SessionInputBufferImpl.java:153)
[INFO] [talledLocalContainer] 	at org.apache.http.impl.io.SessionInputBufferImpl.readLine(SessionInputBufferImpl.java:282)
[INFO] [talledLocalContainer] 	at org.apache.http.impl.conn.DefaultHttpResponseParser.parseHead(DefaultHttpResponseParser.java:138)
[INFO] [talledLocalContainer] 	at org.apache.http.impl.conn.DefaultHttpResponseParser.parseHead(DefaultHttpResponseParser.java:56)
[INFO] [talledLocalContainer] 	at org.apache.http.impl.io.AbstractMessageParser.parse(AbstractMessageParser.java:259)
[INFO] [talledLocalContainer] 	at org.apache.http.impl.DefaultBHttpClientConnection.receiveResponseHeader(DefaultBHttpClientConnection.java:163)
[INFO] [talledLocalContainer] 	at org.apache.http.impl.conn.CPoolProxy.receiveResponseHeader(CPoolProxy.java:165)
[INFO] [talledLocalContainer] 	at org.apache.http.protocol.HttpRequestExecutor.doReceiveResponse(HttpRequestExecutor.java:273)
[INFO] [talledLocalContainer] 	at org.apache.http.protocol.HttpRequestExecutor.execute(HttpRequestExecutor.java:125)
[INFO] [talledLocalContainer] 	at org.apache.http.impl.execchain.MainClientExec.execute(MainClientExec.java:272)
[INFO] [talledLocalContainer] 	at org.apache.http.impl.execchain.ProtocolExec.execute(ProtocolExec.java:185)
[INFO] [talledLocalContainer] 	at org.apache.http.impl.client.InternalHttpClient.doExecute(InternalHttpClient.java:185)
[INFO] [talledLocalContainer] 	at org.apache.http.impl.client.CloseableHttpClient.execute(CloseableHttpClient.java:83)
[INFO] [talledLocalContainer] 	at org.apache.http.impl.client.CloseableHttpClient.execute(CloseableHttpClient.java:108)
[INFO] [talledLocalContainer] 	at com.atlassian.confluence.plugins.synchrony.bootstrap.DefaultSynchronyProxyMonitor.pollHealthcheck(DefaultSynchronyProxyMonitor.java:76)
[INFO] [talledLocalContainer] 	at java.util.concurrent.Executors$RunnableAdapter.call(Executors.java:511)
[INFO] [talledLocalContainer] 	at java.util.concurrent.FutureTask.runAndReset(FutureTask.java:308)
[INFO] [talledLocalContainer] 	at java.util.concurrent.ScheduledThreadPoolExecutor$ScheduledFutureTask.access$301(ScheduledThreadPoolExecutor.java:180)
[INFO] [talledLocalContainer] 	at java.util.concurrent.ScheduledThreadPoolExecutor$ScheduledFutureTask.run(ScheduledThreadPoolExecutor.java:294)
[INFO] [talledLocalContainer] 	at java.util.concurrent.ThreadPoolExecutor.runWorker(ThreadPoolExecutor.java:1142)
[INFO] [talledLocalContainer] 	at java.util.concurrent.ThreadPoolExecutor$Worker.run(ThreadPoolExecutor.java:617)
[INFO] [talledLocalContainer] 	at java.lang.Thread.run(Thread.java:745)
[INFO] [talledLocalContainer] Tomcat 8.x is stopped
[INFO] amps:stop in 16s
[INFO] ------------------------------------------------------------------------
[INFO] BUILD SUCCESS
[INFO] ------------------------------------------------------------------------
[INFO] Total time: 02:28 min
[INFO] Finished at: 2017-12-21T13:04:14+01:00
[INFO] Final Memory: 40M/343M
[INFO] ------------------------------------------------------------------------
